<!doctype html public "-//w3c//dtd html 4.0 transitional//en">
<html><head>
<title>Static Call Graph - [.\obj\BLE.axf]</title></head>
<body><HR>
<H1>Static Call Graph for image .\obj\BLE.axf</H1><HR>
<BR><P>#&#060CALLGRAPH&#062# ARM Linker, 5060750: Last Updated: Sat Jan 11 11:06:49 2020
<BR><P>
<H3>Maximum Stack Usage =        552 bytes + Unknown(Cycles, Untraceable Function Pointers)</H3><H3>
Call chain for Maximum Stack Depth:</H3>
GAPRole_PeripheralProcessEvent &rArr; gapRole_PeripheralProcessTMOSMsg &rArr; gapRole_PeripheralProcessGAPMsg &rArr; GAPBondMgr_LinkEst &rArr; GATTServApp_SendServiceChangedInd &rArr; GATT_ServiceChangedInd &rArr; GATT_Indication &rArr; ATT_HandleValueInd &rArr; attSendMsg &rArr; SM_GenerateAuthenSig &rArr; sm_CMAC &rArr; generate_subkey &rArr; LL_Encrypt &rArr; AES128_ECB_encrypt &rArr; MixColumns
<P>
<H3>
Mutually Recursive functions
</H3> <LI><a href="#[18]">NMI_Handler</a>&nbsp;&nbsp;&nbsp;&rArr;&nbsp;&nbsp;&nbsp;<a href="#[18]">NMI_Handler</a><BR>
 <LI><a href="#[1a]">SVC_Handler</a>&nbsp;&nbsp;&nbsp;&rArr;&nbsp;&nbsp;&nbsp;<a href="#[1a]">SVC_Handler</a><BR>
 <LI><a href="#[1b]">PendSV_Handler</a>&nbsp;&nbsp;&nbsp;&rArr;&nbsp;&nbsp;&nbsp;<a href="#[1b]">PendSV_Handler</a><BR>
 <LI><a href="#[1c]">SysTick_Handler</a>&nbsp;&nbsp;&nbsp;&rArr;&nbsp;&nbsp;&nbsp;<a href="#[1c]">SysTick_Handler</a><BR>
 <LI><a href="#[2a]">ADC_IRQHandler</a>&nbsp;&nbsp;&nbsp;&rArr;&nbsp;&nbsp;&nbsp;<a href="#[2a]">ADC_IRQHandler</a><BR>
</UL>
<P>
<H3>
Function Pointers
</H3><UL>
 <LI><a href="#[2a]">ADC_IRQHandler</a> from startup_armcm0.o(.text) referenced from startup_armcm0.o(RESET)
 <LI><a href="#[39]">ATT_BuildErrorRsp</a> from att.o(i.ATT_BuildErrorRsp) referenced from att.o(i.ATT_ErrorRsp)
 <LI><a href="#[3a]">ATT_BuildExchangeMTUReq</a> from att_client.o(i.ATT_BuildExchangeMTUReq) referenced from att_client.o(i.ATT_ExchangeMTUReq)
 <LI><a href="#[3b]">ATT_BuildExchangeMTURsp</a> from att_server.o(i.ATT_BuildExchangeMTURsp) referenced from att_server.o(i.ATT_ExchangeMTURsp)
 <LI><a href="#[3c]">ATT_BuildExecuteWriteReq</a> from att_client.o(i.ATT_BuildExecuteWriteReq) referenced from att_client.o(i.ATT_ExecuteWriteReq)
 <LI><a href="#[3d]">ATT_BuildFindByTypeValueReq</a> from att_client.o(i.ATT_BuildFindByTypeValueReq) referenced from att_client.o(i.ATT_FindByTypeValueReq)
 <LI><a href="#[3e]">ATT_BuildFindByTypeValueRsp</a> from att_server.o(i.ATT_BuildFindByTypeValueRsp) referenced from att_server.o(i.ATT_FindByTypeValueRsp)
 <LI><a href="#[3f]">ATT_BuildFindInfoReq</a> from att_client.o(i.ATT_BuildFindInfoReq) referenced from att_client.o(i.ATT_FindInfoReq)
 <LI><a href="#[40]">ATT_BuildFindInfoRsp</a> from att_server.o(i.ATT_BuildFindInfoRsp) referenced from att_server.o(i.ATT_FindInfoRsp)
 <LI><a href="#[41]">ATT_BuildHandleValueInd</a> from att_server.o(i.ATT_BuildHandleValueInd) referenced from att_server.o(i.ATT_HandleValueInd)
 <LI><a href="#[41]">ATT_BuildHandleValueInd</a> from att_server.o(i.ATT_BuildHandleValueInd) referenced from att_server.o(i.ATT_HandleValueNoti)
 <LI><a href="#[42]">ATT_BuildPrepareWriteReq</a> from att_client.o(i.ATT_BuildPrepareWriteReq) referenced from att_client.o(i.ATT_PrepareWriteReq)
 <LI><a href="#[43]">ATT_BuildPrepareWriteRsp</a> from att_server.o(i.ATT_BuildPrepareWriteRsp) referenced from att_server.o(i.ATT_PrepareWriteRsp)
 <LI><a href="#[44]">ATT_BuildReadBlobReq</a> from att_client.o(i.ATT_BuildReadBlobReq) referenced from att_client.o(i.ATT_ReadBlobReq)
 <LI><a href="#[45]">ATT_BuildReadBlobRsp</a> from att_server.o(i.ATT_BuildReadBlobRsp) referenced from att_server.o(i.ATT_ReadBlobRsp)
 <LI><a href="#[47]">ATT_BuildReadByGrpTypeRsp</a> from att_server.o(i.ATT_BuildReadByGrpTypeRsp) referenced from att_server.o(i.ATT_ReadByGrpTypeRsp)
 <LI><a href="#[46]">ATT_BuildReadByTypeReq</a> from att_client.o(i.ATT_BuildReadByTypeReq) referenced from att_client.o(i.ATT_ReadByGrpTypeReq)
 <LI><a href="#[46]">ATT_BuildReadByTypeReq</a> from att_client.o(i.ATT_BuildReadByTypeReq) referenced from att_client.o(i.ATT_ReadByTypeReq)
 <LI><a href="#[48]">ATT_BuildReadByTypeRsp</a> from att_server.o(i.ATT_BuildReadByTypeRsp) referenced from att_server.o(i.ATT_ReadByTypeRsp)
 <LI><a href="#[49]">ATT_BuildReadMultiRsp</a> from att_server.o(i.ATT_BuildReadMultiRsp) referenced from att_server.o(i.ATT_ReadMultiRsp)
 <LI><a href="#[4a]">ATT_BuildReadReq</a> from att_client.o(i.ATT_BuildReadReq) referenced from att_client.o(i.ATT_ReadReq)
 <LI><a href="#[4b]">ATT_BuildReadRsp</a> from att_server.o(i.ATT_BuildReadRsp) referenced from att_server.o(i.ATT_ReadRsp)
 <LI><a href="#[4c]">ATT_BuildWriteReq</a> from att_client.o(i.ATT_BuildWriteReq) referenced from att_client.o(i.ATT_WriteReq)
 <LI><a href="#[9e]">ATT_ParseExchangeMTUReq</a> from att_server.o(i.ATT_ParseExchangeMTUReq) referenced from gattservapp.o(.constdata)
 <LI><a href="#[61]">ATT_ParseExchangeMTURsp</a> from att_client.o(i.ATT_ParseExchangeMTURsp) referenced from gatt.o(i.GATT_ExchangeMTU)
 <LI><a href="#[b0]">ATT_ParseExecuteWriteReq</a> from att_server.o(i.ATT_ParseExecuteWriteReq) referenced from gattservapp.o(.constdata)
 <LI><a href="#[7a]">ATT_ParseExecuteWriteRsp</a> from att_client.o(i.ATT_ParseExecuteWriteRsp) referenced from gatt.o(i.gattProcessReliableWrites)
 <LI><a href="#[7a]">ATT_ParseExecuteWriteRsp</a> from att_client.o(i.ATT_ParseExecuteWriteRsp) referenced from gatt.o(i.gattProcessWriteLong)
 <LI><a href="#[a2]">ATT_ParseFindByTypeValueReq</a> from att_server.o(i.ATT_ParseFindByTypeValueReq) referenced from gattservapp.o(.constdata)
 <LI><a href="#[60]">ATT_ParseFindByTypeValueRsp</a> from att_client.o(i.ATT_ParseFindByTypeValueRsp) referenced from gatt.o(i.GATT_DiscPrimaryServiceByUUID)
 <LI><a href="#[a0]">ATT_ParseFindInfoReq</a> from att_server.o(i.ATT_ParseFindInfoReq) referenced from gattservapp.o(.constdata)
 <LI><a href="#[ae]">ATT_ParsePrepareWriteReq</a> from att_server.o(i.ATT_ParsePrepareWriteReq) referenced from gattservapp.o(.constdata)
 <LI><a href="#[a8]">ATT_ParseReadBlobReq</a> from att_server.o(i.ATT_ParseReadBlobReq) referenced from gattservapp.o(.constdata)
 <LI><a href="#[a4]">ATT_ParseReadByTypeReq</a> from att_server.o(i.ATT_ParseReadByTypeReq) referenced 2 times from gattservapp.o(.constdata)
 <LI><a href="#[7c]">ATT_ParseReadByTypeRsp</a> from att_client.o(i.ATT_ParseReadByTypeRsp) referenced from gatt.o(i.gattReadByType)
 <LI><a href="#[a9]">ATT_ParseReadMultiReq</a> from att_server.o(i.ATT_ParseReadMultiReq) referenced from gattservapp.o(.constdata)
 <LI><a href="#[a6]">ATT_ParseReadReq</a> from att_server.o(i.ATT_ParseReadReq) referenced from gattservapp.o(.constdata)
 <LI><a href="#[7b]">ATT_ParseReadRsp</a> from att_client.o(i.ATT_ParseReadRsp) referenced from gatt.o(i.gattRead)
 <LI><a href="#[ac]">ATT_ParseWriteReq</a> from att_server.o(i.ATT_ParseWriteReq) referenced from gattservapp.o(.constdata)
 <LI><a href="#[7e]">ATT_ParseWriteRsp</a> from att_client.o(i.ATT_ParseWriteRsp) referenced from gatt.o(i.gattWrite)
 <LI><a href="#[21]">BB_IRQHandler</a> from startup_armcm0.o(.text) referenced from startup_armcm0.o(RESET)
 <LI><a href="#[32]">Central_ProcessEvent</a> from central.o(.text) referenced from central.o(.text)
 <LI><a href="#[24]">ETH_IRQHandler</a> from startup_armcm0.o(.text) referenced from startup_armcm0.o(RESET)
 <LI><a href="#[53]">GAPBondMgr_ProcessEvent</a> from gapbondmgr.o(i.GAPBondMgr_ProcessEvent) referenced from role.o(i.GAPRole_CentralInit)
 <LI><a href="#[53]">GAPBondMgr_ProcessEvent</a> from gapbondmgr.o(i.GAPBondMgr_ProcessEvent) referenced from role.o(i.GAPRole_PeripheralInit)
 <LI><a href="#[4e]">GAPRole_CentralProcessEvent</a> from central.o(i.GAPRole_CentralProcessEvent) referenced from central.o(i.GAPRole_CentralEnable)
 <LI><a href="#[55]">GAPRole_PeripheralProcessEvent</a> from peripheral.o(i.GAPRole_PeripheralProcessEvent) referenced from peripheral.o(i.GAPRole_PeripheralEnable)
 <LI><a href="#[50]">GAP_ProcessEvent</a> from gap.o(i.GAP_ProcessEvent) referenced from role.o(i.GAPRole_CentralInit)
 <LI><a href="#[50]">GAP_ProcessEvent</a> from gap.o(i.GAP_ProcessEvent) referenced from role.o(i.GAPRole_PeripheralInit)
 <LI><a href="#[54]">GATTServApp_ProcessEvent</a> from gattservapp.o(i.GATTServApp_ProcessEvent) referenced from role.o(i.GAPRole_CentralInit)
 <LI><a href="#[54]">GATTServApp_ProcessEvent</a> from gattservapp.o(i.GATTServApp_ProcessEvent) referenced from role.o(i.GAPRole_PeripheralInit)
 <LI><a href="#[51]">GATT_ProcessEvent</a> from gatt.o(i.GATT_ProcessEvent) referenced from role.o(i.GAPRole_CentralInit)
 <LI><a href="#[51]">GATT_ProcessEvent</a> from gatt.o(i.GATT_ProcessEvent) referenced from role.o(i.GAPRole_PeripheralInit)
 <LI><a href="#[1e]">GPIO_IRQHandler</a> from startup_armcm0.o(.text) referenced from startup_armcm0.o(RESET)
 <LI><a href="#[38]">HAL_ProcessEvent</a> from mcu.o(.text) referenced from mcu.o(.text)
 <LI><a href="#[19]">HardFault_Handler</a> from startup_armcm0.o(.text) referenced from startup_armcm0.o(RESET)
 <LI><a href="#[4f]">L2CAP_ProcessEvent</a> from l2cap.o(i.L2CAP_ProcessEvent) referenced from role.o(i.GAPRole_CentralInit)
 <LI><a href="#[4f]">L2CAP_ProcessEvent</a> from l2cap.o(i.L2CAP_ProcessEvent) referenced from role.o(i.GAPRole_PeripheralInit)
 <LI><a href="#[2c]">LED_IRQHandler</a> from startup_armcm0.o(.text) referenced from startup_armcm0.o(RESET)
 <LI><a href="#[22]">LLE_IRQHandler</a> from mcu.o(.text) referenced from startup_armcm0.o(RESET)
 <LI><a href="#[6e]">LL_ProcessEvent</a> from ll.o(i.LL_ProcessEvent) referenced from ll_advertise.o(i.LL_AdvertiseEnalbe)
 <LI><a href="#[6e]">LL_ProcessEvent</a> from ll.o(i.LL_ProcessEvent) referenced from ll_scan.o(i.LL_ScanEnable)
 <LI><a href="#[18]">NMI_Handler</a> from startup_armcm0.o(.text) referenced from startup_armcm0.o(RESET)
 <LI><a href="#[1b]">PendSV_Handler</a> from startup_armcm0.o(.text) referenced from startup_armcm0.o(RESET)
 <LI><a href="#[77]">RTC_GetTickCount</a> from tmos_hw.o(i.RTC_GetTickCount) referenced from tmos_hw.o(i.TMOS_TimerInit)
 <LI><a href="#[78]">RTC_IRQCallBack</a> from tmos_hw.o(i.RTC_IRQCallBack) referenced from tmos_hw.o(i.TMOS_TimerInit)
 <LI><a href="#[29]">RTC_IRQHandler</a> from rtc.o(.text) referenced from startup_armcm0.o(RESET)
 <LI><a href="#[17]">Reset_Handler</a> from startup_armcm0.o(.text) referenced from startup_armcm0.o(RESET)
 <LI><a href="#[1f]">SLAVE_IRQHandler</a> from startup_armcm0.o(.text) referenced from startup_armcm0.o(RESET)
 <LI><a href="#[52]">SM_ProcessEvent</a> from sm.o(i.SM_ProcessEvent) referenced from role.o(i.GAPRole_CentralInit)
 <LI><a href="#[52]">SM_ProcessEvent</a> from sm.o(i.SM_ProcessEvent) referenced from role.o(i.GAPRole_PeripheralInit)
 <LI><a href="#[13]">SM_StartEncryption</a> from sm.o(i.SM_StartEncryption) referenced 2 times from sm.o(.data)
 <LI><a href="#[13]">SM_StartEncryption</a> from sm.o(i.SM_StartEncryption) referenced from sm.o(i.SM_ParamInit)
 <LI><a href="#[20]">SPI0_IRQHandler</a> from startup_armcm0.o(.text) referenced from startup_armcm0.o(RESET)
 <LI><a href="#[2b]">SPI1_IRQHandler</a> from startup_armcm0.o(.text) referenced from startup_armcm0.o(RESET)
 <LI><a href="#[1a]">SVC_Handler</a> from startup_armcm0.o(.text) referenced from startup_armcm0.o(RESET)
 <LI><a href="#[37]">SYS_GetSysTickCnt</a> from ch57x_sys.o(.text) referenced from mcu.o(.text)
 <LI><a href="#[33]">SimpleBLEPeripheral_ProcessEvent</a> from peripheral.o(.text) referenced from peripheral.o(.text)
 <LI><a href="#[1c]">SysTick_Handler</a> from startup_armcm0.o(.text) referenced from startup_armcm0.o(RESET)
 <LI><a href="#[35]">SystemInit</a> from ch57x_clk.o(.text) referenced from startup_armcm0.o(.text)
 <LI><a href="#[76]">TMOS_CbTimerProcessEvent</a> from tmos.o(i.TMOS_CbTimerProcessEvent) referenced from tmos.o(i.TMOS_Init)
 <LI><a href="#[1d]">TMR0_IRQHandler</a> from startup_armcm0.o(.text) referenced from startup_armcm0.o(RESET)
 <LI><a href="#[25]">TMR1_IRQHandler</a> from startup_armcm0.o(.text) referenced from startup_armcm0.o(RESET)
 <LI><a href="#[26]">TMR2_IRQHandler</a> from startup_armcm0.o(.text) referenced from startup_armcm0.o(RESET)
 <LI><a href="#[2d]">TMR3_IRQHandler</a> from startup_armcm0.o(.text) referenced from startup_armcm0.o(RESET)
 <LI><a href="#[27]">UART0_IRQHandler</a> from startup_armcm0.o(.text) referenced from startup_armcm0.o(RESET)
 <LI><a href="#[28]">UART1_IRQHandler</a> from startup_armcm0.o(.text) referenced from startup_armcm0.o(RESET)
 <LI><a href="#[2e]">UART2_IRQHandler</a> from startup_armcm0.o(.text) referenced from startup_armcm0.o(RESET)
 <LI><a href="#[2f]">UART3_IRQHandler</a> from startup_armcm0.o(.text) referenced from startup_armcm0.o(RESET)
 <LI><a href="#[23]">USB_IRQHandler</a> from startup_armcm0.o(.text) referenced from startup_armcm0.o(RESET)
 <LI><a href="#[30]">WDT_IRQHandler</a> from startup_armcm0.o(.text) referenced from startup_armcm0.o(RESET)
 <LI><a href="#[36]">__main</a> from entry.o(.ARM.Collect$$$$00000000) referenced from startup_armcm0.o(.text)
 <LI><a href="#[1]">centralEventCB</a> from central.o(.text) referenced 2 times from central.o(.data)
 <LI><a href="#[2]">centralHciMTUChangeCB</a> from central.o(.text) referenced 2 times from central.o(.data)
 <LI><a href="#[4]">centralPairStateCB</a> from central.o(.text) referenced 2 times from central.o(.data)
 <LI><a href="#[3]">centralPasscodeCB</a> from central.o(.text) referenced 2 times from central.o(.data)
 <LI><a href="#[0]">centralRssiCB</a> from central.o(.text) referenced 2 times from central.o(.data)
 <LI><a href="#[9]">devInfo_ReadAttrCB</a> from devinfoservice.o(.text) referenced 2 times from devinfoservice.o(.data)
 <LI><a href="#[79]">fputc</a> from ch57x_sys.o(.text) referenced from printf8.o(i.__0printf$8)
 <LI><a href="#[4d]">gapBondMgrSendServiceChange</a> from gapbondmgr.o(i.gapBondMgrSendServiceChange) referenced from gapbondmgr.o(i.GAPBondMgr_ServiceChangeInd)
 <LI><a href="#[10]">gapBondPairStateCB</a> from gapbondmgr.o(i.gapBondPairStateCB) referenced 2 times from gapbondmgr.o(.data)
 <LI><a href="#[10]">gapBondPairStateCB</a> from gapbondmgr.o(i.gapBondPairStateCB) referenced from gapbondmgr.o(i.GAPBondMgr_ParamInit)
 <LI><a href="#[f]">gapBondPasscodeCB</a> from gapbondmgr.o(i.gapBondPasscodeCB) referenced 2 times from gapbondmgr.o(.data)
 <LI><a href="#[f]">gapBondPasscodeCB</a> from gapbondmgr.o(i.gapBondPasscodeCB) referenced from gapbondmgr.o(i.GAPBondMgr_ParamInit)
 <LI><a href="#[58]">gapCancelLinkReq</a> from gap_central.o(i.gapCancelLinkReq) referenced from gap_central.o(i.GAP_CentralParamInit)
 <LI><a href="#[59]">gapCentProcessConnEvt</a> from gap_central.o(i.gapCentProcessConnEvt) referenced from gap_central.o(i.GAP_CentralParamInit)
 <LI><a href="#[56]">gapCentProcessHCICmdEvt</a> from gap_central.o(i.gapCentProcessHCICmdEvt) referenced from gap_central.o(i.GAP_CentralParamInit)
 <LI><a href="#[5d]">gapPeriProcessConnEvt</a> from gap_peripheral.o(i.gapPeriProcessConnEvt) referenced from gap_peripheral.o(i.GAP_PeripheralParamInit)
 <LI><a href="#[5a]">gapPeriProcessHCICmdCompleteEvt</a> from gap_peripheral.o(i.gapPeriProcessHCICmdCompleteEvt) referenced from gap_peripheral.o(i.GAP_PeripheralParamInit)
 <LI><a href="#[5b]">gapProcessAdvertisingEvt</a> from gap_peripheral.o(i.gapProcessAdvertisingEvt) referenced from gap_peripheral.o(i.GAP_PeripheralParamInit)
 <LI><a href="#[57]">gapProcessScanningEvt</a> from gap_central.o(i.gapProcessScanningEvt) referenced from gap_central.o(i.GAP_CentralParamInit)
 <LI><a href="#[5c]">gapSetAdvParams</a> from gap_peripheral.o(i.gapSetAdvParams) referenced from gap_peripheral.o(i.GAP_PeripheralParamInit)
 <LI><a href="#[65]">gattClientHandleConnStatusCB</a> from gattclientapp.o(i.gattClientHandleConnStatusCB) referenced from gattclientapp.o(i.GATT_InitClient)
 <LI><a href="#[7d]">gattClientHandleTimerCB</a> from gattclientapp.o(i.gattClientHandleTimerCB) referenced from gattclientapp.o(i.gattStoreClientInfo)
 <LI><a href="#[64]">gattClientNotifyTxCB</a> from gattclientapp.o(i.gattClientNotifyTxCB) referenced from gattclientapp.o(i.GATT_InitClient)
 <LI><a href="#[63]">gattClientProcessMsgCB</a> from gattclientapp.o(i.gattClientProcessMsgCB) referenced from gattclientapp.o(i.GATT_InitClient)
 <LI><a href="#[9f]">gattProcessExchangeMTUReq</a> from gattservapp.o(i.gattProcessExchangeMTUReq) referenced from gattservapp.o(.constdata)
 <LI><a href="#[b1]">gattProcessExecuteWriteReq</a> from gattservapp.o(i.gattProcessExecuteWriteReq) referenced from gattservapp.o(.constdata)
 <LI><a href="#[a3]">gattProcessFindByTypeValueReq</a> from gattservapp.o(i.gattProcessFindByTypeValueReq) referenced from gattservapp.o(.constdata)
 <LI><a href="#[a1]">gattProcessFindInfoReq</a> from gattservapp.o(i.gattProcessFindInfoReq) referenced from gattservapp.o(.constdata)
 <LI><a href="#[af]">gattProcessPrepareWriteReq</a> from gattservapp.o(i.gattProcessPrepareWriteReq) referenced from gattservapp.o(.constdata)
 <LI><a href="#[ab]">gattProcessReadByGrpTypeReq</a> from gattservapp.o(i.gattProcessReadByGrpTypeReq) referenced from gattservapp.o(.constdata)
 <LI><a href="#[a5]">gattProcessReadByTypeReq</a> from gattservapp.o(i.gattProcessReadByTypeReq) referenced from gattservapp.o(.constdata)
 <LI><a href="#[aa]">gattProcessReadMultiReq</a> from gattservapp.o(i.gattProcessReadMultiReq) referenced from gattservapp.o(.constdata)
 <LI><a href="#[a7]">gattProcessReadReq</a> from gattservapp.o(i.gattProcessReadReq) referenced 2 times from gattservapp.o(.constdata)
 <LI><a href="#[ad]">gattProcessWriteReq</a> from gattservapp.o(i.gattProcessWriteReq) referenced from gattservapp.o(.constdata)
 <LI><a href="#[5f]">gattServApp_HandleConnStatusCB</a> from gattservapp.o(i.gattServApp_HandleConnStatusCB) referenced from gattservapp.o(i.GATTServApp_Init)
 <LI><a href="#[e]">gattServApp_WriteAttrCB</a> from gattservapp.o(i.gattServApp_WriteAttrCB) referenced 2 times from gattservapp.o(.data)
 <LI><a href="#[e]">gattServApp_WriteAttrCB</a> from gattservapp.o(i.gattServApp_WriteAttrCB) referenced from gattservapp.o(i.GATTServApp_ParamInit)
 <LI><a href="#[68]">gattServerHandleConnStatusCB</a> from gattservapp.o(i.gattServerHandleConnStatusCB) referenced from gattservapp.o(i.GATT_InitServer)
 <LI><a href="#[62]">gattServerHandleTimerCB</a> from gattservapp.o(i.gattServerHandleTimerCB) referenced from gattservapp.o(i.GATT_Indication)
 <LI><a href="#[67]">gattServerNotifyTxCB</a> from gattservapp.o(i.gattServerNotifyTxCB) referenced from gattservapp.o(i.GATT_InitServer)
 <LI><a href="#[66]">gattServerProcessMsgCB</a> from gattservapp.o(i.gattServerProcessMsgCB) referenced from gattservapp.o(i.GATT_InitServer)
 <LI><a href="#[c]">ggs_ReadAttrCB</a> from gapgattserver.o(i.ggs_ReadAttrCB) referenced 2 times from gapgattserver.o(.data)
 <LI><a href="#[c]">ggs_ReadAttrCB</a> from gapgattserver.o(i.ggs_ReadAttrCB) referenced from gapgattserver.o(i.GGS_ParamInit)
 <LI><a href="#[d]">ggs_WriteAttrCB</a> from gapgattserver.o(i.ggs_WriteAttrCB) referenced 2 times from gapgattserver.o(.data)
 <LI><a href="#[d]">ggs_WriteAttrCB</a> from gapgattserver.o(i.ggs_WriteAttrCB) referenced from gapgattserver.o(i.GGS_ParamInit)
 <LI><a href="#[69]">l2capBuildCmdReject</a> from l2cap_sdu.o(i.l2capBuildCmdReject) referenced from l2cap_sdu.o(i.L2CAP_CmdReject)
 <LI><a href="#[80]">l2capBuildConnectRsp</a> from l2cap_sdu.o(i.l2capBuildConnectRsp) referenced from l2cap_sdu.o(i.l2capSendConnectRsp)
 <LI><a href="#[6c]">l2capBuildDisconnectReq</a> from l2cap_sdu.o(i.l2capBuildDisconnectReq) referenced from l2cap_sdu.o(i.L2CAP_DisconnectReq)
 <LI><a href="#[7f]">l2capBuildDisconnectRsp</a> from l2cap_sdu.o(i.l2capBuildDisconnectRsp) referenced from l2cap_input.o(i.l2capProcessReq)
 <LI><a href="#[6a]">l2capBuildParamUpdateReq</a> from l2cap_sdu.o(i.l2capBuildParamUpdateReq) referenced from l2cap_sdu.o(i.L2CAP_ConnParamUpdateReq)
 <LI><a href="#[6b]">l2capBuildParamUpdateRsp</a> from l2cap_sdu.o(i.l2capBuildParamUpdateRsp) referenced from l2cap_sdu.o(i.L2CAP_ConnParamUpdateRsp)
 <LI><a href="#[6d]">l2capHandleConnStatusCB</a> from l2cap.o(i.l2capHandleConnStatusCB) referenced from l2cap.o(i.L2CAP_Init)
 <LI><a href="#[81]">l2capHandleTimerCB</a> from l2cap.o(i.l2capHandleTimerCB) referenced from l2cap.o(i.l2capStartTimer)
 <LI><a href="#[8d]">llAdvTraverseallChannel</a> from ll_advertise.o(i.llAdvTraverseallChannel) referenced from ll_advertise.o(i.ll_advertise_initParameters)
 <LI><a href="#[6f]">llAdvertiseCreateCore</a> from ll_advertise.o(i.llAdvertiseCreateCore) referenced from ll_advertise.o(i.LL_AdvertiseEnalbe)
 <LI><a href="#[8b]">llAdvertiseSet</a> from ll_advertise.o(i.llAdvertiseSet) referenced from ll_advertise.o(i.ll_advertise_initParameters)
 <LI><a href="#[8c]">llAdvertiseStart</a> from ll_advertise.o(i.llAdvertiseStart) referenced from ll_advertise.o(i.ll_advertise_initParameters)
 <LI><a href="#[70]">llInitiateCreateCore</a> from ll_initiate.o(i.llInitiateCreateCore) referenced from ll_initiate.o(i.LL_InitiateEnable)
 <LI><a href="#[82]">llInitiateSet</a> from ll_initiate.o(i.llInitiateSet) referenced from ll_initiate.o(i.llInitiateCreateCore)
 <LI><a href="#[83]">llInitiateStart</a> from ll_initiate.o(i.llInitiateStart) referenced from ll_initiate.o(i.llInitiateCreateCore)
 <LI><a href="#[84]">llInitiateTraverseaChannel</a> from ll_initiate.o(i.llInitiateTraverseaChannel) referenced from ll_initiate.o(i.llInitiateCreateCore)
 <LI><a href="#[72]">llScanCreateCore</a> from ll_scan.o(i.llScanCreateCore) referenced from ll_scan.o(i.LL_ScanEnable)
 <LI><a href="#[86]">llScanSet</a> from ll_scan.o(i.llScanSet) referenced from ll_scan.o(i.llScanCreateCore)
 <LI><a href="#[87]">llScanStart</a> from ll_scan.o(i.llScanStart) referenced from ll_scan.o(i.llScanCreateCore)
 <LI><a href="#[88]">llScanTraverseaChannel</a> from ll_scan.o(i.llScanTraverseaChannel) referenced from ll_scan.o(i.llScanCreateCore)
 <LI><a href="#[73]">llSlaveCreateCore</a> from ll_slave.o(i.llSlaveCreateCore) referenced from ll_slave.o(i.LL_SlaveEnalbe)
 <LI><a href="#[74]">llSlaveSetFirstTimer</a> from ll_slave.o(i.llSlaveSetFirstTimer) referenced from ll_slave.o(i.LL_SlaveEnalbe)
 <LI><a href="#[8e]">ll_advertise_process</a> from ll_advertise.o(i.ll_advertise_process) referenced from ll_advertise.o(i.ll_advertise_tx)
 <LI><a href="#[8f]">ll_connect_auth_timeout</a> from ll_connect.o(i.ll_connect_auth_timeout) referenced from ll_connect.o(i.ll_connect_set_auth_timeout)
 <LI><a href="#[91]">ll_connect_procedure_timeout</a> from ll_connect.o(i.ll_connect_procedure_timeout) referenced from ll_connect.o(i.ll_connect_set_procedure_timeout)
 <LI><a href="#[90]">ll_connect_supervision_timeout</a> from ll_connect.o(i.ll_connect_supervision_timeout) referenced from ll_connect.o(i.ll_connect_set_connect_timeout)
 <LI><a href="#[85]">ll_initiate_process</a> from ll_initiate.o(i.ll_initiate_process) referenced from ll_initiate.o(i.llInitiateStart)
 <LI><a href="#[85]">ll_initiate_process</a> from ll_initiate.o(i.ll_initiate_process) referenced from ll_initiate.o(i.ll_initiate_process)
 <LI><a href="#[92]">ll_master_process</a> from ll_master.o(i.ll_master_process) referenced from ll_master.o(i.ll_master_process_event)
 <LI><a href="#[71]">ll_master_process_event</a> from ll_master.o(i.ll_master_process_event) referenced from ll_master.o(i.LL_MasterSetFirstTimer)
 <LI><a href="#[89]">ll_scan_process</a> from ll_scan.o(i.ll_scan_process) referenced from ll_scan.o(i.llScanStart)
 <LI><a href="#[89]">ll_scan_process</a> from ll_scan.o(i.ll_scan_process) referenced from ll_scan.o(i.ll_scan_tx)
 <LI><a href="#[93]">ll_slave_process</a> from ll_slave.o(i.ll_slave_process) referenced from ll_slave.o(i.ll_slave_process_event)
 <LI><a href="#[8a]">ll_slave_process_event</a> from ll_slave.o(i.ll_slave_process_event) referenced from ll_slave.o(i.llSlaveSetFirstTimer)
 <LI><a href="#[31]">main</a> from centperi_main.o(.text) referenced from entry9a.o(.ARM.Collect$$$$0000000B)
 <LI><a href="#[7]">peripheralParamUpdateCB</a> from peripheral.o(.text) referenced 2 times from peripheral.o(.data)
 <LI><a href="#[6]">peripheralRssiCB</a> from peripheral.o(.text) referenced 2 times from peripheral.o(.data)
 <LI><a href="#[5]">peripheralStateNotificationCB</a> from peripheral.o(.text) referenced 2 times from peripheral.o(.data)
 <LI><a href="#[8]">simpleProfileChangeCB</a> from peripheral.o(.text) referenced 2 times from peripheral.o(.data)
 <LI><a href="#[34]">simpleProfile_HandleConnStatusCB</a> from gattprofile.o(.text) referenced from gattprofile.o(.text)
 <LI><a href="#[a]">simpleProfile_ReadAttrCB</a> from gattprofile.o(.text) referenced 2 times from gattprofile.o(.data)
 <LI><a href="#[b]">simpleProfile_WriteAttrCB</a> from gattprofile.o(.text) referenced 2 times from gattprofile.o(.data)
 <LI><a href="#[12]">smInitiatorSendNextKeyInfo</a> from sm.o(i.smInitiatorSendNextKeyInfo) referenced 2 times from sm.o(.data)
 <LI><a href="#[12]">smInitiatorSendNextKeyInfo</a> from sm.o(i.smInitiatorSendNextKeyInfo) referenced from sm.o(i.SM_ParamInit)
 <LI><a href="#[75]">smLinkCheck</a> from sm.o(i.smLinkCheck) referenced from sm.o(i.SM_Init)
 <LI><a href="#[16]">smResponderProcessLTKReq</a> from sm.o(i.smResponderProcessLTKReq) referenced 2 times from sm.o(.data)
 <LI><a href="#[16]">smResponderProcessLTKReq</a> from sm.o(i.smResponderProcessLTKReq) referenced from sm.o(i.SM_ParamInit)
 <LI><a href="#[15]">smResponderSendNextKeyInfo</a> from sm.o(i.smResponderSendNextKeyInfo) referenced 2 times from sm.o(.data)
 <LI><a href="#[15]">smResponderSendNextKeyInfo</a> from sm.o(i.smResponderSendNextKeyInfo) referenced from sm.o(i.SM_ParamInit)
 <LI><a href="#[98]">smpBuildEncInfo</a> from sm.o(i.smpBuildEncInfo) referenced from sm.o(i.smPairingSendEncInfo)
 <LI><a href="#[99]">smpBuildIdentityAddrInfo</a> from sm.o(i.smpBuildIdentityAddrInfo) referenced from sm.o(i.smPairingSendIdentityAddrInfo)
 <LI><a href="#[9a]">smpBuildIdentityInfo</a> from sm.o(i.smpBuildIdentityInfo) referenced from sm.o(i.smPairingSendIdentityInfo)
 <LI><a href="#[9b]">smpBuildMasterID</a> from sm.o(i.smpBuildMasterID) referenced from sm.o(i.smPairingSendMasterID)
 <LI><a href="#[94]">smpBuildPairingConfirm</a> from sm.o(i.smpBuildPairingConfirm) referenced from sm.o(i.smGenerateConfirm)
 <LI><a href="#[9d]">smpBuildPairingFailed</a> from sm.o(i.smpBuildPairingFailed) referenced from sm.o(i.smSendFailAndEnd)
 <LI><a href="#[97]">smpBuildPairingRandom</a> from sm.o(i.smpBuildPairingRandom) referenced from sm.o(i.smGenerateRandMsg)
 <LI><a href="#[95]">smpBuildPairingReq</a> from sm.o(i.smpBuildPairingReq) referenced from sm.o(i.smGeneratePairingReqRsp)
 <LI><a href="#[96]">smpBuildPairingRsp</a> from sm.o(i.smpBuildPairingRsp) referenced from sm.o(i.smGeneratePairingReqRsp)
 <LI><a href="#[5e]">smpBuildSecurityReq</a> from sm.o(i.smpBuildSecurityReq) referenced from gap.o(i.GAP_SendSlaveSecurityRequest)
 <LI><a href="#[9c]">smpBuildSigningInfo</a> from sm.o(i.smpBuildSigningInfo) referenced from sm.o(i.smPairingSendSingingInfo)
 <LI><a href="#[11]">smpInitiatorProcessIncoming</a> from sm.o(i.smpInitiatorProcessIncoming) referenced 2 times from sm.o(.data)
 <LI><a href="#[11]">smpInitiatorProcessIncoming</a> from sm.o(i.smpInitiatorProcessIncoming) referenced from sm.o(i.SM_ParamInit)
 <LI><a href="#[14]">smpResponderProcessIncoming</a> from sm.o(i.smpResponderProcessIncoming) referenced 2 times from sm.o(.data)
 <LI><a href="#[14]">smpResponderProcessIncoming</a> from sm.o(i.smpResponderProcessIncoming) referenced from sm.o(i.SM_ParamInit)
</UL>
<P>
<H3>
Global Symbols
</H3>
<P><STRONG><a name="[36]"></a>__main</STRONG> (Thumb, 0 bytes, Stack size unknown bytes, entry.o(.ARM.Collect$$$$00000000))
<BR>[Address Reference Count : 1]<UL><LI> startup_armcm0.o(.text)
</UL>
<P><STRONG><a name="[3d9]"></a>_main_stk</STRONG> (Thumb, 0 bytes, Stack size unknown bytes, entry2.o(.ARM.Collect$$$$00000001))

<P><STRONG><a name="[b2]"></a>_main_scatterload</STRONG> (Thumb, 0 bytes, Stack size unknown bytes, entry5.o(.ARM.Collect$$$$00000004))
<BR><BR>[Calls]<UL><LI><a href="#[b3]">&gt;&gt;</a>&nbsp;&nbsp;&nbsp;__scatterload
</UL>

<P><STRONG><a name="[113]"></a>__main_after_scatterload</STRONG> (Thumb, 0 bytes, Stack size unknown bytes, entry5.o(.ARM.Collect$$$$00000004))
<BR><BR>[Called By]<UL><LI><a href="#[b3]">&gt;&gt;</a>&nbsp;&nbsp;&nbsp;__scatterload
</UL>

<P><STRONG><a name="[3da]"></a>_main_clock</STRONG> (Thumb, 0 bytes, Stack size unknown bytes, entry7b.o(.ARM.Collect$$$$00000008))

<P><STRONG><a name="[3db]"></a>_main_cpp_init</STRONG> (Thumb, 0 bytes, Stack size unknown bytes, entry8b.o(.ARM.Collect$$$$0000000A))

<P><STRONG><a name="[3dc]"></a>_main_init</STRONG> (Thumb, 0 bytes, Stack size unknown bytes, entry9a.o(.ARM.Collect$$$$0000000B))

<P><STRONG><a name="[3dd]"></a>__rt_final_cpp</STRONG> (Thumb, 0 bytes, Stack size unknown bytes, entry10a.o(.ARM.Collect$$$$0000000D))

<P><STRONG><a name="[3de]"></a>__rt_final_exit</STRONG> (Thumb, 0 bytes, Stack size unknown bytes, entry11a.o(.ARM.Collect$$$$0000000F))

<P><STRONG><a name="[31]"></a>main</STRONG> (Thumb, 68 bytes, Stack size 0 bytes, centperi_main.o(.text))
<BR><BR>[Stack]<UL><LI>Max Depth = 240<LI>Call Chain = main &rArr; SimpleBLEPeripheral_Init &rArr; GAPBondMgr_SetParameter &rArr; gapBondMgrEraseAllBondings &rArr; gapBondMgrEraseBonding &rArr; tmos_snv_read &rArr; tmos_memory_free
</UL>
<BR>[Calls]<UL><LI><a href="#[b5]">&gt;&gt;</a>&nbsp;&nbsp;&nbsp;UART1_DefInit
<LI><a href="#[bd]">&gt;&gt;</a>&nbsp;&nbsp;&nbsp;TMOS_SystemProcess
<LI><a href="#[bb]">&gt;&gt;</a>&nbsp;&nbsp;&nbsp;SimpleBLEPeripheral_Init
<LI><a href="#[b8]">&gt;&gt;</a>&nbsp;&nbsp;&nbsp;HAL_Init
<LI><a href="#[b4]">&gt;&gt;</a>&nbsp;&nbsp;&nbsp;GPIOA_ModeCfg
<LI><a href="#[b9]">&gt;&gt;</a>&nbsp;&nbsp;&nbsp;GAPRole_PeripheralInit
<LI><a href="#[ba]">&gt;&gt;</a>&nbsp;&nbsp;&nbsp;GAPRole_CentralInit
<LI><a href="#[bc]">&gt;&gt;</a>&nbsp;&nbsp;&nbsp;Central_Init
<LI><a href="#[b7]">&gt;&gt;</a>&nbsp;&nbsp;&nbsp;CH57X_BLEInit
<LI><a href="#[b6]">&gt;&gt;</a>&nbsp;&nbsp;&nbsp;__2printf
</UL>
<BR>[Address Reference Count : 1]<UL><LI> entry9a.o(.ARM.Collect$$$$0000000B)
</UL>
<P><STRONG><a name="[32]"></a>Central_ProcessEvent</STRONG> (Thumb, 406 bytes, Stack size 32 bytes, central.o(.text))
<BR><BR>[Stack]<UL><LI>Max Depth = 456<LI>Call Chain = Central_ProcessEvent &rArr; central_ProcessTMOSMsg &rArr; centralProcessGATTMsg &rArr; centralGATTDiscoveryEvent &rArr; GATT_ReadUsingCharUUID &rArr; gattReadByType &rArr; ATT_ReadByTypeReq &rArr; attSendMsg &rArr; SM_GenerateAuthenSig &rArr; sm_CMAC &rArr; generate_subkey &rArr; LL_Encrypt &rArr; AES128_ECB_encrypt &rArr; MixColumns
</UL>
<BR>[Calls]<UL><LI><a href="#[c2]">&gt;&gt;</a>&nbsp;&nbsp;&nbsp;tmos_start_task
<LI><a href="#[c6]">&gt;&gt;</a>&nbsp;&nbsp;&nbsp;tmos_msg_receive
<LI><a href="#[c7]">&gt;&gt;</a>&nbsp;&nbsp;&nbsp;tmos_msg_deallocate
<LI><a href="#[c4]">&gt;&gt;</a>&nbsp;&nbsp;&nbsp;GATT_bm_free
<LI><a href="#[cb]">&gt;&gt;</a>&nbsp;&nbsp;&nbsp;GATT_bm_alloc
<LI><a href="#[cc]">&gt;&gt;</a>&nbsp;&nbsp;&nbsp;GATT_WriteCharValue
<LI><a href="#[cd]">&gt;&gt;</a>&nbsp;&nbsp;&nbsp;GATT_ReadCharValue
<LI><a href="#[ca]">&gt;&gt;</a>&nbsp;&nbsp;&nbsp;GAPRole_UpdateLink
<LI><a href="#[c9]">&gt;&gt;</a>&nbsp;&nbsp;&nbsp;GAPRole_TerminateLink
<LI><a href="#[ce]">&gt;&gt;</a>&nbsp;&nbsp;&nbsp;GAPRole_ReadRssiCmd
<LI><a href="#[c8]">&gt;&gt;</a>&nbsp;&nbsp;&nbsp;GAPRole_CentralStartDevice
<LI><a href="#[c5]">&gt;&gt;</a>&nbsp;&nbsp;&nbsp;central_ProcessTMOSMsg
<LI><a href="#[be]">&gt;&gt;</a>&nbsp;&nbsp;&nbsp;centralStartDiscovery
</UL>
<BR>[Address Reference Count : 1]<UL><LI> central.o(.text)
</UL>
<P><STRONG><a name="[bc]"></a>Central_Init</STRONG> (Thumb, 432 bytes, Stack size 24 bytes, central.o(.text))
<BR><BR>[Stack]<UL><LI>Max Depth = 232<LI>Call Chain = Central_Init &rArr; GAPBondMgr_SetParameter &rArr; gapBondMgrEraseAllBondings &rArr; gapBondMgrEraseBonding &rArr; tmos_snv_read &rArr; tmos_memory_free
</UL>
<BR>[Calls]<UL><LI><a href="#[d7]">&gt;&gt;</a>&nbsp;&nbsp;&nbsp;tmos_set_event
<LI><a href="#[cf]">&gt;&gt;</a>&nbsp;&nbsp;&nbsp;TMOS_ProcessEventRegister
<LI><a href="#[d1]">&gt;&gt;</a>&nbsp;&nbsp;&nbsp;GGS_SetParameter
<LI><a href="#[d5]">&gt;&gt;</a>&nbsp;&nbsp;&nbsp;GGS_AddService
<LI><a href="#[d4]">&gt;&gt;</a>&nbsp;&nbsp;&nbsp;GATT_RegisterForInd
<LI><a href="#[d3]">&gt;&gt;</a>&nbsp;&nbsp;&nbsp;GATT_InitClient
<LI><a href="#[d6]">&gt;&gt;</a>&nbsp;&nbsp;&nbsp;GATTServApp_AddService
<LI><a href="#[d0]">&gt;&gt;</a>&nbsp;&nbsp;&nbsp;GAP_SetParamValue
<LI><a href="#[d2]">&gt;&gt;</a>&nbsp;&nbsp;&nbsp;GAPBondMgr_SetParameter
</UL>
<BR>[Called By]<UL><LI><a href="#[31]">&gt;&gt;</a>&nbsp;&nbsp;&nbsp;main
</UL>

<P><STRONG><a name="[33]"></a>SimpleBLEPeripheral_ProcessEvent</STRONG> (Thumb, 194 bytes, Stack size 24 bytes, peripheral.o(.text))
<BR><BR>[Stack]<UL><LI>Max Depth = 392<LI>Call Chain = SimpleBLEPeripheral_ProcessEvent &rArr; performPeriodicTask &rArr; peripheralChar4Notify &rArr; simpleProfile_Notify &rArr; GATT_Notification &rArr; ATT_HandleValueNoti &rArr; attSendMsg &rArr; SM_GenerateAuthenSig &rArr; sm_CMAC &rArr; generate_subkey &rArr; LL_Encrypt &rArr; AES128_ECB_encrypt &rArr; MixColumns
</UL>
<BR>[Calls]<UL><LI><a href="#[e6]">&gt;&gt;</a>&nbsp;&nbsp;&nbsp;GAPRole_PeripheralStartDevice
<LI><a href="#[e7]">&gt;&gt;</a>&nbsp;&nbsp;&nbsp;GAPRole_PeripheralConnParamUpdateReq
<LI><a href="#[e5]">&gt;&gt;</a>&nbsp;&nbsp;&nbsp;Peripheral_ProcessTMOSMsg
<LI><a href="#[e4]">&gt;&gt;</a>&nbsp;&nbsp;&nbsp;performPeriodicTask
<LI><a href="#[c2]">&gt;&gt;</a>&nbsp;&nbsp;&nbsp;tmos_start_task
<LI><a href="#[c6]">&gt;&gt;</a>&nbsp;&nbsp;&nbsp;tmos_msg_receive
<LI><a href="#[c7]">&gt;&gt;</a>&nbsp;&nbsp;&nbsp;tmos_msg_deallocate
<LI><a href="#[ce]">&gt;&gt;</a>&nbsp;&nbsp;&nbsp;GAPRole_ReadRssiCmd
</UL>
<BR>[Address Reference Count : 1]<UL><LI> peripheral.o(.text)
</UL>
<P><STRONG><a name="[bb]"></a>SimpleBLEPeripheral_Init</STRONG> (Thumb, 320 bytes, Stack size 32 bytes, peripheral.o(.text))
<BR><BR>[Stack]<UL><LI>Max Depth = 240<LI>Call Chain = SimpleBLEPeripheral_Init &rArr; GAPBondMgr_SetParameter &rArr; gapBondMgrEraseAllBondings &rArr; gapBondMgrEraseBonding &rArr; tmos_snv_read &rArr; tmos_memory_free
</UL>
<BR>[Calls]<UL><LI><a href="#[eb]">&gt;&gt;</a>&nbsp;&nbsp;&nbsp;SimpleProfile_SetParameter
<LI><a href="#[ed]">&gt;&gt;</a>&nbsp;&nbsp;&nbsp;SimpleProfile_RegisterAppCBs
<LI><a href="#[ea]">&gt;&gt;</a>&nbsp;&nbsp;&nbsp;SimpleProfile_AddService
<LI><a href="#[e8]">&gt;&gt;</a>&nbsp;&nbsp;&nbsp;GAPRole_SetParameter
<LI><a href="#[e9]">&gt;&gt;</a>&nbsp;&nbsp;&nbsp;DevInfo_AddService
<LI><a href="#[ec]">&gt;&gt;</a>&nbsp;&nbsp;&nbsp;peripheralInitConnItem
<LI><a href="#[d7]">&gt;&gt;</a>&nbsp;&nbsp;&nbsp;tmos_set_event
<LI><a href="#[cf]">&gt;&gt;</a>&nbsp;&nbsp;&nbsp;TMOS_ProcessEventRegister
<LI><a href="#[d1]">&gt;&gt;</a>&nbsp;&nbsp;&nbsp;GGS_SetParameter
<LI><a href="#[d5]">&gt;&gt;</a>&nbsp;&nbsp;&nbsp;GGS_AddService
<LI><a href="#[d6]">&gt;&gt;</a>&nbsp;&nbsp;&nbsp;GATTServApp_AddService
<LI><a href="#[d0]">&gt;&gt;</a>&nbsp;&nbsp;&nbsp;GAP_SetParamValue
<LI><a href="#[d2]">&gt;&gt;</a>&nbsp;&nbsp;&nbsp;GAPBondMgr_SetParameter
</UL>
<BR>[Called By]<UL><LI><a href="#[31]">&gt;&gt;</a>&nbsp;&nbsp;&nbsp;main
</UL>

<P><STRONG><a name="[e9]"></a>DevInfo_AddService</STRONG> (Thumb, 16 bytes, Stack size 8 bytes, devinfoservice.o(.text))
<BR><BR>[Stack]<UL><LI>Max Depth = 96<LI>Call Chain = DevInfo_AddService &rArr; GATTServApp_RegisterService &rArr; GATT_RegisterService &rArr; ATT_CompareUUID &rArr; ATT_ConvertUUIDto128
</UL>
<BR>[Calls]<UL><LI><a href="#[f2]">&gt;&gt;</a>&nbsp;&nbsp;&nbsp;GATTServApp_RegisterService
</UL>
<BR>[Called By]<UL><LI><a href="#[bb]">&gt;&gt;</a>&nbsp;&nbsp;&nbsp;SimpleBLEPeripheral_Init
</UL>

<P><STRONG><a name="[f3]"></a>DevInfo_SetParameter</STRONG> (Thumb, 36 bytes, Stack size 24 bytes, devinfoservice.o(.text), UNUSED)
<BR><BR>[Calls]<UL><LI><a href="#[db]">&gt;&gt;</a>&nbsp;&nbsp;&nbsp;tmos_memcpy
</UL>

<P><STRONG><a name="[f4]"></a>DevInfo_GetParameter</STRONG> (Thumb, 144 bytes, Stack size 16 bytes, devinfoservice.o(.text), UNUSED)
<BR><BR>[Calls]<UL><LI><a href="#[db]">&gt;&gt;</a>&nbsp;&nbsp;&nbsp;tmos_memcpy
<LI><a href="#[f0]">&gt;&gt;</a>&nbsp;&nbsp;&nbsp;__ARM_common_switch8
</UL>

<P><STRONG><a name="[ea]"></a>SimpleProfile_AddService</STRONG> (Thumb, 48 bytes, Stack size 16 bytes, gattprofile.o(.text))
<BR><BR>[Stack]<UL><LI>Max Depth = 104<LI>Call Chain = SimpleProfile_AddService &rArr; GATTServApp_RegisterService &rArr; GATT_RegisterService &rArr; ATT_CompareUUID &rArr; ATT_ConvertUUIDto128
</UL>
<BR>[Calls]<UL><LI><a href="#[f7]">&gt;&gt;</a>&nbsp;&nbsp;&nbsp;linkDB_Register
<LI><a href="#[f6]">&gt;&gt;</a>&nbsp;&nbsp;&nbsp;GATTServApp_InitCharCfg
<LI><a href="#[f2]">&gt;&gt;</a>&nbsp;&nbsp;&nbsp;GATTServApp_RegisterService
</UL>
<BR>[Called By]<UL><LI><a href="#[bb]">&gt;&gt;</a>&nbsp;&nbsp;&nbsp;SimpleBLEPeripheral_Init
</UL>

<P><STRONG><a name="[ed]"></a>SimpleProfile_RegisterAppCBs</STRONG> (Thumb, 18 bytes, Stack size 0 bytes, gattprofile.o(.text))
<BR><BR>[Called By]<UL><LI><a href="#[bb]">&gt;&gt;</a>&nbsp;&nbsp;&nbsp;SimpleBLEPeripheral_Init
</UL>

<P><STRONG><a name="[eb]"></a>SimpleProfile_SetParameter</STRONG> (Thumb, 134 bytes, Stack size 24 bytes, gattprofile.o(.text))
<BR><BR>[Stack]<UL><LI>Max Depth = 32<LI>Call Chain = SimpleProfile_SetParameter &rArr; __ARM_common_switch8
</UL>
<BR>[Calls]<UL><LI><a href="#[db]">&gt;&gt;</a>&nbsp;&nbsp;&nbsp;tmos_memcpy
<LI><a href="#[f0]">&gt;&gt;</a>&nbsp;&nbsp;&nbsp;__ARM_common_switch8
</UL>
<BR>[Called By]<UL><LI><a href="#[bb]">&gt;&gt;</a>&nbsp;&nbsp;&nbsp;SimpleBLEPeripheral_Init
</UL>

<P><STRONG><a name="[f1]"></a>SimpleProfile_GetParameter</STRONG> (Thumb, 92 bytes, Stack size 16 bytes, gattprofile.o(.text))
<BR><BR>[Stack]<UL><LI>Max Depth = 24<LI>Call Chain = SimpleProfile_GetParameter &rArr; __ARM_common_switch8
</UL>
<BR>[Calls]<UL><LI><a href="#[db]">&gt;&gt;</a>&nbsp;&nbsp;&nbsp;tmos_memcpy
<LI><a href="#[f0]">&gt;&gt;</a>&nbsp;&nbsp;&nbsp;__ARM_common_switch8
</UL>
<BR>[Called By]<UL><LI><a href="#[8]">&gt;&gt;</a>&nbsp;&nbsp;&nbsp;simpleProfileChangeCB
</UL>

<P><STRONG><a name="[e3]"></a>simpleProfile_Notify</STRONG> (Thumb, 48 bytes, Stack size 16 bytes, gattprofile.o(.text))
<BR><BR>[Stack]<UL><LI>Max Depth = 336<LI>Call Chain = simpleProfile_Notify &rArr; GATT_Notification &rArr; ATT_HandleValueNoti &rArr; attSendMsg &rArr; SM_GenerateAuthenSig &rArr; sm_CMAC &rArr; generate_subkey &rArr; LL_Encrypt &rArr; AES128_ECB_encrypt &rArr; MixColumns
</UL>
<BR>[Calls]<UL><LI><a href="#[f9]">&gt;&gt;</a>&nbsp;&nbsp;&nbsp;GATT_Notification
<LI><a href="#[f8]">&gt;&gt;</a>&nbsp;&nbsp;&nbsp;GATTServApp_ReadCharCfg
</UL>
<BR>[Called By]<UL><LI><a href="#[e2]">&gt;&gt;</a>&nbsp;&nbsp;&nbsp;peripheralChar4Notify
</UL>

<P><STRONG><a name="[17]"></a>Reset_Handler</STRONG> (Thumb, 8 bytes, Stack size 0 bytes, startup_armcm0.o(.text))
<BR>[Address Reference Count : 1]<UL><LI> startup_armcm0.o(RESET)
</UL>
<P><STRONG><a name="[18]"></a>NMI_Handler</STRONG> (Thumb, 2 bytes, Stack size 0 bytes, startup_armcm0.o(.text))
<BR><BR>[Calls]<UL><LI><a href="#[18]">&gt;&gt;</a>&nbsp;&nbsp;&nbsp;NMI_Handler
</UL>
<BR>[Called By]<UL><LI><a href="#[18]">&gt;&gt;</a>&nbsp;&nbsp;&nbsp;NMI_Handler
</UL>
<BR>[Address Reference Count : 1]<UL><LI> startup_armcm0.o(RESET)
</UL>
<P><STRONG><a name="[19]"></a>HardFault_Handler</STRONG> (Thumb, 0 bytes, Stack size 0 bytes, startup_armcm0.o(.text))
<BR>[Address Reference Count : 1]<UL><LI> startup_armcm0.o(RESET)
</UL>
<P><STRONG><a name="[1a]"></a>SVC_Handler</STRONG> (Thumb, 2 bytes, Stack size 0 bytes, startup_armcm0.o(.text))
<BR><BR>[Calls]<UL><LI><a href="#[1a]">&gt;&gt;</a>&nbsp;&nbsp;&nbsp;SVC_Handler
</UL>
<BR>[Called By]<UL><LI><a href="#[1a]">&gt;&gt;</a>&nbsp;&nbsp;&nbsp;SVC_Handler
</UL>
<BR>[Address Reference Count : 1]<UL><LI> startup_armcm0.o(RESET)
</UL>
<P><STRONG><a name="[1b]"></a>PendSV_Handler</STRONG> (Thumb, 2 bytes, Stack size 0 bytes, startup_armcm0.o(.text))
<BR><BR>[Calls]<UL><LI><a href="#[1b]">&gt;&gt;</a>&nbsp;&nbsp;&nbsp;PendSV_Handler
</UL>
<BR>[Called By]<UL><LI><a href="#[1b]">&gt;&gt;</a>&nbsp;&nbsp;&nbsp;PendSV_Handler
</UL>
<BR>[Address Reference Count : 1]<UL><LI> startup_armcm0.o(RESET)
</UL>
<P><STRONG><a name="[1c]"></a>SysTick_Handler</STRONG> (Thumb, 2 bytes, Stack size 0 bytes, startup_armcm0.o(.text))
<BR><BR>[Calls]<UL><LI><a href="#[1c]">&gt;&gt;</a>&nbsp;&nbsp;&nbsp;SysTick_Handler
</UL>
<BR>[Called By]<UL><LI><a href="#[1c]">&gt;&gt;</a>&nbsp;&nbsp;&nbsp;SysTick_Handler
</UL>
<BR>[Address Reference Count : 1]<UL><LI> startup_armcm0.o(RESET)
</UL>
<P><STRONG><a name="[2a]"></a>ADC_IRQHandler</STRONG> (Thumb, 0 bytes, Stack size 0 bytes, startup_armcm0.o(.text))
<BR><BR>[Calls]<UL><LI><a href="#[2a]">&gt;&gt;</a>&nbsp;&nbsp;&nbsp;ADC_IRQHandler
</UL>
<BR>[Called By]<UL><LI><a href="#[2a]">&gt;&gt;</a>&nbsp;&nbsp;&nbsp;ADC_IRQHandler
</UL>
<BR>[Address Reference Count : 1]<UL><LI> startup_armcm0.o(RESET)
</UL>
<P><STRONG><a name="[21]"></a>BB_IRQHandler</STRONG> (Thumb, 0 bytes, Stack size 0 bytes, startup_armcm0.o(.text))
<BR>[Address Reference Count : 1]<UL><LI> startup_armcm0.o(RESET)
</UL>
<P><STRONG><a name="[24]"></a>ETH_IRQHandler</STRONG> (Thumb, 0 bytes, Stack size 0 bytes, startup_armcm0.o(.text))
<BR>[Address Reference Count : 1]<UL><LI> startup_armcm0.o(RESET)
</UL>
<P><STRONG><a name="[1e]"></a>GPIO_IRQHandler</STRONG> (Thumb, 0 bytes, Stack size 0 bytes, startup_armcm0.o(.text))
<BR>[Address Reference Count : 1]<UL><LI> startup_armcm0.o(RESET)
</UL>
<P><STRONG><a name="[2c]"></a>LED_IRQHandler</STRONG> (Thumb, 0 bytes, Stack size 0 bytes, startup_armcm0.o(.text))
<BR>[Address Reference Count : 1]<UL><LI> startup_armcm0.o(RESET)
</UL>
<P><STRONG><a name="[1f]"></a>SLAVE_IRQHandler</STRONG> (Thumb, 0 bytes, Stack size 0 bytes, startup_armcm0.o(.text))
<BR>[Address Reference Count : 1]<UL><LI> startup_armcm0.o(RESET)
</UL>
<P><STRONG><a name="[20]"></a>SPI0_IRQHandler</STRONG> (Thumb, 0 bytes, Stack size 0 bytes, startup_armcm0.o(.text))
<BR>[Address Reference Count : 1]<UL><LI> startup_armcm0.o(RESET)
</UL>
<P><STRONG><a name="[2b]"></a>SPI1_IRQHandler</STRONG> (Thumb, 0 bytes, Stack size 0 bytes, startup_armcm0.o(.text))
<BR>[Address Reference Count : 1]<UL><LI> startup_armcm0.o(RESET)
</UL>
<P><STRONG><a name="[1d]"></a>TMR0_IRQHandler</STRONG> (Thumb, 0 bytes, Stack size 0 bytes, startup_armcm0.o(.text))
<BR>[Address Reference Count : 1]<UL><LI> startup_armcm0.o(RESET)
</UL>
<P><STRONG><a name="[25]"></a>TMR1_IRQHandler</STRONG> (Thumb, 0 bytes, Stack size 0 bytes, startup_armcm0.o(.text))
<BR>[Address Reference Count : 1]<UL><LI> startup_armcm0.o(RESET)
</UL>
<P><STRONG><a name="[26]"></a>TMR2_IRQHandler</STRONG> (Thumb, 0 bytes, Stack size 0 bytes, startup_armcm0.o(.text))
<BR>[Address Reference Count : 1]<UL><LI> startup_armcm0.o(RESET)
</UL>
<P><STRONG><a name="[2d]"></a>TMR3_IRQHandler</STRONG> (Thumb, 0 bytes, Stack size 0 bytes, startup_armcm0.o(.text))
<BR>[Address Reference Count : 1]<UL><LI> startup_armcm0.o(RESET)
</UL>
<P><STRONG><a name="[27]"></a>UART0_IRQHandler</STRONG> (Thumb, 0 bytes, Stack size 0 bytes, startup_armcm0.o(.text))
<BR>[Address Reference Count : 1]<UL><LI> startup_armcm0.o(RESET)
</UL>
<P><STRONG><a name="[28]"></a>UART1_IRQHandler</STRONG> (Thumb, 0 bytes, Stack size 0 bytes, startup_armcm0.o(.text))
<BR>[Address Reference Count : 1]<UL><LI> startup_armcm0.o(RESET)
</UL>
<P><STRONG><a name="[2e]"></a>UART2_IRQHandler</STRONG> (Thumb, 0 bytes, Stack size 0 bytes, startup_armcm0.o(.text))
<BR>[Address Reference Count : 1]<UL><LI> startup_armcm0.o(RESET)
</UL>
<P><STRONG><a name="[2f]"></a>UART3_IRQHandler</STRONG> (Thumb, 0 bytes, Stack size 0 bytes, startup_armcm0.o(.text))
<BR>[Address Reference Count : 1]<UL><LI> startup_armcm0.o(RESET)
</UL>
<P><STRONG><a name="[23]"></a>USB_IRQHandler</STRONG> (Thumb, 0 bytes, Stack size 0 bytes, startup_armcm0.o(.text))
<BR>[Address Reference Count : 1]<UL><LI> startup_armcm0.o(RESET)
</UL>
<P><STRONG><a name="[30]"></a>WDT_IRQHandler</STRONG> (Thumb, 0 bytes, Stack size 0 bytes, startup_armcm0.o(.text))
<BR>[Address Reference Count : 1]<UL><LI> startup_armcm0.o(RESET)
</UL>
<P><STRONG><a name="[35]"></a>SystemInit</STRONG> (Thumb, 26 bytes, Stack size 0 bytes, ch57x_clk.o(.text))
<BR>[Address Reference Count : 1]<UL><LI> startup_armcm0.o(.text)
</UL>
<P><STRONG><a name="[fb]"></a>SetSysClock</STRONG> (Thumb, 342 bytes, Stack size 4 bytes, ch57x_clk.o(.text), UNUSED)
<BR><BR>[Calls]<UL><LI><a href="#[f0]">&gt;&gt;</a>&nbsp;&nbsp;&nbsp;__ARM_common_switch8
</UL>

<P><STRONG><a name="[fc]"></a>GetSysClock</STRONG> (Thumb, 68 bytes, Stack size 8 bytes, ch57x_clk.o(.text))
<BR><BR>[Stack]<UL><LI>Max Depth = 36<LI>Call Chain = GetSysClock &rArr; __aeabi_idivmod &rArr; __aeabi_uidivmod
</UL>
<BR>[Calls]<UL><LI><a href="#[fd]">&gt;&gt;</a>&nbsp;&nbsp;&nbsp;__aeabi_idivmod
</UL>
<BR>[Called By]<UL><LI><a href="#[108]">&gt;&gt;</a>&nbsp;&nbsp;&nbsp;UART1_BaudRateCfg
</UL>

<P><STRONG><a name="[3df]"></a>HClk32M_Select</STRONG> (Thumb, 58 bytes, Stack size 0 bytes, ch57x_clk.o(.text), UNUSED)

<P><STRONG><a name="[3e0]"></a>LClk32K_Select</STRONG> (Thumb, 56 bytes, Stack size 0 bytes, ch57x_clk.o(.text), UNUSED)

<P><STRONG><a name="[fe]"></a>GetCalibrationBaseValue</STRONG> (Thumb, 92 bytes, Stack size 16 bytes, ch57x_clk.o(.text), UNUSED)
<BR><BR>[Calls]<UL><LI><a href="#[fd]">&gt;&gt;</a>&nbsp;&nbsp;&nbsp;__aeabi_idivmod
<LI><a href="#[e0]">&gt;&gt;</a>&nbsp;&nbsp;&nbsp;__aeabi_uidivmod
</UL>
<BR>[Called By]<UL><LI><a href="#[ff]">&gt;&gt;</a>&nbsp;&nbsp;&nbsp;Calibration_LSI
</UL>

<P><STRONG><a name="[100]"></a>SingleCalibrat</STRONG> (Thumb, 208 bytes, Stack size 24 bytes, ch57x_clk.o(.text), UNUSED)
<BR><BR>[Called By]<UL><LI><a href="#[ff]">&gt;&gt;</a>&nbsp;&nbsp;&nbsp;Calibration_LSI
</UL>

<P><STRONG><a name="[ff]"></a>Calibration_LSI</STRONG> (Thumb, 208 bytes, Stack size 24 bytes, ch57x_clk.o(.text), UNUSED)
<BR><BR>[Calls]<UL><LI><a href="#[100]">&gt;&gt;</a>&nbsp;&nbsp;&nbsp;SingleCalibrat
<LI><a href="#[fe]">&gt;&gt;</a>&nbsp;&nbsp;&nbsp;GetCalibrationBaseValue
</UL>

<P><STRONG><a name="[101]"></a>RTC_InitTime</STRONG> (Thumb, 144 bytes, Stack size 48 bytes, ch57x_clk.o(.text))
<BR><BR>[Stack]<UL><LI>Max Depth = 60<LI>Call Chain = RTC_InitTime &rArr; __aeabi_uidivmod
</UL>
<BR>[Calls]<UL><LI><a href="#[e0]">&gt;&gt;</a>&nbsp;&nbsp;&nbsp;__aeabi_uidivmod
</UL>
<BR>[Called By]<UL><LI><a href="#[10c]">&gt;&gt;</a>&nbsp;&nbsp;&nbsp;HAL_TimeInit
</UL>

<P><STRONG><a name="[102]"></a>RTC_GetTime</STRONG> (Thumb, 118 bytes, Stack size 40 bytes, ch57x_clk.o(.text), UNUSED)
<BR><BR>[Calls]<UL><LI><a href="#[e0]">&gt;&gt;</a>&nbsp;&nbsp;&nbsp;__aeabi_uidivmod
</UL>

<P><STRONG><a name="[3e1]"></a>RTC_SetCycle32k</STRONG> (Thumb, 40 bytes, Stack size 0 bytes, ch57x_clk.o(.text), UNUSED)

<P><STRONG><a name="[104]"></a>RTC_GetCycle32k</STRONG> (Thumb, 16 bytes, Stack size 0 bytes, ch57x_clk.o(.text), UNUSED)
<BR><BR>[Called By]<UL><LI><a href="#[103]">&gt;&gt;</a>&nbsp;&nbsp;&nbsp;RTC_TRIGFunCfg
</UL>

<P><STRONG><a name="[3e2]"></a>RTC_TMRFunCfg</STRONG> (Thumb, 50 bytes, Stack size 0 bytes, ch57x_clk.o(.text), UNUSED)

<P><STRONG><a name="[103]"></a>RTC_TRIGFunCfg</STRONG> (Thumb, 70 bytes, Stack size 4 bytes, ch57x_clk.o(.text), UNUSED)
<BR><BR>[Calls]<UL><LI><a href="#[104]">&gt;&gt;</a>&nbsp;&nbsp;&nbsp;RTC_GetCycle32k
</UL>

<P><STRONG><a name="[3e3]"></a>RTC_ModeFunDisable</STRONG> (Thumb, 58 bytes, Stack size 0 bytes, ch57x_clk.o(.text), UNUSED)

<P><STRONG><a name="[3e4]"></a>RTC_GetITFlag</STRONG> (Thumb, 30 bytes, Stack size 0 bytes, ch57x_clk.o(.text), UNUSED)

<P><STRONG><a name="[3e5]"></a>RTC_ClearITFlag</STRONG> (Thumb, 36 bytes, Stack size 0 bytes, ch57x_clk.o(.text), UNUSED)

<P><STRONG><a name="[b4]"></a>GPIOA_ModeCfg</STRONG> (Thumb, 146 bytes, Stack size 4 bytes, ch57x_gpio.o(.text))
<BR><BR>[Stack]<UL><LI>Max Depth = 12<LI>Call Chain = GPIOA_ModeCfg &rArr; __ARM_common_switch8
</UL>
<BR>[Calls]<UL><LI><a href="#[f0]">&gt;&gt;</a>&nbsp;&nbsp;&nbsp;__ARM_common_switch8
</UL>
<BR>[Called By]<UL><LI><a href="#[31]">&gt;&gt;</a>&nbsp;&nbsp;&nbsp;main
</UL>

<P><STRONG><a name="[105]"></a>GPIOB_ModeCfg</STRONG> (Thumb, 166 bytes, Stack size 4 bytes, ch57x_gpio.o(.text), UNUSED)
<BR><BR>[Calls]<UL><LI><a href="#[f0]">&gt;&gt;</a>&nbsp;&nbsp;&nbsp;__ARM_common_switch8
</UL>

<P><STRONG><a name="[3e6]"></a>GPIOA_ITModeCfg</STRONG> (Thumb, 116 bytes, Stack size 0 bytes, ch57x_gpio.o(.text), UNUSED)

<P><STRONG><a name="[3e7]"></a>GPIOB_ITModeCfg</STRONG> (Thumb, 140 bytes, Stack size 0 bytes, ch57x_gpio.o(.text), UNUSED)

<P><STRONG><a name="[3e8]"></a>GPIOPinRemap</STRONG> (Thumb, 36 bytes, Stack size 0 bytes, ch57x_gpio.o(.text), UNUSED)

<P><STRONG><a name="[3e9]"></a>GPIOAGPPCfg</STRONG> (Thumb, 36 bytes, Stack size 0 bytes, ch57x_gpio.o(.text), UNUSED)

<P><STRONG><a name="[3ea]"></a>SYS_GetInfoSta</STRONG> (Thumb, 28 bytes, Stack size 0 bytes, ch57x_sys.o(.text), UNUSED)

<P><STRONG><a name="[3eb]"></a>SYS_ResetExecute</STRONG> (Thumb, 28 bytes, Stack size 0 bytes, ch57x_sys.o(.text), UNUSED)

<P><STRONG><a name="[3ec]"></a>SYS_DisableAllIrq</STRONG> (Thumb, 18 bytes, Stack size 0 bytes, ch57x_sys.o(.text), UNUSED)

<P><STRONG><a name="[3ed]"></a>SYS_RecoverIrq</STRONG> (Thumb, 6 bytes, Stack size 0 bytes, ch57x_sys.o(.text), UNUSED)

<P><STRONG><a name="[37]"></a>SYS_GetSysTickCnt</STRONG> (Thumb, 6 bytes, Stack size 0 bytes, ch57x_sys.o(.text))
<BR>[Address Reference Count : 1]<UL><LI> mcu.o(.text)
</UL>
<P><STRONG><a name="[3ee]"></a>WWDG_ITCfg</STRONG> (Thumb, 48 bytes, Stack size 0 bytes, ch57x_sys.o(.text), UNUSED)

<P><STRONG><a name="[3ef]"></a>WWDG_ResetCfg</STRONG> (Thumb, 48 bytes, Stack size 0 bytes, ch57x_sys.o(.text), UNUSED)

<P><STRONG><a name="[3f0]"></a>WWDG_ClearFlag</STRONG> (Thumb, 28 bytes, Stack size 0 bytes, ch57x_sys.o(.text), UNUSED)

<P><STRONG><a name="[107]"></a>mDelayuS</STRONG> (Thumb, 34 bytes, Stack size 8 bytes, ch57x_sys.o(.text), UNUSED)
<BR><BR>[Called By]<UL><LI><a href="#[106]">&gt;&gt;</a>&nbsp;&nbsp;&nbsp;mDelaymS
</UL>

<P><STRONG><a name="[106]"></a>mDelaymS</STRONG> (Thumb, 26 bytes, Stack size 12 bytes, ch57x_sys.o(.text), UNUSED)
<BR><BR>[Calls]<UL><LI><a href="#[107]">&gt;&gt;</a>&nbsp;&nbsp;&nbsp;mDelayuS
</UL>

<P><STRONG><a name="[79]"></a>fputc</STRONG> (Thumb, 16 bytes, Stack size 0 bytes, ch57x_sys.o(.text))
<BR>[Address Reference Count : 1]<UL><LI> printf8.o(i.__0printf$8)
</UL>
<P><STRONG><a name="[108]"></a>UART1_BaudRateCfg</STRONG> (Thumb, 40 bytes, Stack size 16 bytes, ch57x_uart1.o(.text))
<BR><BR>[Stack]<UL><LI>Max Depth = 52<LI>Call Chain = UART1_BaudRateCfg &rArr; GetSysClock &rArr; __aeabi_idivmod &rArr; __aeabi_uidivmod
</UL>
<BR>[Calls]<UL><LI><a href="#[fc]">&gt;&gt;</a>&nbsp;&nbsp;&nbsp;GetSysClock
<LI><a href="#[e0]">&gt;&gt;</a>&nbsp;&nbsp;&nbsp;__aeabi_uidivmod
</UL>
<BR>[Called By]<UL><LI><a href="#[b5]">&gt;&gt;</a>&nbsp;&nbsp;&nbsp;UART1_DefInit
</UL>

<P><STRONG><a name="[b5]"></a>UART1_DefInit</STRONG> (Thumb, 30 bytes, Stack size 8 bytes, ch57x_uart1.o(.text))
<BR><BR>[Stack]<UL><LI>Max Depth = 60<LI>Call Chain = UART1_DefInit &rArr; UART1_BaudRateCfg &rArr; GetSysClock &rArr; __aeabi_idivmod &rArr; __aeabi_uidivmod
</UL>
<BR>[Calls]<UL><LI><a href="#[108]">&gt;&gt;</a>&nbsp;&nbsp;&nbsp;UART1_BaudRateCfg
</UL>
<BR>[Called By]<UL><LI><a href="#[31]">&gt;&gt;</a>&nbsp;&nbsp;&nbsp;main
</UL>

<P><STRONG><a name="[3f1]"></a>UART1_ByteTrigCfg</STRONG> (Thumb, 18 bytes, Stack size 0 bytes, ch57x_uart1.o(.text), UNUSED)

<P><STRONG><a name="[3f2]"></a>UART1_INTCfg</STRONG> (Thumb, 40 bytes, Stack size 0 bytes, ch57x_uart1.o(.text), UNUSED)

<P><STRONG><a name="[3f3]"></a>UART1_Reset</STRONG> (Thumb, 8 bytes, Stack size 0 bytes, ch57x_uart1.o(.text), UNUSED)

<P><STRONG><a name="[3f4]"></a>UART1_SendString</STRONG> (Thumb, 32 bytes, Stack size 8 bytes, ch57x_uart1.o(.text), UNUSED)

<P><STRONG><a name="[3f5]"></a>UART1_RecvString</STRONG> (Thumb, 28 bytes, Stack size 0 bytes, ch57x_uart1.o(.text), UNUSED)

<P><STRONG><a name="[b7]"></a>CH57X_BLEInit</STRONG> (Thumb, 208 bytes, Stack size 64 bytes, mcu.o(.text))
<BR><BR>[Stack]<UL><LI>Max Depth = 144<LI>Call Chain = CH57X_BLEInit &rArr; BLE_LibInit &rArr; TMOS_Init &rArr; tmos_snv_init &rArr; tmos_snv_clear &rArr; tmos_memory_free
</UL>
<BR>[Calls]<UL><LI><a href="#[10a]">&gt;&gt;</a>&nbsp;&nbsp;&nbsp;tmos_memset
<LI><a href="#[10b]">&gt;&gt;</a>&nbsp;&nbsp;&nbsp;BLE_LibInit
<LI><a href="#[109]">&gt;&gt;</a>&nbsp;&nbsp;&nbsp;NVIC_SetPriority
<LI><a href="#[da]">&gt;&gt;</a>&nbsp;&nbsp;&nbsp;tmos_memcmp
<LI><a href="#[b6]">&gt;&gt;</a>&nbsp;&nbsp;&nbsp;__2printf
</UL>
<BR>[Called By]<UL><LI><a href="#[31]">&gt;&gt;</a>&nbsp;&nbsp;&nbsp;main
</UL>

<P><STRONG><a name="[38]"></a>HAL_ProcessEvent</STRONG> (Thumb, 106 bytes, Stack size 16 bytes, mcu.o(.text))
<BR><BR>[Stack]<UL><LI>Max Depth = 56<LI>Call Chain = HAL_ProcessEvent &rArr; tmos_msg_receive &rArr; tmos_stop_task
</UL>
<BR>[Calls]<UL><LI><a href="#[c2]">&gt;&gt;</a>&nbsp;&nbsp;&nbsp;tmos_start_task
<LI><a href="#[c6]">&gt;&gt;</a>&nbsp;&nbsp;&nbsp;tmos_msg_receive
<LI><a href="#[c7]">&gt;&gt;</a>&nbsp;&nbsp;&nbsp;tmos_msg_deallocate
<LI><a href="#[b6]">&gt;&gt;</a>&nbsp;&nbsp;&nbsp;__2printf
</UL>
<BR>[Address Reference Count : 1]<UL><LI> mcu.o(.text)
</UL>
<P><STRONG><a name="[b8]"></a>HAL_Init</STRONG> (Thumb, 20 bytes, Stack size 8 bytes, mcu.o(.text))
<BR><BR>[Stack]<UL><LI>Max Depth = 76<LI>Call Chain = HAL_Init &rArr; HAL_TimeInit &rArr; RTC_InitTime &rArr; __aeabi_uidivmod
</UL>
<BR>[Calls]<UL><LI><a href="#[10c]">&gt;&gt;</a>&nbsp;&nbsp;&nbsp;HAL_TimeInit
<LI><a href="#[cf]">&gt;&gt;</a>&nbsp;&nbsp;&nbsp;TMOS_ProcessEventRegister
</UL>
<BR>[Called By]<UL><LI><a href="#[31]">&gt;&gt;</a>&nbsp;&nbsp;&nbsp;main
</UL>

<P><STRONG><a name="[22]"></a>LLE_IRQHandler</STRONG> (Thumb, 8 bytes, Stack size 8 bytes, mcu.o(.text))
<BR><BR>[Stack]<UL><LI>Max Depth = 28<LI>Call Chain = LLE_IRQHandler &rArr; BLE_IRQHandler
</UL>
<BR>[Calls]<UL><LI><a href="#[10d]">&gt;&gt;</a>&nbsp;&nbsp;&nbsp;BLE_IRQHandler
</UL>
<BR>[Address Reference Count : 1]<UL><LI> startup_armcm0.o(RESET)
</UL>
<P><STRONG><a name="[3f6]"></a>HAL_GetInterTempValue</STRONG> (Thumb, 66 bytes, Stack size 12 bytes, mcu.o(.text), UNUSED)

<P><STRONG><a name="[3f7]"></a>RTC_SetTignTime</STRONG> (Thumb, 36 bytes, Stack size 0 bytes, rtc.o(.text), UNUSED)

<P><STRONG><a name="[29]"></a>RTC_IRQHandler</STRONG> (Thumb, 32 bytes, Stack size 8 bytes, rtc.o(.text))
<BR><BR>[Stack]<UL><LI>Max Depth = 8<LI>Call Chain = RTC_IRQHandler
</UL>
<BR>[Address Reference Count : 1]<UL><LI> startup_armcm0.o(RESET)
</UL>
<P><STRONG><a name="[10c]"></a>HAL_TimeInit</STRONG> (Thumb, 100 bytes, Stack size 8 bytes, rtc.o(.text))
<BR><BR>[Stack]<UL><LI>Max Depth = 68<LI>Call Chain = HAL_TimeInit &rArr; RTC_InitTime &rArr; __aeabi_uidivmod
</UL>
<BR>[Calls]<UL><LI><a href="#[10e]">&gt;&gt;</a>&nbsp;&nbsp;&nbsp;TMOS_TimerInit
<LI><a href="#[101]">&gt;&gt;</a>&nbsp;&nbsp;&nbsp;RTC_InitTime
</UL>
<BR>[Called By]<UL><LI><a href="#[b8]">&gt;&gt;</a>&nbsp;&nbsp;&nbsp;HAL_Init
</UL>

<P><STRONG><a name="[3f8]"></a>__aeabi_uidiv</STRONG> (Thumb, 0 bytes, Stack size 12 bytes, uidiv.o(.text), UNUSED)

<P><STRONG><a name="[e0]"></a>__aeabi_uidivmod</STRONG> (Thumb, 44 bytes, Stack size 12 bytes, uidiv.o(.text))
<BR><BR>[Stack]<UL><LI>Max Depth = 12<LI>Call Chain = __aeabi_uidivmod
</UL>
<BR>[Called By]<UL><LI><a href="#[108]">&gt;&gt;</a>&nbsp;&nbsp;&nbsp;UART1_BaudRateCfg
<LI><a href="#[102]">&gt;&gt;</a>&nbsp;&nbsp;&nbsp;RTC_GetTime
<LI><a href="#[101]">&gt;&gt;</a>&nbsp;&nbsp;&nbsp;RTC_InitTime
<LI><a href="#[fe]">&gt;&gt;</a>&nbsp;&nbsp;&nbsp;GetCalibrationBaseValue
<LI><a href="#[e1]">&gt;&gt;</a>&nbsp;&nbsp;&nbsp;GAPBondMgr_PasscodeRsp
<LI><a href="#[3]">&gt;&gt;</a>&nbsp;&nbsp;&nbsp;centralPasscodeCB
<LI><a href="#[a1]">&gt;&gt;</a>&nbsp;&nbsp;&nbsp;gattProcessFindInfoReq
<LI><a href="#[7c]">&gt;&gt;</a>&nbsp;&nbsp;&nbsp;ATT_ParseReadByTypeRsp
<LI><a href="#[29a]">&gt;&gt;</a>&nbsp;&nbsp;&nbsp;LL_HopGetChannel
<LI><a href="#[3a5]">&gt;&gt;</a>&nbsp;&nbsp;&nbsp;ll_slave_check_connect_point
<LI><a href="#[284]">&gt;&gt;</a>&nbsp;&nbsp;&nbsp;ll_connect_update_get_offset
<LI><a href="#[2a7]">&gt;&gt;</a>&nbsp;&nbsp;&nbsp;ll_connect_init_pingOffset
<LI><a href="#[371]">&gt;&gt;</a>&nbsp;&nbsp;&nbsp;ll_connect_change_connect_point
<LI><a href="#[328]">&gt;&gt;</a>&nbsp;&nbsp;&nbsp;gattServApp_ProcessReadByTypeReq
<LI><a href="#[32a]">&gt;&gt;</a>&nbsp;&nbsp;&nbsp;gattServApp_ProcessReadByGrpTypeReq
<LI><a href="#[345]">&gt;&gt;</a>&nbsp;&nbsp;&nbsp;l2capStartTimer
<LI><a href="#[13b]">&gt;&gt;</a>&nbsp;&nbsp;&nbsp;LL_RemoteConnParamReqReply
<LI><a href="#[12f]">&gt;&gt;</a>&nbsp;&nbsp;&nbsp;LL_CreateConn
<LI><a href="#[fd]">&gt;&gt;</a>&nbsp;&nbsp;&nbsp;__aeabi_idivmod
</UL>

<P><STRONG><a name="[3f9]"></a>__aeabi_idiv</STRONG> (Thumb, 0 bytes, Stack size 16 bytes, idiv.o(.text), UNUSED)

<P><STRONG><a name="[fd]"></a>__aeabi_idivmod</STRONG> (Thumb, 40 bytes, Stack size 16 bytes, idiv.o(.text))
<BR><BR>[Stack]<UL><LI>Max Depth = 28<LI>Call Chain = __aeabi_idivmod &rArr; __aeabi_uidivmod
</UL>
<BR>[Calls]<UL><LI><a href="#[e0]">&gt;&gt;</a>&nbsp;&nbsp;&nbsp;__aeabi_uidivmod
</UL>
<BR>[Called By]<UL><LI><a href="#[fe]">&gt;&gt;</a>&nbsp;&nbsp;&nbsp;GetCalibrationBaseValue
<LI><a href="#[fc]">&gt;&gt;</a>&nbsp;&nbsp;&nbsp;GetSysClock
<LI><a href="#[181]">&gt;&gt;</a>&nbsp;&nbsp;&nbsp;RFEND_TXCtune
<LI><a href="#[2a7]">&gt;&gt;</a>&nbsp;&nbsp;&nbsp;ll_connect_init_pingOffset
<LI><a href="#[2fa]">&gt;&gt;</a>&nbsp;&nbsp;&nbsp;gapWriteAdvEnableStatus
<LI><a href="#[5b]">&gt;&gt;</a>&nbsp;&nbsp;&nbsp;gapProcessAdvertisingEvt
<LI><a href="#[33e]">&gt;&gt;</a>&nbsp;&nbsp;&nbsp;l2capNotifyCreditEvt
</UL>

<P><STRONG><a name="[10f]"></a>__aeabi_lmul</STRONG> (Thumb, 122 bytes, Stack size 64 bytes, llmul.o(.text))
<BR><BR>[Stack]<UL><LI>Max Depth = 72<LI>Call Chain = __aeabi_lmul &rArr; __aeabi_llsl
</UL>
<BR>[Calls]<UL><LI><a href="#[110]">&gt;&gt;</a>&nbsp;&nbsp;&nbsp;__aeabi_llsl
</UL>
<BR>[Called By]<UL><LI><a href="#[2af]">&gt;&gt;</a>&nbsp;&nbsp;&nbsp;ble_ll_common_rand8
<LI><a href="#[274]">&gt;&gt;</a>&nbsp;&nbsp;&nbsp;ble_ll_common_rand32
<LI><a href="#[282]">&gt;&gt;</a>&nbsp;&nbsp;&nbsp;ble_ll_common_rand16
</UL>

<P><STRONG><a name="[3fa]"></a>_ll_mul</STRONG> (Thumb, 0 bytes, Stack size 64 bytes, llmul.o(.text), UNUSED)

<P><STRONG><a name="[110]"></a>__aeabi_llsl</STRONG> (Thumb, 32 bytes, Stack size 8 bytes, llshl.o(.text))
<BR><BR>[Stack]<UL><LI>Max Depth = 8<LI>Call Chain = __aeabi_llsl
</UL>
<BR>[Called By]<UL><LI><a href="#[29a]">&gt;&gt;</a>&nbsp;&nbsp;&nbsp;LL_HopGetChannel
<LI><a href="#[10f]">&gt;&gt;</a>&nbsp;&nbsp;&nbsp;__aeabi_lmul
<LI><a href="#[111]">&gt;&gt;</a>&nbsp;&nbsp;&nbsp;__aeabi_uldivmod
</UL>

<P><STRONG><a name="[3fb]"></a>_ll_shift_l</STRONG> (Thumb, 0 bytes, Stack size 8 bytes, llshl.o(.text), UNUSED)

<P><STRONG><a name="[231]"></a>__aeabi_memcpy</STRONG> (Thumb, 36 bytes, Stack size 0 bytes, memcpya.o(.text))
<BR><BR>[Called By]<UL><LI><a href="#[d1]">&gt;&gt;</a>&nbsp;&nbsp;&nbsp;GGS_SetParameter
<LI><a href="#[39e]">&gt;&gt;</a>&nbsp;&nbsp;&nbsp;ll_scan_filter
<LI><a href="#[366]">&gt;&gt;</a>&nbsp;&nbsp;&nbsp;ll_advertise_filter
<LI><a href="#[37b]">&gt;&gt;</a>&nbsp;&nbsp;&nbsp;ll_initiate_filter
</UL>

<P><STRONG><a name="[3fc]"></a>__aeabi_memcpy4</STRONG> (Thumb, 0 bytes, Stack size 0 bytes, memcpya.o(.text), UNUSED)

<P><STRONG><a name="[3fd]"></a>__aeabi_memcpy8</STRONG> (Thumb, 0 bytes, Stack size 0 bytes, memcpya.o(.text), UNUSED)

<P><STRONG><a name="[111]"></a>__aeabi_uldivmod</STRONG> (Thumb, 96 bytes, Stack size 48 bytes, uldiv.o(.text), UNUSED)
<BR><BR>[Calls]<UL><LI><a href="#[110]">&gt;&gt;</a>&nbsp;&nbsp;&nbsp;__aeabi_llsl
<LI><a href="#[112]">&gt;&gt;</a>&nbsp;&nbsp;&nbsp;__aeabi_llsr
</UL>
<BR>[Called By]<UL><LI><a href="#[2de]">&gt;&gt;</a>&nbsp;&nbsp;&nbsp;_printf_core
</UL>

<P><STRONG><a name="[b3]"></a>__scatterload</STRONG> (Thumb, 28 bytes, Stack size 0 bytes, init.o(.text))
<BR><BR>[Calls]<UL><LI><a href="#[113]">&gt;&gt;</a>&nbsp;&nbsp;&nbsp;__main_after_scatterload
</UL>
<BR>[Called By]<UL><LI><a href="#[b2]">&gt;&gt;</a>&nbsp;&nbsp;&nbsp;_main_scatterload
</UL>

<P><STRONG><a name="[3fe]"></a>__scatterload_rt2</STRONG> (Thumb, 0 bytes, Stack size 0 bytes, init.o(.text), UNUSED)

<P><STRONG><a name="[112]"></a>__aeabi_llsr</STRONG> (Thumb, 34 bytes, Stack size 8 bytes, llushr.o(.text), UNUSED)
<BR><BR>[Called By]<UL><LI><a href="#[111]">&gt;&gt;</a>&nbsp;&nbsp;&nbsp;__aeabi_uldivmod
</UL>

<P><STRONG><a name="[3ff]"></a>_ll_ushift_r</STRONG> (Thumb, 0 bytes, Stack size 8 bytes, llushr.o(.text), UNUSED)

<P><STRONG><a name="[400]"></a>__decompress</STRONG> (Thumb, 0 bytes, Stack size unknown bytes, __dczerorl2.o(.text), UNUSED)

<P><STRONG><a name="[401]"></a>__decompress1</STRONG> (Thumb, 86 bytes, Stack size unknown bytes, __dczerorl2.o(.text), UNUSED)

<P><STRONG><a name="[114]"></a>AES128_ECB_encrypt</STRONG> (Thumb, 72 bytes, Stack size 16 bytes, aes_soft.o(i.AES128_ECB_encrypt))
<BR><BR>[Stack]<UL><LI>Max Depth = 40<LI>Call Chain = AES128_ECB_encrypt &rArr; MixColumns
</UL>
<BR>[Calls]<UL><LI><a href="#[118]">&gt;&gt;</a>&nbsp;&nbsp;&nbsp;SubBytes
<LI><a href="#[119]">&gt;&gt;</a>&nbsp;&nbsp;&nbsp;ShiftRows
<LI><a href="#[11a]">&gt;&gt;</a>&nbsp;&nbsp;&nbsp;MixColumns
<LI><a href="#[116]">&gt;&gt;</a>&nbsp;&nbsp;&nbsp;KeyExpansion
<LI><a href="#[115]">&gt;&gt;</a>&nbsp;&nbsp;&nbsp;BlockCopy
<LI><a href="#[117]">&gt;&gt;</a>&nbsp;&nbsp;&nbsp;AddRoundKey
</UL>
<BR>[Called By]<UL><LI><a href="#[296]">&gt;&gt;</a>&nbsp;&nbsp;&nbsp;LL_Encrypt
</UL>

<P><STRONG><a name="[11c]"></a>AES_DecError</STRONG> (Thumb, 76 bytes, Stack size 8 bytes, aes.o(i.AES_DecError))
<BR><BR>[Stack]<UL><LI>Max Depth = 8<LI>Call Chain = AES_DecError
</UL>
<BR>[Called By]<UL><LI><a href="#[11e]">&gt;&gt;</a>&nbsp;&nbsp;&nbsp;AES_DevPktEnc
<LI><a href="#[11d]">&gt;&gt;</a>&nbsp;&nbsp;&nbsp;AES_DevPktDec
<LI><a href="#[11b]">&gt;&gt;</a>&nbsp;&nbsp;&nbsp;AES_DevAESEnc
<LI><a href="#[17a]">&gt;&gt;</a>&nbsp;&nbsp;&nbsp;BLE_RegInit
</UL>

<P><STRONG><a name="[11b]"></a>AES_DevAESEnc</STRONG> (Thumb, 334 bytes, Stack size 24 bytes, aes.o(i.AES_DevAESEnc))
<BR><BR>[Stack]<UL><LI>Max Depth = 32<LI>Call Chain = AES_DevAESEnc &rArr; AES_DecError
</UL>
<BR>[Calls]<UL><LI><a href="#[11c]">&gt;&gt;</a>&nbsp;&nbsp;&nbsp;AES_DecError
</UL>
<BR>[Called By]<UL><LI><a href="#[275]">&gt;&gt;</a>&nbsp;&nbsp;&nbsp;ll_hw_api_enc
</UL>

<P><STRONG><a name="[11d]"></a>AES_DevPktDec</STRONG> (Thumb, 124 bytes, Stack size 16 bytes, aes.o(i.AES_DevPktDec))
<BR><BR>[Stack]<UL><LI>Max Depth = 24<LI>Call Chain = AES_DevPktDec &rArr; AES_DecError
</UL>
<BR>[Calls]<UL><LI><a href="#[11c]">&gt;&gt;</a>&nbsp;&nbsp;&nbsp;AES_DecError
</UL>
<BR>[Called By]<UL><LI><a href="#[375]">&gt;&gt;</a>&nbsp;&nbsp;&nbsp;ll_hw_api_set_pkt_dec
</UL>

<P><STRONG><a name="[11e]"></a>AES_DevPktEnc</STRONG> (Thumb, 124 bytes, Stack size 16 bytes, aes.o(i.AES_DevPktEnc))
<BR><BR>[Stack]<UL><LI>Max Depth = 24<LI>Call Chain = AES_DevPktEnc &rArr; AES_DecError
</UL>
<BR>[Calls]<UL><LI><a href="#[11c]">&gt;&gt;</a>&nbsp;&nbsp;&nbsp;AES_DecError
</UL>
<BR>[Called By]<UL><LI><a href="#[376]">&gt;&gt;</a>&nbsp;&nbsp;&nbsp;ll_hw_api_set_pkt_enc
</UL>

<P><STRONG><a name="[11f]"></a>API_DisconnectCmd</STRONG> (Thumb, 16 bytes, Stack size 8 bytes, api_c.o(i.API_DisconnectCmd))
<BR><BR>[Stack]<UL><LI>Max Depth = 64<LI>Call Chain = API_DisconnectCmd &rArr; HCI_CommandStatusCback &rArr; HOST_CommandStatusEvent &rArr; tmos_msg_send &rArr; tmos_msg_deallocate &rArr; tmos_memory_free
</UL>
<BR>[Calls]<UL><LI><a href="#[120]">&gt;&gt;</a>&nbsp;&nbsp;&nbsp;LL_Disconnect
<LI><a href="#[121]">&gt;&gt;</a>&nbsp;&nbsp;&nbsp;HCI_CommandStatusCback
</UL>
<BR>[Called By]<UL><LI><a href="#[1fe]">&gt;&gt;</a>&nbsp;&nbsp;&nbsp;HCI_DisconnectCmd
</UL>

<P><STRONG><a name="[122]"></a>API_GetConnectNumeber</STRONG> (Thumb, 8 bytes, Stack size 8 bytes, api_c.o(i.API_GetConnectNumeber))
<BR><BR>[Stack]<UL><LI>Max Depth = 8<LI>Call Chain = API_GetConnectNumeber
</UL>
<BR>[Calls]<UL><LI><a href="#[123]">&gt;&gt;</a>&nbsp;&nbsp;&nbsp;ll_connect_get_connect_number
</UL>
<BR>[Called By]<UL><LI><a href="#[f9]">&gt;&gt;</a>&nbsp;&nbsp;&nbsp;GATT_Notification
</UL>

<P><STRONG><a name="[124]"></a>API_HostNumCompletedPktCmd</STRONG> (Thumb, 46 bytes, Stack size 8 bytes, api_c.o(i.API_HostNumCompletedPktCmd))
<BR><BR>[Stack]<UL><LI>Max Depth = 72<LI>Call Chain = API_HostNumCompletedPktCmd &rArr; HCI_CommandCompleteCback &rArr; HOST_CommandCompleteEvent &rArr; tmos_msg_send &rArr; tmos_msg_deallocate &rArr; tmos_memory_free
</UL>
<BR>[Calls]<UL><LI><a href="#[125]">&gt;&gt;</a>&nbsp;&nbsp;&nbsp;HCI_CommandCompleteCback
</UL>
<BR>[Called By]<UL><LI><a href="#[23d]">&gt;&gt;</a>&nbsp;&nbsp;&nbsp;HCI_HostNumCompletedPktCmd
</UL>

<P><STRONG><a name="[126]"></a>API_LE_AddWhiteListCmd</STRONG> (Thumb, 26 bytes, Stack size 8 bytes, api_c.o(i.API_LE_AddWhiteListCmd))
<BR><BR>[Stack]<UL><LI>Max Depth = 72<LI>Call Chain = API_LE_AddWhiteListCmd &rArr; HCI_CommandCompleteCback &rArr; HOST_CommandCompleteEvent &rArr; tmos_msg_send &rArr; tmos_msg_deallocate &rArr; tmos_memory_free
</UL>
<BR>[Calls]<UL><LI><a href="#[127]">&gt;&gt;</a>&nbsp;&nbsp;&nbsp;LL_AddWhiteListDevice
<LI><a href="#[125]">&gt;&gt;</a>&nbsp;&nbsp;&nbsp;HCI_CommandCompleteCback
</UL>
<BR>[Called By]<UL><LI><a href="#[23e]">&gt;&gt;</a>&nbsp;&nbsp;&nbsp;HCI_LE_AddWhiteListCmd
</UL>

<P><STRONG><a name="[128]"></a>API_LE_ClearWhiteListCmd</STRONG> (Thumb, 26 bytes, Stack size 8 bytes, api_c.o(i.API_LE_ClearWhiteListCmd))
<BR><BR>[Stack]<UL><LI>Max Depth = 72<LI>Call Chain = API_LE_ClearWhiteListCmd &rArr; HCI_CommandCompleteCback &rArr; HOST_CommandCompleteEvent &rArr; tmos_msg_send &rArr; tmos_msg_deallocate &rArr; tmos_memory_free
</UL>
<BR>[Calls]<UL><LI><a href="#[129]">&gt;&gt;</a>&nbsp;&nbsp;&nbsp;LL_ClearWhiteList
<LI><a href="#[125]">&gt;&gt;</a>&nbsp;&nbsp;&nbsp;HCI_CommandCompleteCback
</UL>
<BR>[Called By]<UL><LI><a href="#[241]">&gt;&gt;</a>&nbsp;&nbsp;&nbsp;HCI_LE_ClearWhiteListCmd
</UL>

<P><STRONG><a name="[12a]"></a>API_LE_ConnUpdateCmd</STRONG> (Thumb, 26 bytes, Stack size 32 bytes, api_c.o(i.API_LE_ConnUpdateCmd))
<BR><BR>[Stack]<UL><LI>Max Depth = 200<LI>Call Chain = API_LE_ConnUpdateCmd &rArr; LL_ConnUpdate &rArr; ll_connect_update_get_offset &rArr; ble_ll_common_rand8 &rArr; __aeabi_lmul &rArr; __aeabi_llsl
</UL>
<BR>[Calls]<UL><LI><a href="#[12b]">&gt;&gt;</a>&nbsp;&nbsp;&nbsp;LL_ConnUpdate
<LI><a href="#[121]">&gt;&gt;</a>&nbsp;&nbsp;&nbsp;HCI_CommandStatusCback
</UL>
<BR>[Called By]<UL><LI><a href="#[1cf]">&gt;&gt;</a>&nbsp;&nbsp;&nbsp;HCI_LE_ConnUpdateCmd
</UL>

<P><STRONG><a name="[12c]"></a>API_LE_CreateConnCancelCmd</STRONG> (Thumb, 24 bytes, Stack size 8 bytes, api_c.o(i.API_LE_CreateConnCancelCmd))
<BR><BR>[Stack]<UL><LI>Max Depth = 72<LI>Call Chain = API_LE_CreateConnCancelCmd &rArr; LL_CreateConnCancel &rArr; LL_InitiateToStandby &rArr; LL_ReportGenerateEvent &rArr; tmos_msg_send &rArr; tmos_msg_deallocate &rArr; tmos_memory_free
</UL>
<BR>[Calls]<UL><LI><a href="#[12d]">&gt;&gt;</a>&nbsp;&nbsp;&nbsp;LL_CreateConnCancel
<LI><a href="#[125]">&gt;&gt;</a>&nbsp;&nbsp;&nbsp;HCI_CommandCompleteCback
</UL>
<BR>[Called By]<UL><LI><a href="#[246]">&gt;&gt;</a>&nbsp;&nbsp;&nbsp;HCI_LE_CreateConnCancelCmd
</UL>

<P><STRONG><a name="[12e]"></a>API_LE_CreateConnCmd</STRONG> (Thumb, 58 bytes, Stack size 72 bytes, api_c.o(i.API_LE_CreateConnCmd))
<BR><BR>[Stack]<UL><LI>Max Depth = 128<LI>Call Chain = API_LE_CreateConnCmd &rArr; HCI_CommandStatusCback &rArr; HOST_CommandStatusEvent &rArr; tmos_msg_send &rArr; tmos_msg_deallocate &rArr; tmos_memory_free
</UL>
<BR>[Calls]<UL><LI><a href="#[12f]">&gt;&gt;</a>&nbsp;&nbsp;&nbsp;LL_CreateConn
<LI><a href="#[121]">&gt;&gt;</a>&nbsp;&nbsp;&nbsp;HCI_CommandStatusCback
</UL>
<BR>[Called By]<UL><LI><a href="#[1e6]">&gt;&gt;</a>&nbsp;&nbsp;&nbsp;HCI_LE_CreateConnCmd
</UL>

<P><STRONG><a name="[130]"></a>API_LE_LtkReqNegReplyCmd</STRONG> (Thumb, 32 bytes, Stack size 16 bytes, api_c.o(i.API_LE_LtkReqNegReplyCmd))
<BR><BR>[Stack]<UL><LI>Max Depth = 80<LI>Call Chain = API_LE_LtkReqNegReplyCmd &rArr; HCI_CommandCompleteCback &rArr; HOST_CommandCompleteEvent &rArr; tmos_msg_send &rArr; tmos_msg_deallocate &rArr; tmos_memory_free
</UL>
<BR>[Calls]<UL><LI><a href="#[131]">&gt;&gt;</a>&nbsp;&nbsp;&nbsp;LL_LtkReqNegReply
<LI><a href="#[125]">&gt;&gt;</a>&nbsp;&nbsp;&nbsp;HCI_CommandCompleteCback
</UL>
<BR>[Called By]<UL><LI><a href="#[24f]">&gt;&gt;</a>&nbsp;&nbsp;&nbsp;HCI_LE_LtkReqNegReplyCmd
</UL>

<P><STRONG><a name="[132]"></a>API_LE_LtkReqReplyCmd</STRONG> (Thumb, 32 bytes, Stack size 16 bytes, api_c.o(i.API_LE_LtkReqReplyCmd))
<BR><BR>[Stack]<UL><LI>Max Depth = 80<LI>Call Chain = API_LE_LtkReqReplyCmd &rArr; HCI_CommandCompleteCback &rArr; HOST_CommandCompleteEvent &rArr; tmos_msg_send &rArr; tmos_msg_deallocate &rArr; tmos_memory_free
</UL>
<BR>[Calls]<UL><LI><a href="#[133]">&gt;&gt;</a>&nbsp;&nbsp;&nbsp;LL_LtkReqReply
<LI><a href="#[125]">&gt;&gt;</a>&nbsp;&nbsp;&nbsp;HCI_CommandCompleteCback
</UL>
<BR>[Called By]<UL><LI><a href="#[250]">&gt;&gt;</a>&nbsp;&nbsp;&nbsp;HCI_LE_LtkReqReplyCmd
</UL>

<P><STRONG><a name="[134]"></a>API_LE_RandCmd</STRONG> (Thumb, 28 bytes, Stack size 16 bytes, api_c.o(i.API_LE_RandCmd))
<BR><BR>[Stack]<UL><LI>Max Depth = 120<LI>Call Chain = API_LE_RandCmd &rArr; LL_Rand &rArr; ble_ll_common_rand8 &rArr; __aeabi_lmul &rArr; __aeabi_llsl
</UL>
<BR>[Calls]<UL><LI><a href="#[135]">&gt;&gt;</a>&nbsp;&nbsp;&nbsp;LL_Rand
<LI><a href="#[125]">&gt;&gt;</a>&nbsp;&nbsp;&nbsp;HCI_CommandCompleteCback
</UL>
<BR>[Called By]<UL><LI><a href="#[251]">&gt;&gt;</a>&nbsp;&nbsp;&nbsp;HCI_LE_RandCmd
</UL>

<P><STRONG><a name="[136]"></a>API_LE_ReadBufSizeCmd</STRONG> (Thumb, 30 bytes, Stack size 8 bytes, api_c.o(i.API_LE_ReadBufSizeCmd))
<BR><BR>[Stack]<UL><LI>Max Depth = 72<LI>Call Chain = API_LE_ReadBufSizeCmd &rArr; HCI_CommandCompleteCback &rArr; HOST_CommandCompleteEvent &rArr; tmos_msg_send &rArr; tmos_msg_deallocate &rArr; tmos_memory_free
</UL>
<BR>[Calls]<UL><LI><a href="#[137]">&gt;&gt;</a>&nbsp;&nbsp;&nbsp;LL_LE_ReadBufSize
<LI><a href="#[125]">&gt;&gt;</a>&nbsp;&nbsp;&nbsp;HCI_CommandCompleteCback
</UL>
<BR>[Called By]<UL><LI><a href="#[252]">&gt;&gt;</a>&nbsp;&nbsp;&nbsp;HCI_LE_ReadBufSizeCmd
</UL>

<P><STRONG><a name="[138]"></a>API_LE_RemoteConnParamReqNegReplyCmd</STRONG> (Thumb, 32 bytes, Stack size 16 bytes, api_c.o(i.API_LE_RemoteConnParamReqNegReplyCmd))
<BR><BR>[Stack]<UL><LI>Max Depth = 80<LI>Call Chain = API_LE_RemoteConnParamReqNegReplyCmd &rArr; HCI_CommandCompleteCback &rArr; HOST_CommandCompleteEvent &rArr; tmos_msg_send &rArr; tmos_msg_deallocate &rArr; tmos_memory_free
</UL>
<BR>[Calls]<UL><LI><a href="#[139]">&gt;&gt;</a>&nbsp;&nbsp;&nbsp;LL_RemoteConnParamReqNegReply
<LI><a href="#[125]">&gt;&gt;</a>&nbsp;&nbsp;&nbsp;HCI_CommandCompleteCback
</UL>
<BR>[Called By]<UL><LI><a href="#[255]">&gt;&gt;</a>&nbsp;&nbsp;&nbsp;HCI_LE_RemoteConnParamReqNegReplyCmd
</UL>

<P><STRONG><a name="[13a]"></a>API_LE_RemoteConnParamReqReplyCmd</STRONG> (Thumb, 46 bytes, Stack size 32 bytes, api_c.o(i.API_LE_RemoteConnParamReqReplyCmd))
<BR><BR>[Stack]<UL><LI>Max Depth = 200<LI>Call Chain = API_LE_RemoteConnParamReqReplyCmd &rArr; LL_RemoteConnParamReqReply &rArr; ll_connect_update_get_offset &rArr; ble_ll_common_rand8 &rArr; __aeabi_lmul &rArr; __aeabi_llsl
</UL>
<BR>[Calls]<UL><LI><a href="#[13b]">&gt;&gt;</a>&nbsp;&nbsp;&nbsp;LL_RemoteConnParamReqReply
<LI><a href="#[125]">&gt;&gt;</a>&nbsp;&nbsp;&nbsp;HCI_CommandCompleteCback
</UL>
<BR>[Called By]<UL><LI><a href="#[256]">&gt;&gt;</a>&nbsp;&nbsp;&nbsp;HCI_LE_RemoteConnParamReqReplyCmd
</UL>

<P><STRONG><a name="[13c]"></a>API_LE_SetAdvDataCmd</STRONG> (Thumb, 26 bytes, Stack size 8 bytes, api_c.o(i.API_LE_SetAdvDataCmd))
<BR><BR>[Stack]<UL><LI>Max Depth = 72<LI>Call Chain = API_LE_SetAdvDataCmd &rArr; HCI_CommandCompleteCback &rArr; HOST_CommandCompleteEvent &rArr; tmos_msg_send &rArr; tmos_msg_deallocate &rArr; tmos_memory_free
</UL>
<BR>[Calls]<UL><LI><a href="#[13d]">&gt;&gt;</a>&nbsp;&nbsp;&nbsp;LL_SetAdvData
<LI><a href="#[125]">&gt;&gt;</a>&nbsp;&nbsp;&nbsp;HCI_CommandCompleteCback
</UL>
<BR>[Called By]<UL><LI><a href="#[1ff]">&gt;&gt;</a>&nbsp;&nbsp;&nbsp;HCI_LE_SetAdvDataCmd
</UL>

<P><STRONG><a name="[13e]"></a>API_LE_SetAdvEnableCmd</STRONG> (Thumb, 26 bytes, Stack size 8 bytes, api_c.o(i.API_LE_SetAdvEnableCmd))
<BR><BR>[Stack]<UL><LI>Max Depth = 120<LI>Call Chain = API_LE_SetAdvEnableCmd &rArr; LL_SetAdvControl &rArr; ble_ll_common_rand16 &rArr; __aeabi_lmul &rArr; __aeabi_llsl
</UL>
<BR>[Calls]<UL><LI><a href="#[13f]">&gt;&gt;</a>&nbsp;&nbsp;&nbsp;LL_SetAdvControl
<LI><a href="#[125]">&gt;&gt;</a>&nbsp;&nbsp;&nbsp;HCI_CommandCompleteCback
</UL>
<BR>[Called By]<UL><LI><a href="#[1e4]">&gt;&gt;</a>&nbsp;&nbsp;&nbsp;HCI_LE_SetAdvEnableCmd
</UL>

<P><STRONG><a name="[140]"></a>API_LE_SetAdvParamCmd</STRONG> (Thumb, 40 bytes, Stack size 40 bytes, api_c.o(i.API_LE_SetAdvParamCmd))
<BR><BR>[Stack]<UL><LI>Max Depth = 104<LI>Call Chain = API_LE_SetAdvParamCmd &rArr; HCI_CommandCompleteCback &rArr; HOST_CommandCompleteEvent &rArr; tmos_msg_send &rArr; tmos_msg_deallocate &rArr; tmos_memory_free
</UL>
<BR>[Calls]<UL><LI><a href="#[141]">&gt;&gt;</a>&nbsp;&nbsp;&nbsp;LL_SetAdvParam
<LI><a href="#[125]">&gt;&gt;</a>&nbsp;&nbsp;&nbsp;HCI_CommandCompleteCback
</UL>
<BR>[Called By]<UL><LI><a href="#[259]">&gt;&gt;</a>&nbsp;&nbsp;&nbsp;HCI_LE_SetAdvParamCmd
</UL>

<P><STRONG><a name="[142]"></a>API_LE_SetRandomAddressCmd</STRONG> (Thumb, 26 bytes, Stack size 8 bytes, api_c.o(i.API_LE_SetRandomAddressCmd))
<BR><BR>[Stack]<UL><LI>Max Depth = 72<LI>Call Chain = API_LE_SetRandomAddressCmd &rArr; HCI_CommandCompleteCback &rArr; HOST_CommandCompleteEvent &rArr; tmos_msg_send &rArr; tmos_msg_deallocate &rArr; tmos_memory_free
</UL>
<BR>[Calls]<UL><LI><a href="#[143]">&gt;&gt;</a>&nbsp;&nbsp;&nbsp;LL_SetRandomAddress
<LI><a href="#[125]">&gt;&gt;</a>&nbsp;&nbsp;&nbsp;HCI_CommandCompleteCback
</UL>
<BR>[Called By]<UL><LI><a href="#[25a]">&gt;&gt;</a>&nbsp;&nbsp;&nbsp;HCI_LE_SetRandomAddressCmd
</UL>

<P><STRONG><a name="[144]"></a>API_LE_SetScanEnableCmd</STRONG> (Thumb, 26 bytes, Stack size 8 bytes, api_c.o(i.API_LE_SetScanEnableCmd))
<BR><BR>[Stack]<UL><LI>Max Depth = 72<LI>Call Chain = API_LE_SetScanEnableCmd &rArr; HCI_CommandCompleteCback &rArr; HOST_CommandCompleteEvent &rArr; tmos_msg_send &rArr; tmos_msg_deallocate &rArr; tmos_memory_free
</UL>
<BR>[Calls]<UL><LI><a href="#[145]">&gt;&gt;</a>&nbsp;&nbsp;&nbsp;LL_SetScanEnable
<LI><a href="#[125]">&gt;&gt;</a>&nbsp;&nbsp;&nbsp;HCI_CommandCompleteCback
</UL>
<BR>[Called By]<UL><LI><a href="#[25b]">&gt;&gt;</a>&nbsp;&nbsp;&nbsp;HCI_LE_SetScanEnableCmd
</UL>

<P><STRONG><a name="[146]"></a>API_LE_SetScanParamCmd</STRONG> (Thumb, 30 bytes, Stack size 16 bytes, api_c.o(i.API_LE_SetScanParamCmd))
<BR><BR>[Stack]<UL><LI>Max Depth = 80<LI>Call Chain = API_LE_SetScanParamCmd &rArr; HCI_CommandCompleteCback &rArr; HOST_CommandCompleteEvent &rArr; tmos_msg_send &rArr; tmos_msg_deallocate &rArr; tmos_memory_free
</UL>
<BR>[Calls]<UL><LI><a href="#[147]">&gt;&gt;</a>&nbsp;&nbsp;&nbsp;LL_SetScanParam
<LI><a href="#[125]">&gt;&gt;</a>&nbsp;&nbsp;&nbsp;HCI_CommandCompleteCback
</UL>
<BR>[Called By]<UL><LI><a href="#[1dd]">&gt;&gt;</a>&nbsp;&nbsp;&nbsp;HCI_LE_SetScanParamCmd
</UL>

<P><STRONG><a name="[148]"></a>API_LE_SetScanRspDataCmd</STRONG> (Thumb, 26 bytes, Stack size 8 bytes, api_c.o(i.API_LE_SetScanRspDataCmd))
<BR><BR>[Stack]<UL><LI>Max Depth = 72<LI>Call Chain = API_LE_SetScanRspDataCmd &rArr; HCI_CommandCompleteCback &rArr; HOST_CommandCompleteEvent &rArr; tmos_msg_send &rArr; tmos_msg_deallocate &rArr; tmos_memory_free
</UL>
<BR>[Calls]<UL><LI><a href="#[149]">&gt;&gt;</a>&nbsp;&nbsp;&nbsp;LL_SetScanRspData
<LI><a href="#[125]">&gt;&gt;</a>&nbsp;&nbsp;&nbsp;HCI_CommandCompleteCback
</UL>
<BR>[Called By]<UL><LI><a href="#[200]">&gt;&gt;</a>&nbsp;&nbsp;&nbsp;HCI_LE_SetScanRspDataCmd
</UL>

<P><STRONG><a name="[14a]"></a>API_LE_StartEncryptCmd</STRONG> (Thumb, 16 bytes, Stack size 8 bytes, api_c.o(i.API_LE_StartEncryptCmd))
<BR><BR>[Stack]<UL><LI>Max Depth = 64<LI>Call Chain = API_LE_StartEncryptCmd &rArr; HCI_CommandStatusCback &rArr; HOST_CommandStatusEvent &rArr; tmos_msg_send &rArr; tmos_msg_deallocate &rArr; tmos_memory_free
</UL>
<BR>[Calls]<UL><LI><a href="#[14b]">&gt;&gt;</a>&nbsp;&nbsp;&nbsp;LL_StartEncrypt
<LI><a href="#[121]">&gt;&gt;</a>&nbsp;&nbsp;&nbsp;HCI_CommandStatusCback
</UL>
<BR>[Called By]<UL><LI><a href="#[25c]">&gt;&gt;</a>&nbsp;&nbsp;&nbsp;HCI_LE_StartEncyptCmd
</UL>

<P><STRONG><a name="[14c]"></a>API_MD_DisconnectCmd</STRONG> (Thumb, 30 bytes, Stack size 16 bytes, api_c.o(i.API_MD_DisconnectCmd))
<BR><BR>[Stack]<UL><LI>Max Depth = 80<LI>Call Chain = API_MD_DisconnectCmd &rArr; LL_ConnectToStandby &rArr; LL_ReportGenerateEvent &rArr; tmos_msg_send &rArr; tmos_msg_deallocate &rArr; tmos_memory_free
</UL>
<BR>[Calls]<UL><LI><a href="#[14e]">&gt;&gt;</a>&nbsp;&nbsp;&nbsp;LL_ConnectToStandby
<LI><a href="#[14d]">&gt;&gt;</a>&nbsp;&nbsp;&nbsp;LL_CoreGetCore
</UL>
<BR>[Called By]<UL><LI><a href="#[25d]">&gt;&gt;</a>&nbsp;&nbsp;&nbsp;HCI_MB_DisconnectCmd
</UL>

<P><STRONG><a name="[14f]"></a>API_ReadBDADDRCmd</STRONG> (Thumb, 30 bytes, Stack size 16 bytes, api_c.o(i.API_ReadBDADDRCmd))
<BR><BR>[Stack]<UL><LI>Max Depth = 80<LI>Call Chain = API_ReadBDADDRCmd &rArr; HCI_CommandCompleteCback &rArr; HOST_CommandCompleteEvent &rArr; tmos_msg_send &rArr; tmos_msg_deallocate &rArr; tmos_memory_free
</UL>
<BR>[Calls]<UL><LI><a href="#[150]">&gt;&gt;</a>&nbsp;&nbsp;&nbsp;LL_ReadBDAddr
<LI><a href="#[125]">&gt;&gt;</a>&nbsp;&nbsp;&nbsp;HCI_CommandCompleteCback
</UL>
<BR>[Called By]<UL><LI><a href="#[1f3]">&gt;&gt;</a>&nbsp;&nbsp;&nbsp;HCI_ReadBDADDRCmd
</UL>

<P><STRONG><a name="[151]"></a>API_ReadRssiCmd</STRONG> (Thumb, 38 bytes, Stack size 16 bytes, api_c.o(i.API_ReadRssiCmd))
<BR><BR>[Stack]<UL><LI>Max Depth = 80<LI>Call Chain = API_ReadRssiCmd &rArr; HCI_CommandCompleteCback &rArr; HOST_CommandCompleteEvent &rArr; tmos_msg_send &rArr; tmos_msg_deallocate &rArr; tmos_memory_free
</UL>
<BR>[Calls]<UL><LI><a href="#[152]">&gt;&gt;</a>&nbsp;&nbsp;&nbsp;LL_ReadRssi
<LI><a href="#[125]">&gt;&gt;</a>&nbsp;&nbsp;&nbsp;HCI_CommandCompleteCback
</UL>
<BR>[Called By]<UL><LI><a href="#[1cc]">&gt;&gt;</a>&nbsp;&nbsp;&nbsp;HCI_ReadRssiCmd
</UL>

<P><STRONG><a name="[153]"></a>API_SendDataPkt</STRONG> (Thumb, 10 bytes, Stack size 8 bytes, api_c.o(i.API_SendDataPkt))
<BR><BR>[Stack]<UL><LI>Max Depth = 64<LI>Call Chain = API_SendDataPkt &rArr; LL_SendDataPkt &rArr; tmos_memory_free
</UL>
<BR>[Calls]<UL><LI><a href="#[154]">&gt;&gt;</a>&nbsp;&nbsp;&nbsp;LL_SendDataPkt
</UL>
[...]
<LI><a href="#[307]">&gt;&gt;</a>&nbsp;&nbsp;&nbsp;gapSendDevDiscEvent
<LI><a href="#[308]">&gt;&gt;</a>&nbsp;&nbsp;&nbsp;gapSendScanEnable
</UL>
<BR>[Called By]<UL><LI><a href="#[56]">&gt;&gt;</a>&nbsp;&nbsp;&nbsp;gapCentProcessHCICmdEvt
</UL>

<P><STRONG><a name="[1ed]"></a>gapFreeAdvertState</STRONG> (Thumb, 20 bytes, Stack size 8 bytes, gap_peripheral.o(i.gapFreeAdvertState))
<BR><BR>[Stack]<UL><LI>Max Depth = 24<LI>Call Chain = gapFreeAdvertState &rArr; tmos_memory_free
</UL>
<BR>[Calls]<UL><LI><a href="#[1d5]">&gt;&gt;</a>&nbsp;&nbsp;&nbsp;tmos_memory_free
</UL>
<BR>[Called By]<UL><LI><a href="#[1ca]">&gt;&gt;</a>&nbsp;&nbsp;&nbsp;GAP_MakeDiscoverable
<LI><a href="#[2f9]">&gt;&gt;</a>&nbsp;&nbsp;&nbsp;gapSendMakeDiscEvent
<LI><a href="#[2fa]">&gt;&gt;</a>&nbsp;&nbsp;&nbsp;gapWriteAdvEnableStatus
<LI><a href="#[5b]">&gt;&gt;</a>&nbsp;&nbsp;&nbsp;gapProcessAdvertisingEvt
</UL>

<P><STRONG><a name="[5d]"></a>gapPeriProcessConnEvt</STRONG> (Thumb, 132 bytes, Stack size 32 bytes, gap_peripheral.o(i.gapPeriProcessConnEvt))
<BR><BR>[Stack]<UL><LI>Max Depth = 272<LI>Call Chain = gapPeriProcessConnEvt &rArr; gapL2capConnParamUpdateReq &rArr; L2CAP_ConnParamUpdateReq &rArr; l2capSendReq &rArr; l2capSendCmd &rArr; l2capEncapSendData &rArr; HCI_SendDataPkt &rArr; API_SendDataPkt &rArr; LL_SendDataPkt &rArr; tmos_memory_free
</UL>
<BR>[Calls]<UL><LI><a href="#[1a6]">&gt;&gt;</a>&nbsp;&nbsp;&nbsp;linkDB_Find
<LI><a href="#[2ef]">&gt;&gt;</a>&nbsp;&nbsp;&nbsp;gapSendLinkUpdateEvent
<LI><a href="#[2f5]">&gt;&gt;</a>&nbsp;&nbsp;&nbsp;gapL2capConnParamUpdateReq
<LI><a href="#[267]">&gt;&gt;</a>&nbsp;&nbsp;&nbsp;L2CAP_CmdReject
</UL>
<BR>[Address Reference Count : 1]<UL><LI> gap_peripheral.o(i.GAP_PeripheralParamInit)
</UL>
<P><STRONG><a name="[5a]"></a>gapPeriProcessHCICmdCompleteEvt</STRONG> (Thumb, 130 bytes, Stack size 16 bytes, gap_peripheral.o(i.gapPeriProcessHCICmdCompleteEvt))
<BR><BR>[Stack]<UL><LI>Max Depth = 144<LI>Call Chain = gapPeriProcessHCICmdCompleteEvt &rArr; HCI_LE_SetAdvEnableCmd &rArr; API_LE_SetAdvEnableCmd &rArr; LL_SetAdvControl &rArr; ble_ll_common_rand16 &rArr; __aeabi_lmul &rArr; __aeabi_llsl
</UL>
<BR>[Calls]<UL><LI><a href="#[1c8]">&gt;&gt;</a>&nbsp;&nbsp;&nbsp;tmos_msg_send
<LI><a href="#[20e]">&gt;&gt;</a>&nbsp;&nbsp;&nbsp;tmos_msg_allocate
<LI><a href="#[2f9]">&gt;&gt;</a>&nbsp;&nbsp;&nbsp;gapSendMakeDiscEvent
<LI><a href="#[2fa]">&gt;&gt;</a>&nbsp;&nbsp;&nbsp;gapWriteAdvEnableStatus
<LI><a href="#[1e4]">&gt;&gt;</a>&nbsp;&nbsp;&nbsp;HCI_LE_SetAdvEnableCmd
</UL>
<BR>[Address Reference Count : 1]<UL><LI> gap_peripheral.o(i.GAP_PeripheralParamInit)
</UL>
<P><STRONG><a name="[5b]"></a>gapProcessAdvertisingEvt</STRONG> (Thumb, 112 bytes, Stack size 16 bytes, gap_peripheral.o(i.gapProcessAdvertisingEvt))
<BR><BR>[Stack]<UL><LI>Max Depth = 160<LI>Call Chain = gapProcessAdvertisingEvt &rArr; GAP_EndDiscoverable &rArr; HCI_LE_SetAdvEnableCmd &rArr; API_LE_SetAdvEnableCmd &rArr; LL_SetAdvControl &rArr; ble_ll_common_rand16 &rArr; __aeabi_lmul &rArr; __aeabi_llsl
</UL>
<BR>[Calls]<UL><LI><a href="#[de]">&gt;&gt;</a>&nbsp;&nbsp;&nbsp;tmos_stop_task
<LI><a href="#[c2]">&gt;&gt;</a>&nbsp;&nbsp;&nbsp;tmos_start_task
<LI><a href="#[1cd]">&gt;&gt;</a>&nbsp;&nbsp;&nbsp;GAP_EndDiscoverable
<LI><a href="#[1ed]">&gt;&gt;</a>&nbsp;&nbsp;&nbsp;gapFreeAdvertState
<LI><a href="#[fd]">&gt;&gt;</a>&nbsp;&nbsp;&nbsp;__aeabi_idivmod
</UL>
<BR>[Address Reference Count : 1]<UL><LI> gap_peripheral.o(i.GAP_PeripheralParamInit)
</UL>
<P><STRONG><a name="[5c]"></a>gapSetAdvParams</STRONG> (Thumb, 86 bytes, Stack size 40 bytes, gap_peripheral.o(i.gapSetAdvParams))
<BR><BR>[Stack]<UL><LI>Max Depth = 184<LI>Call Chain = gapSetAdvParams &rArr; HCI_LE_SetAdvParamCmd &rArr; API_LE_SetAdvParamCmd &rArr; HCI_CommandCompleteCback &rArr; HOST_CommandCompleteEvent &rArr; tmos_msg_send &rArr; tmos_msg_deallocate &rArr; tmos_memory_free
</UL>
<BR>[Calls]<UL><LI><a href="#[1e5]">&gt;&gt;</a>&nbsp;&nbsp;&nbsp;gapAddAddrAdj
<LI><a href="#[1c2]">&gt;&gt;</a>&nbsp;&nbsp;&nbsp;GAP_GetParamValue
<LI><a href="#[259]">&gt;&gt;</a>&nbsp;&nbsp;&nbsp;HCI_LE_SetAdvParamCmd
</UL>
<BR>[Called By]<UL><LI><a href="#[1ca]">&gt;&gt;</a>&nbsp;&nbsp;&nbsp;GAP_MakeDiscoverable
</UL>
<BR>[Address Reference Count : 1]<UL><LI> gap_peripheral.o(i.GAP_PeripheralParamInit)
</UL>
<P><STRONG><a name="[2fa]"></a>gapWriteAdvEnableStatus</STRONG> (Thumb, 184 bytes, Stack size 32 bytes, gap_peripheral.o(i.gapWriteAdvEnableStatus))
<BR><BR>[Stack]<UL><LI>Max Depth = 80<LI>Call Chain = gapWriteAdvEnableStatus &rArr; gapSendMakeDiscEvent &rArr; tmos_msg_send &rArr; tmos_msg_deallocate &rArr; tmos_memory_free
</UL>
<BR>[Calls]<UL><LI><a href="#[1c8]">&gt;&gt;</a>&nbsp;&nbsp;&nbsp;tmos_msg_send
<LI><a href="#[20e]">&gt;&gt;</a>&nbsp;&nbsp;&nbsp;tmos_msg_allocate
<LI><a href="#[c2]">&gt;&gt;</a>&nbsp;&nbsp;&nbsp;tmos_start_task
<LI><a href="#[2f3]">&gt;&gt;</a>&nbsp;&nbsp;&nbsp;gapFindADType
<LI><a href="#[1c2]">&gt;&gt;</a>&nbsp;&nbsp;&nbsp;GAP_GetParamValue
<LI><a href="#[1f1]">&gt;&gt;</a>&nbsp;&nbsp;&nbsp;tmos_start_reload_task
<LI><a href="#[2f9]">&gt;&gt;</a>&nbsp;&nbsp;&nbsp;gapSendMakeDiscEvent
<LI><a href="#[1ed]">&gt;&gt;</a>&nbsp;&nbsp;&nbsp;gapFreeAdvertState
<LI><a href="#[fd]">&gt;&gt;</a>&nbsp;&nbsp;&nbsp;__aeabi_idivmod
</UL>
<BR>[Called By]<UL><LI><a href="#[5a]">&gt;&gt;</a>&nbsp;&nbsp;&nbsp;gapPeriProcessHCICmdCompleteEvt
</UL>

<P><STRONG><a name="[69]"></a>l2capBuildCmdReject</STRONG> (Thumb, 64 bytes, Stack size 0 bytes, l2cap_sdu.o(i.l2capBuildCmdReject))
<BR>[Address Reference Count : 1]<UL><LI> l2cap_sdu.o(i.L2CAP_CmdReject)
</UL>
<P><STRONG><a name="[80]"></a>l2capBuildConnectRsp</STRONG> (Thumb, 54 bytes, Stack size 0 bytes, l2cap_sdu.o(i.l2capBuildConnectRsp))
<BR>[Address Reference Count : 1]<UL><LI> l2cap_sdu.o(i.l2capSendConnectRsp)
</UL>
<P><STRONG><a name="[6c]"></a>l2capBuildDisconnectReq</STRONG> (Thumb, 24 bytes, Stack size 0 bytes, l2cap_sdu.o(i.l2capBuildDisconnectReq))
<BR>[Address Reference Count : 1]<UL><LI> l2cap_sdu.o(i.L2CAP_DisconnectReq)
</UL>
<P><STRONG><a name="[6a]"></a>l2capBuildParamUpdateReq</STRONG> (Thumb, 44 bytes, Stack size 0 bytes, l2cap_sdu.o(i.l2capBuildParamUpdateReq))
<BR>[Address Reference Count : 1]<UL><LI> l2cap_sdu.o(i.L2CAP_ConnParamUpdateReq)
</UL>
<P><STRONG><a name="[6b]"></a>l2capBuildParamUpdateRsp</STRONG> (Thumb, 14 bytes, Stack size 0 bytes, l2cap_sdu.o(i.l2capBuildParamUpdateRsp))
<BR>[Address Reference Count : 1]<UL><LI> l2cap_sdu.o(i.L2CAP_ConnParamUpdateRsp)
</UL>
<P><STRONG><a name="[37f]"></a>RTC_A_ADD_B</STRONG> (Thumb, 14 bytes, Stack size 0 bytes, ll_initiate.o(i.RTC_A_ADD_B))
<BR><BR>[Called By]<UL><LI><a href="#[37d]">&gt;&gt;</a>&nbsp;&nbsp;&nbsp;ll_initiate_get_connect_offset
</UL>

<P><STRONG><a name="[380]"></a>RTC_A_SUB_B</STRONG> (Thumb, 14 bytes, Stack size 0 bytes, ll_initiate.o(i.RTC_A_SUB_B))
<BR><BR>[Called By]<UL><LI><a href="#[37d]">&gt;&gt;</a>&nbsp;&nbsp;&nbsp;ll_initiate_get_connect_offset
</UL>

<P><STRONG><a name="[37e]"></a>TIM_1250US_TO_RTC_CLK</STRONG> (Thumb, 28 bytes, Stack size 0 bytes, ll_initiate.o(i.TIM_1250US_TO_RTC_CLK))
<BR><BR>[Called By]<UL><LI><a href="#[37d]">&gt;&gt;</a>&nbsp;&nbsp;&nbsp;ll_initiate_get_connect_offset
</UL>

<P><STRONG><a name="[70]"></a>llInitiateCreateCore</STRONG> (Thumb, 88 bytes, Stack size 8 bytes, ll_initiate.o(i.llInitiateCreateCore))
<BR><BR>[Stack]<UL><LI>Max Depth = 112<LI>Call Chain = llInitiateCreateCore &rArr; LL_AddrGenerateValidAccessAddress &rArr; ble_ll_common_rand32 &rArr; __aeabi_lmul &rArr; __aeabi_llsl
</UL>
<BR>[Calls]<UL><LI><a href="#[10a]">&gt;&gt;</a>&nbsp;&nbsp;&nbsp;tmos_memset
<LI><a href="#[2af]">&gt;&gt;</a>&nbsp;&nbsp;&nbsp;ble_ll_common_rand8
<LI><a href="#[274]">&gt;&gt;</a>&nbsp;&nbsp;&nbsp;ble_ll_common_rand32
<LI><a href="#[19c]">&gt;&gt;</a>&nbsp;&nbsp;&nbsp;tmos_memory_allocate
<LI><a href="#[276]">&gt;&gt;</a>&nbsp;&nbsp;&nbsp;LL_AddrGenerateValidAccessAddress
</UL>
<BR>[Address Reference Count : 1]<UL><LI> ll_initiate.o(i.LL_InitiateEnable)
</UL>
<P><STRONG><a name="[82]"></a>llInitiateSet</STRONG> (Thumb, 232 bytes, Stack size 32 bytes, ll_initiate.o(i.llInitiateSet))
<BR><BR>[Stack]<UL><LI>Max Depth = 184<LI>Call Chain = llInitiateSet &rArr; ll_resolvinglist_renew_rpa &rArr; LL_AddrGenerateResolvableAddress &rArr; ble_ll_common_rand32 &rArr; __aeabi_lmul &rArr; __aeabi_llsl
</UL>
<BR>[Calls]<UL><LI><a href="#[d7]">&gt;&gt;</a>&nbsp;&nbsp;&nbsp;tmos_set_event
<LI><a href="#[db]">&gt;&gt;</a>&nbsp;&nbsp;&nbsp;tmos_memcpy
<LI><a href="#[1f1]">&gt;&gt;</a>&nbsp;&nbsp;&nbsp;tmos_start_reload_task
<LI><a href="#[35d]">&gt;&gt;</a>&nbsp;&nbsp;&nbsp;ll_resolvinglist_renew_rpa
<LI><a href="#[2b5]">&gt;&gt;</a>&nbsp;&nbsp;&nbsp;LL_ResolvinglistPeerIdentifyAddressGetIrk
</UL>
<BR>[Address Reference Count : 1]<UL><LI> ll_initiate.o(i.llInitiateCreateCore)
</UL>
<P><STRONG><a name="[83]"></a>llInitiateStart</STRONG> (Thumb, 84 bytes, Stack size 16 bytes, ll_initiate.o(i.llInitiateStart))
<BR><BR>[Stack]<UL><LI>Max Depth = 172<LI>Call Chain = llInitiateStart &rArr; ll_hw_temp_sample &rArr; BLE_RegInit &rArr; RFEND_TXCtune &rArr; __aeabi_idivmod &rArr; __aeabi_uidivmod
</UL>
<BR>[Calls]<UL><LI><a href="#[286]">&gt;&gt;</a>&nbsp;&nbsp;&nbsp;TMOS_ProcessRegister
<LI><a href="#[c2]">&gt;&gt;</a>&nbsp;&nbsp;&nbsp;tmos_start_task
<LI><a href="#[27f]">&gt;&gt;</a>&nbsp;&nbsp;&nbsp;ble_ll_hw_api_shut
<LI><a href="#[2e1]">&gt;&gt;</a>&nbsp;&nbsp;&nbsp;ble_ll_hw_api_rx
<LI><a href="#[35e]">&gt;&gt;</a>&nbsp;&nbsp;&nbsp;ll_hw_temp_sample
</UL>
<BR>[Address Reference Count : 1]<UL><LI> ll_initiate.o(i.llInitiateCreateCore)
</UL>
<P><STRONG><a name="[84]"></a>llInitiateTraverseaChannel</STRONG> (Thumb, 102 bytes, Stack size 24 bytes, ll_initiate.o(i.llInitiateTraverseaChannel))
<BR><BR>[Stack]<UL><LI>Max Depth = 56<LI>Call Chain = llInitiateTraverseaChannel &rArr; ble_ll_hw_api_rx &rArr; BB_DevSetChannel
</UL>
<BR>[Calls]<UL><LI><a href="#[286]">&gt;&gt;</a>&nbsp;&nbsp;&nbsp;TMOS_ProcessRegister
<LI><a href="#[de]">&gt;&gt;</a>&nbsp;&nbsp;&nbsp;tmos_stop_task
<LI><a href="#[c2]">&gt;&gt;</a>&nbsp;&nbsp;&nbsp;tmos_start_task
<LI><a href="#[27f]">&gt;&gt;</a>&nbsp;&nbsp;&nbsp;ble_ll_hw_api_shut
<LI><a href="#[2e1]">&gt;&gt;</a>&nbsp;&nbsp;&nbsp;ble_ll_hw_api_rx
</UL>
<BR>[Address Reference Count : 1]<UL><LI> ll_initiate.o(i.llInitiateCreateCore)
</UL>
<P><STRONG><a name="[37b]"></a>ll_initiate_filter</STRONG> (Thumb, 244 bytes, Stack size 32 bytes, ll_initiate.o(i.ll_initiate_filter))
<BR><BR>[Stack]<UL><LI>Max Depth = 144<LI>Call Chain = ll_initiate_filter &rArr; LL_ResolvinglistCheckPeerResolution &rArr; ll_resolvinglist_checkRPA &rArr; ll_hw_api_enc &rArr; AES_DevAESEnc &rArr; AES_DecError
</UL>
<BR>[Calls]<UL><LI><a href="#[da]">&gt;&gt;</a>&nbsp;&nbsp;&nbsp;tmos_memcmp
<LI><a href="#[2c1]">&gt;&gt;</a>&nbsp;&nbsp;&nbsp;LL_WhitelistLookup
<LI><a href="#[2b3]">&gt;&gt;</a>&nbsp;&nbsp;&nbsp;LL_ResolvinglistCheckPeerResolution
<LI><a href="#[231]">&gt;&gt;</a>&nbsp;&nbsp;&nbsp;__aeabi_memcpy
<LI><a href="#[2b1]">&gt;&gt;</a>&nbsp;&nbsp;&nbsp;LL_ResolvinglistCheckLocalResolution
</UL>
<BR>[Called By]<UL><LI><a href="#[381]">&gt;&gt;</a>&nbsp;&nbsp;&nbsp;ll_initiate_rx
</UL>

<P><STRONG><a name="[37c]"></a>ll_initiate_generated_pdu</STRONG> (Thumb, 328 bytes, Stack size 24 bytes, ll_initiate.o(i.ll_initiate_generated_pdu))
<BR><BR>[Stack]<UL><LI>Max Depth = 56<LI>Call Chain = ll_initiate_generated_pdu &rArr; ll_initiate_get_connect_offset
</UL>
<BR>[Calls]<UL><LI><a href="#[db]">&gt;&gt;</a>&nbsp;&nbsp;&nbsp;tmos_memcpy
<LI><a href="#[37d]">&gt;&gt;</a>&nbsp;&nbsp;&nbsp;ll_initiate_get_connect_offset
</UL>
<BR>[Called By]<UL><LI><a href="#[381]">&gt;&gt;</a>&nbsp;&nbsp;&nbsp;ll_initiate_rx
</UL>

<P><STRONG><a name="[37d]"></a>ll_initiate_get_connect_offset</STRONG> (Thumb, 166 bytes, Stack size 32 bytes, ll_initiate.o(i.ll_initiate_get_connect_offset))
<BR><BR>[Stack]<UL><LI>Max Depth = 32<LI>Call Chain = ll_initiate_get_connect_offset
</UL>
<BR>[Calls]<UL><LI><a href="#[123]">&gt;&gt;</a>&nbsp;&nbsp;&nbsp;ll_connect_get_connect_number
<LI><a href="#[37e]">&gt;&gt;</a>&nbsp;&nbsp;&nbsp;TIM_1250US_TO_RTC_CLK
<LI><a href="#[380]">&gt;&gt;</a>&nbsp;&nbsp;&nbsp;RTC_A_SUB_B
<LI><a href="#[37f]">&gt;&gt;</a>&nbsp;&nbsp;&nbsp;RTC_A_ADD_B
</UL>
<BR>[Called By]<UL><LI><a href="#[37c]">&gt;&gt;</a>&nbsp;&nbsp;&nbsp;ll_initiate_generated_pdu
</UL>

<P><STRONG><a name="[85]"></a>ll_initiate_process</STRONG> (Thumb, 244 bytes, Stack size 24 bytes, ll_initiate.o(i.ll_initiate_process))
<BR><BR>[Stack]<UL><LI>Max Depth = 184<LI>Call Chain = ll_initiate_process &rArr; ll_initiate_rx &rArr; ll_initiate_filter &rArr; LL_ResolvinglistCheckPeerResolution &rArr; ll_resolvinglist_checkRPA &rArr; ll_hw_api_enc &rArr; AES_DevAESEnc &rArr; AES_DecError
</UL>
<BR>[Calls]<UL><LI><a href="#[286]">&gt;&gt;</a>&nbsp;&nbsp;&nbsp;TMOS_ProcessRegister
<LI><a href="#[27f]">&gt;&gt;</a>&nbsp;&nbsp;&nbsp;ble_ll_hw_api_shut
<LI><a href="#[2e1]">&gt;&gt;</a>&nbsp;&nbsp;&nbsp;ble_ll_hw_api_rx
<LI><a href="#[368]">&gt;&gt;</a>&nbsp;&nbsp;&nbsp;ble_ll_chkcrc
<LI><a href="#[2a4]">&gt;&gt;</a>&nbsp;&nbsp;&nbsp;LL_MasterSetFirstTimer
<LI><a href="#[29f]">&gt;&gt;</a>&nbsp;&nbsp;&nbsp;LL_MasterCreateCore
<LI><a href="#[14d]">&gt;&gt;</a>&nbsp;&nbsp;&nbsp;LL_CoreGetCore
<LI><a href="#[29d]">&gt;&gt;</a>&nbsp;&nbsp;&nbsp;ll_initiate_to_standby
<LI><a href="#[381]">&gt;&gt;</a>&nbsp;&nbsp;&nbsp;ll_initiate_rx
</UL>
<BR>[Address Reference Count : 2]<UL><LI> ll_initiate.o(i.llInitiateStart)
<LI> ll_initiate.o(i.ll_initiate_process)
</UL>
<P><STRONG><a name="[381]"></a>ll_initiate_rx</STRONG> (Thumb, 176 bytes, Stack size 16 bytes, ll_initiate.o(i.ll_initiate_rx))
<BR><BR>[Stack]<UL><LI>Max Depth = 160<LI>Call Chain = ll_initiate_rx &rArr; ll_initiate_filter &rArr; LL_ResolvinglistCheckPeerResolution &rArr; ll_resolvinglist_checkRPA &rArr; ll_hw_api_enc &rArr; AES_DevAESEnc &rArr; AES_DecError
</UL>
<BR>[Calls]<UL><LI><a href="#[db]">&gt;&gt;</a>&nbsp;&nbsp;&nbsp;tmos_memcpy
<LI><a href="#[374]">&gt;&gt;</a>&nbsp;&nbsp;&nbsp;ll_hw_api_rx_set_txlen
<LI><a href="#[2e8]">&gt;&gt;</a>&nbsp;&nbsp;&nbsp;ble_ll_set_timeout
<LI><a href="#[37c]">&gt;&gt;</a>&nbsp;&nbsp;&nbsp;ll_initiate_generated_pdu
<LI><a href="#[37b]">&gt;&gt;</a>&nbsp;&nbsp;&nbsp;ll_initiate_filter
</UL>
<BR>[Called By]<UL><LI><a href="#[85]">&gt;&gt;</a>&nbsp;&nbsp;&nbsp;ll_initiate_process
</UL>

<P><STRONG><a name="[29d]"></a>ll_initiate_to_standby</STRONG> (Thumb, 44 bytes, Stack size 16 bytes, ll_initiate.o(i.ll_initiate_to_standby))
<BR><BR>[Stack]<UL><LI>Max Depth = 32<LI>Call Chain = ll_initiate_to_standby &rArr; tmos_stop_task
</UL>
<BR>[Calls]<UL><LI><a href="#[286]">&gt;&gt;</a>&nbsp;&nbsp;&nbsp;TMOS_ProcessRegister
<LI><a href="#[de]">&gt;&gt;</a>&nbsp;&nbsp;&nbsp;tmos_stop_task
</UL>
<BR>[Called By]<UL><LI><a href="#[293]">&gt;&gt;</a>&nbsp;&nbsp;&nbsp;LL_InitiateToStandby
<LI><a href="#[85]">&gt;&gt;</a>&nbsp;&nbsp;&nbsp;ll_initiate_process
</UL>

<P><STRONG><a name="[2b2]"></a>ll_resolvinglist_checkRPA</STRONG> (Thumb, 82 bytes, Stack size 40 bytes, ll_resolvinglist.o(i.ll_resolvinglist_checkRPA))
<BR><BR>[Stack]<UL><LI>Max Depth = 80<LI>Call Chain = ll_resolvinglist_checkRPA &rArr; ll_hw_api_enc &rArr; AES_DevAESEnc &rArr; AES_DecError
</UL>
<BR>[Calls]<UL><LI><a href="#[275]">&gt;&gt;</a>&nbsp;&nbsp;&nbsp;ll_hw_api_enc
</UL>
<BR>[Called By]<UL><LI><a href="#[2b6]">&gt;&gt;</a>&nbsp;&nbsp;&nbsp;LL_ResolvinglistPeerRpaAddressGetIrk
<LI><a href="#[2b4]">&gt;&gt;</a>&nbsp;&nbsp;&nbsp;LL_ResolvinglistLocalRpaAddressGetIrk
<LI><a href="#[2b3]">&gt;&gt;</a>&nbsp;&nbsp;&nbsp;LL_ResolvinglistCheckPeerResolution
<LI><a href="#[2b1]">&gt;&gt;</a>&nbsp;&nbsp;&nbsp;LL_ResolvinglistCheckLocalResolution
</UL>

<P><STRONG><a name="[117]"></a>AddRoundKey</STRONG> (Thumb, 54 bytes, Stack size 20 bytes, aes_soft.o(i.AddRoundKey))
<BR><BR>[Stack]<UL><LI>Max Depth = 20<LI>Call Chain = AddRoundKey
</UL>
<BR>[Called By]<UL><LI><a href="#[114]">&gt;&gt;</a>&nbsp;&nbsp;&nbsp;AES128_ECB_encrypt
</UL>

<P><STRONG><a name="[115]"></a>BlockCopy</STRONG> (Thumb, 16 bytes, Stack size 0 bytes, aes_soft.o(i.BlockCopy))
<BR><BR>[Called By]<UL><LI><a href="#[114]">&gt;&gt;</a>&nbsp;&nbsp;&nbsp;AES128_ECB_encrypt
</UL>

<P><STRONG><a name="[116]"></a>KeyExpansion</STRONG> (Thumb, 156 bytes, Stack size 24 bytes, aes_soft.o(i.KeyExpansion))
<BR><BR>[Stack]<UL><LI>Max Depth = 24<LI>Call Chain = KeyExpansion
</UL>
<BR>[Called By]<UL><LI><a href="#[114]">&gt;&gt;</a>&nbsp;&nbsp;&nbsp;AES128_ECB_encrypt
</UL>

<P><STRONG><a name="[11a]"></a>MixColumns</STRONG> (Thumb, 126 bytes, Stack size 24 bytes, aes_soft.o(i.MixColumns))
<BR><BR>[Stack]<UL><LI>Max Depth = 24<LI>Call Chain = MixColumns
</UL>
<BR>[Calls]<UL><LI><a href="#[2c2]">&gt;&gt;</a>&nbsp;&nbsp;&nbsp;xtime
</UL>
<BR>[Called By]<UL><LI><a href="#[114]">&gt;&gt;</a>&nbsp;&nbsp;&nbsp;AES128_ECB_encrypt
</UL>

<P><STRONG><a name="[119]"></a>ShiftRows</STRONG> (Thumb, 54 bytes, Stack size 0 bytes, aes_soft.o(i.ShiftRows))
<BR><BR>[Called By]<UL><LI><a href="#[114]">&gt;&gt;</a>&nbsp;&nbsp;&nbsp;AES128_ECB_encrypt
</UL>

<P><STRONG><a name="[118]"></a>SubBytes</STRONG> (Thumb, 40 bytes, Stack size 12 bytes, aes_soft.o(i.SubBytes))
<BR><BR>[Stack]<UL><LI>Max Depth = 12<LI>Call Chain = SubBytes
</UL>
<BR>[Called By]<UL><LI><a href="#[114]">&gt;&gt;</a>&nbsp;&nbsp;&nbsp;AES128_ECB_encrypt
</UL>

<P><STRONG><a name="[2c2]"></a>xtime</STRONG> (Thumb, 14 bytes, Stack size 0 bytes, aes_soft.o(i.xtime))
<BR><BR>[Called By]<UL><LI><a href="#[11a]">&gt;&gt;</a>&nbsp;&nbsp;&nbsp;MixColumns
</UL>

<P><STRONG><a name="[279]"></a>ll_address_create_non_resolvable</STRONG> (Thumb, 144 bytes, Stack size 24 bytes, ll_address.o(i.ll_address_create_non_resolvable))
<BR><BR>[Stack]<UL><LI>Max Depth = 112<LI>Call Chain = ll_address_create_non_resolvable &rArr; ble_ll_common_rand32 &rArr; __aeabi_lmul &rArr; __aeabi_llsl
</UL>
<BR>[Calls]<UL><LI><a href="#[274]">&gt;&gt;</a>&nbsp;&nbsp;&nbsp;ble_ll_common_rand32
<LI><a href="#[282]">&gt;&gt;</a>&nbsp;&nbsp;&nbsp;ble_ll_common_rand16
</UL>
<BR>[Called By]<UL><LI><a href="#[277]">&gt;&gt;</a>&nbsp;&nbsp;&nbsp;LL_AddrInit
</UL>

<P><STRONG><a name="[278]"></a>ll_address_create_static</STRONG> (Thumb, 102 bytes, Stack size 24 bytes, ll_address.o(i.ll_address_create_static))
<BR><BR>[Stack]<UL><LI>Max Depth = 112<LI>Call Chain = ll_address_create_static &rArr; ble_ll_common_rand32 &rArr; __aeabi_lmul &rArr; __aeabi_llsl
</UL>
<BR>[Calls]<UL><LI><a href="#[274]">&gt;&gt;</a>&nbsp;&nbsp;&nbsp;ble_ll_common_rand32
<LI><a href="#[282]">&gt;&gt;</a>&nbsp;&nbsp;&nbsp;ble_ll_common_rand16
</UL>
<BR>[Called By]<UL><LI><a href="#[277]">&gt;&gt;</a>&nbsp;&nbsp;&nbsp;LL_AddrInit
</UL>

<P><STRONG><a name="[2de]"></a>_printf_core</STRONG> (Thumb, 1020 bytes, Stack size 104 bytes, printf8.o(i._printf_core), UNUSED)
<BR><BR>[Calls]<UL><LI><a href="#[111]">&gt;&gt;</a>&nbsp;&nbsp;&nbsp;__aeabi_uldivmod
<LI><a href="#[2df]">&gt;&gt;</a>&nbsp;&nbsp;&nbsp;_printf_pre_padding
<LI><a href="#[2e0]">&gt;&gt;</a>&nbsp;&nbsp;&nbsp;_printf_post_padding
</UL>
<BR>[Called By]<UL><LI><a href="#[2dd]">&gt;&gt;</a>&nbsp;&nbsp;&nbsp;__0printf$8
</UL>

<P><STRONG><a name="[2e0]"></a>_printf_post_padding</STRONG> (Thumb, 32 bytes, Stack size 24 bytes, printf8.o(i._printf_post_padding), UNUSED)
<BR><BR>[Called By]<UL><LI><a href="#[2de]">&gt;&gt;</a>&nbsp;&nbsp;&nbsp;_printf_core
</UL>

<P><STRONG><a name="[2df]"></a>_printf_pre_padding</STRONG> (Thumb, 44 bytes, Stack size 40 bytes, printf8.o(i._printf_pre_padding), UNUSED)
<BR><BR>[Called By]<UL><LI><a href="#[2de]">&gt;&gt;</a>&nbsp;&nbsp;&nbsp;_printf_core
</UL>
<P>
<H3>
Undefined Global Symbols
</H3><HR></body></html>
