Component: ARM Compiler 5.06 update 6 (build 750) Tool: armlink [4d35ed]

==============================================================================

Section Cross References

    centperi_main.o(.text) refers to ch57x_gpio.o(.text) for GPIOA_ModeCfg
    centperi_main.o(.text) refers to ch57x_uart1.o(.text) for UART1_DefInit
    centperi_main.o(.text) refers to printf8.o(i.__0printf$8) for __2printf
    centperi_main.o(.text) refers to mcu.o(.text) for CH57X_BLEInit
    centperi_main.o(.text) refers to role.o(i.GAPRole_PeripheralInit) for GAPRole_PeripheralInit
    centperi_main.o(.text) refers to role.o(i.GAPRole_CentralInit) for GAPRole_CentralInit
    centperi_main.o(.text) refers to peripheral.o(.text) for SimpleBLEPeripheral_Init
    centperi_main.o(.text) refers to central.o(.text) for Central_Init
    centperi_main.o(.text) refers to tmos.o(i.TMOS_SystemProcess) for TMOS_SystemProcess
    centperi_main.o(.text) refers to ip.o(.constdata) for VER_LIB
    central.o(.text) refers to gatt.o(i.GATT_DiscPrimaryServiceByUUID) for GATT_DiscPrimaryServiceByUUID
    central.o(.text) refers to printf8.o(i.__0printf$8) for __2printf
    central.o(.text) refers to gatt.o(i.GATT_ReadUsingCharUUID) for GATT_ReadUsingCharUUID
    central.o(.text) refers to tmos.o(i.tmos_start_task) for tmos_start_task
    central.o(.text) refers to gatt.o(i.GATT_bm_free) for GATT_bm_free
    central.o(.text) refers to message.o(i.tmos_msg_receive) for tmos_msg_receive
    central.o(.text) refers to message.o(i.tmos_msg_deallocate) for tmos_msg_deallocate
    central.o(.text) refers to central.o(i.GAPRole_CentralStartDevice) for GAPRole_CentralStartDevice
    central.o(.text) refers to role.o(i.GAPRole_TerminateLink) for GAPRole_TerminateLink
    central.o(.text) refers to central.o(i.GAPRole_UpdateLink) for GAPRole_UpdateLink
    central.o(.text) refers to gatt.o(i.GATT_bm_alloc) for GATT_bm_alloc
    central.o(.text) refers to gatt.o(i.GATT_WriteCharValue) for GATT_WriteCharValue
    central.o(.text) refers to gatt.o(i.GATT_ReadCharValue) for GATT_ReadCharValue
    central.o(.text) refers to role.o(i.GAPRole_ReadRssiCmd) for GAPRole_ReadRssiCmd
    central.o(.text) refers to tmos.o(i.TMOS_ProcessEventRegister) for TMOS_ProcessEventRegister
    central.o(.text) refers to gap.o(i.GAP_SetParamValue) for GAP_SetParamValue
    central.o(.text) refers to gapgattserver.o(i.GGS_SetParameter) for GGS_SetParameter
    central.o(.text) refers to gapbondmgr.o(i.GAPBondMgr_SetParameter) for GAPBondMgr_SetParameter
    central.o(.text) refers to central.o(.data) for centralCharHdl
    central.o(.text) refers to central.o(.constdata) for centralDeviceName
    central.o(.text) refers to gattclientapp.o(i.GATT_InitClient) for GATT_InitClient
    central.o(.text) refers to gattclientapp.o(i.GATT_RegisterForInd) for GATT_RegisterForInd
    central.o(.text) refers to gapgattserver.o(i.GGS_AddService) for GGS_AddService
    central.o(.text) refers to gattservapp.o(i.GATTServApp_AddService) for GATTServApp_AddService
    central.o(.text) refers to tmos.o(i.tmos_set_event) for tmos_set_event
    central.o(.text) refers to gatt.o(i.GATT_ExchangeMTU) for GATT_ExchangeMTU
    central.o(.text) refers to tmos.o(i.tmos_memcmp) for tmos_memcmp
    central.o(.text) refers to tmos.o(i.tmos_memcpy) for tmos_memcpy
    central.o(.text) refers to central.o(i.GAPRole_CentralStartDiscovery) for GAPRole_CentralStartDiscovery
    central.o(.text) refers to central.o(i.GAPRole_CentralEstablishLink) for GAPRole_CentralEstablishLink
    central.o(.text) refers to tmos.o(i.tmos_stop_task) for tmos_stop_task
    central.o(.text) refers to tmos.o(i.tmos_rand) for tmos_rand
    central.o(.text) refers to uidiv.o(.text) for __aeabi_uidivmod
    central.o(.text) refers to gapbondmgr.o(i.GAPBondMgr_PasscodeRsp) for GAPBondMgr_PasscodeRsp
    central.o(.text) refers to central.o(.bss) for centralDevList
    central.o(.data) refers to central.o(.text) for centralRssiCB
    peripheral.o(.text) refers to gatt.o(i.GATT_bm_alloc) for GATT_bm_alloc
    peripheral.o(.text) refers to tmos.o(i.tmos_memcpy) for tmos_memcpy
    peripheral.o(.text) refers to gattprofile.o(.text) for simpleProfile_Notify
    peripheral.o(.text) refers to gatt.o(i.GATT_bm_free) for GATT_bm_free
    peripheral.o(.text) refers to message.o(i.tmos_msg_receive) for tmos_msg_receive
    peripheral.o(.text) refers to message.o(i.tmos_msg_deallocate) for tmos_msg_deallocate
    peripheral.o(.text) refers to peripheral.o(i.GAPRole_PeripheralStartDevice) for GAPRole_PeripheralStartDevice
    peripheral.o(.text) refers to tmos.o(i.tmos_start_task) for tmos_start_task
    peripheral.o(.text) refers to peripheral.o(i.GAPRole_PeripheralConnParamUpdateReq) for GAPRole_PeripheralConnParamUpdateReq
    peripheral.o(.text) refers to role.o(i.GAPRole_ReadRssiCmd) for GAPRole_ReadRssiCmd
[...]
    0x0000689a   0x0000689a   0x00000010   Code   RO         1891    i.HCI_LE_RemoteConnParamReqReplyCmd  CH57xBLE.LIB(host_output.o)
    0x000068aa   0x000068aa   0x0000000c   Code   RO         2851    i.HCI_LE_RemoteConnectionParameterRequestCback  CH57xBLE.LIB(ctl_output.o)
    0x000068b6   0x000068b6   0x00000008   Code   RO         1893    i.HCI_LE_SetAdvDataCmd  CH57xBLE.LIB(host_output.o)
    0x000068be   0x000068be   0x00000008   Code   RO         1894    i.HCI_LE_SetAdvEnableCmd  CH57xBLE.LIB(host_output.o)
    0x000068c6   0x000068c6   0x00000016   Code   RO         1895    i.HCI_LE_SetAdvParamCmd  CH57xBLE.LIB(host_output.o)
    0x000068dc   0x000068dc   0x00000008   Code   RO         1898    i.HCI_LE_SetRandomAddressCmd  CH57xBLE.LIB(host_output.o)
    0x000068e4   0x000068e4   0x00000008   Code   RO         1899    i.HCI_LE_SetScanEnableCmd  CH57xBLE.LIB(host_output.o)
    0x000068ec   0x000068ec   0x0000000c   Code   RO         1900    i.HCI_LE_SetScanParamCmd  CH57xBLE.LIB(host_output.o)
    0x000068f8   0x000068f8   0x00000008   Code   RO         1901    i.HCI_LE_SetScanRspDataCmd  CH57xBLE.LIB(host_output.o)
    0x00006900   0x00006900   0x00000010   Code   RO         1902    i.HCI_LE_StartEncyptCmd  CH57xBLE.LIB(host_output.o)
    0x00006910   0x00006910   0x00000008   Code   RO         1903    i.HCI_MB_DisconnectCmd  CH57xBLE.LIB(host_output.o)
    0x00006918   0x00006918   0x00000008   Code   RO         2852    i.HCI_NumberOfCompletedPacketsCback  CH57xBLE.LIB(ctl_output.o)
    0x00006920   0x00006920   0x00000008   Code   RO         1904    i.HCI_ReadBDADDRCmd  CH57xBLE.LIB(host_output.o)
    0x00006928   0x00006928   0x0000000c   Code   RO         2853    i.HCI_ReadRemoteVersionInfoCback  CH57xBLE.LIB(ctl_output.o)
    0x00006934   0x00006934   0x00000008   Code   RO         1908    i.HCI_ReadRssiCmd   CH57xBLE.LIB(host_output.o)
    0x0000693c   0x0000693c   0x0000000c   Code   RO         2854    i.HCI_RemoteConnectionParameterRequestCback  CH57xBLE.LIB(ctl_output.o)
    0x00006948   0x00006948   0x00000008   Code   RO         2855    i.HCI_RxDataCompleteCback  CH57xBLE.LIB(ctl_output.o)
    0x00006950   0x00006950   0x00000008   Code   RO         1911    i.HCI_SendDataPkt   CH57xBLE.LIB(host_output.o)
    0x00006958   0x00006958   0x0000003c   Code   RO         1915    i.HCI_ValidConnTimeParams  CH57xBLE.LIB(host_output.o)
    0x00006994   0x00006994   0x00000040   Code   RO         1825    i.HOST_CommandCompleteEvent  CH57xBLE.LIB(host_input.o)
    0x000069d4   0x000069d4   0x00000030   Code   RO         1826    i.HOST_CommandStatusEvent  CH57xBLE.LIB(host_input.o)
    0x00006a04   0x00006a04   0x00000028   Code   RO         1827    i.HOST_DataBufferOverflowEvent  CH57xBLE.LIB(host_input.o)
    0x00006a2c   0x00006a2c   0x00000030   Code   RO         1828    i.HOST_DisconnectionCompleteEvent  CH57xBLE.LIB(host_input.o)
    0x00006a5c   0x00006a5c   0x00000034   Code   RO         1829    i.HOST_EncryptionChangeEvent  CH57xBLE.LIB(host_input.o)
    0x00006a90   0x00006a90   0x0000002c   Code   RO         1830    i.HOST_EncryptionKeyRefreshCompleteEvent  CH57xBLE.LIB(host_input.o)
    0x00006abc   0x00006abc   0x00000060   Code   RO         1832    i.HOST_LE_AdvPktReportEvent  CH57xBLE.LIB(host_input.o)
    0x00006b1c   0x00006b1c   0x00000070   Code   RO         1833    i.HOST_LE_ConnectionCompleteEvent  CH57xBLE.LIB(host_input.o)
    0x00006b8c   0x00006b8c   0x0000003c   Code   RO         1834    i.HOST_LE_ConnectionUpdateCompleteEvent  CH57xBLE.LIB(host_input.o)
    0x00006bc8   0x00006bc8   0x0000003c   Code   RO         1835    i.HOST_LE_DataLengthChangeEvent  CH57xBLE.LIB(host_input.o)
    0x00006c04   0x00006c04   0x0000006c   Code   RO         1836    i.HOST_LE_DirectAdvertisingReportEvent  CH57xBLE.LIB(host_input.o)
    0x00006c70   0x00006c70   0x000000a4   Code   RO         1837    i.HOST_LE_EnhancedConnectionCompleteEvent  CH57xBLE.LIB(host_input.o)
    0x00006d14   0x00006d14   0x0000003c   Code   RO         1839    i.HOST_LE_LongTermKeyRequestEvent  CH57xBLE.LIB(host_input.o)
    0x00006d50   0x00006d50   0x0000003c   Code   RO         1841    i.HOST_LE_ReadRemoteUsedFeaturesCompleteEvent  CH57xBLE.LIB(host_input.o)
    0x00006d8c   0x00006d8c   0x0000003c   Code   RO         1842    i.HOST_LE_RemoteConnectionParameterRequestEvent  CH57xBLE.LIB(host_input.o)
    0x00006dc8   0x00006dc8   0x00000030   Code   RO         1843    i.HOST_NumberOfCompletedPacketsEvent  CH57xBLE.LIB(host_input.o)
    0x00006df8   0x00006df8   0x00000038   Code   RO         1844    i.HOST_ReadRemoteVersionInfoEvent  CH57xBLE.LIB(host_input.o)
    0x00006e30   0x00006e30   0x00000048   Code   RO         1845    i.HOST_RecvDataPackets  CH57xBLE.LIB(host_input.o)
    0x00006e78   0x00006e78   0x0000002e   Code   RO         1846    i.HOST_RemoteConnectionParameterRequestEvent  CH57xBLE.LIB(host_input.o)
    0x00006ea6   0x00006ea6   0x00000002   PAD
    0x00006ea8   0x00006ea8   0x000000ac   Code   RO         2964    i.KeyExpansion      CH57xBLE.LIB(aes_soft.o)
    0x00006f54   0x00006f54   0x00000018   Code   RO         2295    i.L2CAP_CmdReject   CH57xBLE.LIB(l2cap_sdu.o)
    0x00006f6c   0x00006f6c   0x0000001c   Code   RO         2296    i.L2CAP_ConnParamUpdateReq  CH57xBLE.LIB(l2cap_sdu.o)
    0x00006f88   0x00006f88   0x00000018   Code   RO         2297    i.L2CAP_ConnParamUpdateRsp  CH57xBLE.LIB(l2cap_sdu.o)
    0x00006fa0   0x00006fa0   0x00000028   Code   RO         2299    i.L2CAP_DisconnectReq  CH57xBLE.LIB(l2cap_sdu.o)
    0x00006fc8   0x00006fc8   0x0000000c   Code   RO         2223    i.L2CAP_GetMTU      CH57xBLE.LIB(l2cap.o)
    0x00006fd4   0x00006fd4   0x00000018   Code   RO         2224    i.L2CAP_HostNumCompletedPkts  CH57xBLE.LIB(l2cap.o)
    0x00006fec   0x00006fec   0x000000ac   Code   RO         2225    i.L2CAP_Init        CH57xBLE.LIB(l2cap.o)
    0x00007098   0x00007098   0x0000003e   Code   RO         2226    i.L2CAP_ParseConnectReq  CH57xBLE.LIB(l2cap.o)
    0x000070d6   0x000070d6   0x00000020   Code   RO         2227    i.L2CAP_ParseFlowCtrlCredit  CH57xBLE.LIB(l2cap.o)
    0x000070f6   0x000070f6   0x00000034   Code   RO         2889    i.L2CAP_ParseParamUpdateReq  CH57xBLE.LIB(l2cap_input.o)
    0x0000712a   0x0000712a   0x00000002   PAD
    0x0000712c   0x0000712c   0x00000090   Code   RO         2229    i.L2CAP_ProcessEvent  CH57xBLE.LIB(l2cap.o)
    0x000071bc   0x000071bc   0x0000002c   Code   RO         2232    i.L2CAP_RegisterApp  CH57xBLE.LIB(l2cap.o)
    0x000071e8   0x000071e8   0x0000007c   Code   RO         2917    i.L2CAP_SendData    CH57xBLE.LIB(l2cap_output.o)
    0x00007264   0x00007264   0x00000010   Code   RO         2234    i.L2CAP_SetBufSize  CH57xBLE.LIB(l2cap.o)
    0x00007274   0x00007274   0x0000001a   Code   RO         2237    i.L2CAP_bm_alloc    CH57xBLE.LIB(l2cap.o)
    0x0000728e   0x0000728e   0x00000002   PAD
    0x00007290   0x00007290   0x00000044   Code   RO          667    i.LLE_DevInit       CH57xBLE.LIB(lle.o)
    0x000072d4   0x000072d4   0x0000009c   Code   RO          668    i.LLE_DevTmrSet     CH57xBLE.LIB(lle.o)
    0x00007370   0x00007370   0x00000078   Code   RO         2709    i.LL_AddWhiteListDevice  CH57xBLE.LIB(ctl_input.o)
    0x000073e8   0x000073e8   0x00000084   Code   RO         2991    i.LL_AddrGenerateResolvableAddress  CH57xBLE.LIB(ll_address.o)
    0x0000746c   0x0000746c   0x00000098   Code   RO         2992    i.LL_AddrGenerateValidAccessAddress  CH57xBLE.LIB(ll_address.o)
    0x00007504   0x00007504   0x00000030   Code   RO         2993    i.LL_AddrInit       CH57xBLE.LIB(ll_address.o)
    0x00007534   0x00007534   0x00000012   Code   RO         1461    i.LL_AdvertiseDirectTimeout  CH57xBLE.LIB(ll_advertise.o)
    0x00007546   0x00007546   0x00000002   PAD
    0x00007548   0x00007548   0x0000002c   Code   RO         1462    i.LL_AdvertiseEnalbe  CH57xBLE.LIB(ll_advertise.o)
    0x00007574   0x00007574   0x00000030   Code   RO         1464    i.LL_AdvertiseToStandby  CH57xBLE.LIB(ll_advertise.o)
    0x000075a4   0x000075a4   0x00000046   Code   RO         2584    i.LL_ChannelMapReq  CH57xBLE.LIB(ll_pdu.o)
    0x000075ea   0x000075ea   0x00000002   PAD
    0x000075ec   0x000075ec   0x0000004c   Code   RO         2711    i.LL_ClearWhiteList  CH57xBLE.LIB(ctl_input.o)
    0x00007638   0x00007638   0x000000fe   Code   RO         2712    i.LL_ConnUpdate     CH57xBLE.LIB(ctl_input.o)
    0x00007736   0x00007736   0x00000022   Code   RO         1528    i.LL_ConnectFlowcontrolRx  CH57xBLE.LIB(ll_connect.o)
    0x00007758   0x00007758   0x00000022   Code   RO         1529    i.LL_ConnectFlowcontrolTx  CH57xBLE.LIB(ll_connect.o)
    0x0000777a   0x0000777a   0x00000002   PAD
    0x0000777c   0x0000777c   0x0000004c   Code   RO         1530    i.LL_ConnectFreeTmosPrioritID  CH57xBLE.LIB(ll_connect.o)
    0x000077c8   0x000077c8   0x0000002e   Code   RO         1531    i.LL_ConnectRxPktnumIncrease  CH57xBLE.LIB(ll_connect.o)
    0x000077f6   0x000077f6   0x00000002   PAD
    0x000077f8   0x000077f8   0x0000008c   Code   RO         1532    i.LL_ConnectShut    CH57xBLE.LIB(ll_connect.o)
    0x00007884   0x00007884   0x0000007c   Code   RO         1533    i.LL_ConnectToStandby  CH57xBLE.LIB(ll_connect.o)
    0x00007900   0x00007900   0x0000003c   Code   RO         1534    i.LL_ConnectTxPktnumIncrease  CH57xBLE.LIB(ll_connect.o)
    0x0000793c   0x0000793c   0x0000006c   Code   RO         2585    i.LL_ConnectionParamReq  CH57xBLE.LIB(ll_pdu.o)
    0x000079a8   0x000079a8   0x00000060   Code   RO         2586    i.LL_ConnectionParamRsp  CH57xBLE.LIB(ll_pdu.o)
    0x00007a08   0x00007a08   0x00000086   Code   RO         2587    i.LL_ConnectionUpdateReq  CH57xBLE.LIB(ll_pdu.o)
    0x00007a8e   0x00007a8e   0x00000002   PAD
    0x00007a90   0x00007a90   0x00000054   Code   RO         2536    i.LL_CoreClose      CH57xBLE.LIB(ll_core.o)
    0x00007ae4   0x00007ae4   0x00000020   Code   RO         2537    i.LL_CoreGetCore    CH57xBLE.LIB(ll_core.o)
    0x00007b04   0x00007b04   0x00000014   Code   RO         2538    i.LL_CoreInit       CH57xBLE.LIB(ll_core.o)
    0x00007b18   0x00007b18   0x0000009c   Code   RO         2539    i.LL_CoreOpen       CH57xBLE.LIB(ll_core.o)
    0x00007bb4   0x00007bb4   0x0000013c   Code   RO         2713    i.LL_CreateConn     CH57xBLE.LIB(ctl_input.o)
    0x00007cf0   0x00007cf0   0x00000020   Code   RO         2714    i.LL_CreateConnCancel  CH57xBLE.LIB(ctl_input.o)
    0x00007d10   0x00007d10   0x00000030   Code   RO         2716    i.LL_Disconnect     CH57xBLE.LIB(ctl_input.o)
    0x00007d40   0x00007d40   0x0000006e   Code   RO         2588    i.LL_EncReq         CH57xBLE.LIB(ll_pdu.o)
    0x00007dae   0x00007dae   0x00000040   Code   RO         2589    i.LL_EncRsp         CH57xBLE.LIB(ll_pdu.o)
    0x00007dee   0x00007dee   0x00000010   Code   RO         2965    i.LL_Encrypt        CH57xBLE.LIB(aes_soft.o)
    0x00007dfe   0x00007dfe   0x00000038   Code   RO         2590    i.LL_FeatureReq     CH57xBLE.LIB(ll_pdu.o)
    0x00007e36   0x00007e36   0x00000034   Code   RO         2591    i.LL_FeatureRsp     CH57xBLE.LIB(ll_pdu.o)
    0x00007e6a   0x00007e6a   0x00000002   PAD
    0x00007e6c   0x00007e6c   0x00000064   Code   RO         1535    i.LL_GetNextConnectEventTime  CH57xBLE.LIB(ll_connect.o)
    0x00007ed0   0x00007ed0   0x0000003a   Code   RO         2652    i.LL_HopAtleastTwoChannels  CH57xBLE.LIB(ll_hop.o)
    0x00007f0a   0x00007f0a   0x000000b8   Code   RO         2653    i.LL_HopGetChannel  CH57xBLE.LIB(ll_hop.o)
    0x00007fc2   0x00007fc2   0x00000006   Code   RO         2654    i.LL_HopInit        CH57xBLE.LIB(ll_hop.o)
    0x00007fc8   0x00007fc8   0x000000e0   Code   RO         2523    i.LL_Init           CH57xBLE.LIB(ll.o)
    0x000080a8   0x000080a8   0x00000010   Code   RO         2548    i.LL_InitiateEnable  CH57xBLE.LIB(ll_initiate.o)
    0x000080b8   0x000080b8   0x00000020   Code   RO         2550    i.LL_InitiateToStandby  CH57xBLE.LIB(ll_initiate.o)
    0x000080d8   0x000080d8   0x0000001c   Code   RO         2717    i.LL_LE_ReadBufSize  CH57xBLE.LIB(ctl_input.o)
    0x000080f4   0x000080f4   0x0000007c   Code   RO         2592    i.LL_LengthReq      CH57xBLE.LIB(ll_pdu.o)
    0x00008170   0x00008170   0x00000064   Code   RO         2593    i.LL_LengthRsp      CH57xBLE.LIB(ll_pdu.o)
    0x000081d4   0x000081d4   0x00000030   Code   RO         2719    i.LL_LtkReqNegReply  CH57xBLE.LIB(ctl_input.o)
    0x00008204   0x00008204   0x00000080   Code   RO         2720    i.LL_LtkReqReply    CH57xBLE.LIB(ctl_input.o)
    0x00008284   0x00008284   0x0000001e   Code   RO         2721    i.LL_MD_Disconnect  CH57xBLE.LIB(ctl_input.o)
    0x000082a2   0x000082a2   0x00000036   Code   RO         1651    i.LL_MasterCreateCore  CH57xBLE.LIB(ll_master.o)
    0x000082d8   0x000082d8   0x0000000c   Code   RO         1652    i.LL_MasterEnalbe   CH57xBLE.LIB(ll_master.o)
    0x000082e4   0x000082e4   0x000000b0   Code   RO         1653    i.LL_MasterSetFirstTimer  CH57xBLE.LIB(ll_master.o)
    0x00008394   0x00008394   0x0000002c   Code   RO         2594    i.LL_PauseEncReq    CH57xBLE.LIB(ll_pdu.o)
    0x000083c0   0x000083c0   0x0000001c   Code   RO         2595    i.LL_PauseEncRsp    CH57xBLE.LIB(ll_pdu.o)
    0x000083dc   0x000083dc   0x00000028   Code   RO         2596    i.LL_PingReq        CH57xBLE.LIB(ll_pdu.o)
    0x00008404   0x00008404   0x00000018   Code   RO         2597    i.LL_PingRsp        CH57xBLE.LIB(ll_pdu.o)
    0x0000841c   0x0000841c   0x00000104   Code   RO         2524    i.LL_ProcessEvent   CH57xBLE.LIB(ll.o)
    0x00008520   0x00008520   0x00000536   Code   RO         2644    i.LL_ProcessTMOSReportMsg  CH57xBLE.LIB(ll_report.o)
    0x00008a56   0x00008a56   0x0000001c   Code   RO         2722    i.LL_Rand           CH57xBLE.LIB(ctl_input.o)
    0x00008a72   0x00008a72   0x00000002   PAD
    0x00008a74   0x00008a74   0x00000020   Code   RO         2725    i.LL_ReadBDAddr     CH57xBLE.LIB(ctl_input.o)
    0x00008a94   0x00008a94   0x00000018   Code   RO         2735    i.LL_ReadRssi       CH57xBLE.LIB(ctl_input.o)
    0x00008aac   0x00008aac   0x00000034   Code   RO         2740    i.LL_ReceiverTest   CH57xBLE.LIB(ctl_input.o)
    0x00008ae0   0x00008ae0   0x00000024   Code   RO         2598    i.LL_RejectInd      CH57xBLE.LIB(ll_pdu.o)
    0x00008b04   0x00008b04   0x00000020   Code   RO         2599    i.LL_RejectIndExt   CH57xBLE.LIB(ll_pdu.o)
    0x00008b24   0x00008b24   0x00000030   Code   RO         2741    i.LL_RemoteConnParamReqNegReply  CH57xBLE.LIB(ctl_input.o)
    0x00008b54   0x00008b54   0x00000108   Code   RO         2742    i.LL_RemoteConnParamReqReply  CH57xBLE.LIB(ctl_input.o)
    0x00008c5c   0x00008c5c   0x0000002c   Code   RO         2645    i.LL_ReportGenerateEvent  CH57xBLE.LIB(ll_report.o)
    0x00008c88   0x00008c88   0x00000040   Code   RO         2677    i.LL_ResolvinglistCheckLocalResolution  CH57xBLE.LIB(ll_resolvinglist.o)
    0x00008cc8   0x00008cc8   0x00000040   Code   RO         2678    i.LL_ResolvinglistCheckPeerResolution  CH57xBLE.LIB(ll_resolvinglist.o)
    0x00008d08   0x00008d08   0x00000018   Code   RO         2680    i.LL_ResolvinglistInit  CH57xBLE.LIB(ll_resolvinglist.o)
    0x00008d20   0x00008d20   0x0000002c   Code   RO         2681    i.LL_ResolvinglistLocalRpaAddressGetIrk  CH57xBLE.LIB(ll_resolvinglist.o)
    0x00008d4c   0x00008d4c   0x00000038   Code   RO         2682    i.LL_ResolvinglistPeerIdentifyAddressGetIrk  CH57xBLE.LIB(ll_resolvinglist.o)
    0x00008d84   0x00008d84   0x0000002c   Code   RO         2683    i.LL_ResolvinglistPeerRpaAddressGetIrk  CH57xBLE.LIB(ll_resolvinglist.o)
    0x00008db0   0x00008db0   0x000000d4   Code   RO         2600    i.LL_RxConnParamReq  CH57xBLE.LIB(ll_pdu.o)
    0x00008e84   0x00008e84   0x000000b0   Code   RO         2601    i.LL_RxConnParamRsp  CH57xBLE.LIB(ll_pdu.o)
    0x00008f34   0x00008f34   0x00000040   Code   RO         2602    i.LL_RxLenUpdate    CH57xBLE.LIB(ll_pdu.o)
    0x00008f74   0x00008f74   0x00000020   Code   RO         2603    i.LL_RxVersionExchange  CH57xBLE.LIB(ll_pdu.o)
    0x00008f94   0x00008f94   0x0000002c   Code   RO         1495    i.LL_ScanEnable     CH57xBLE.LIB(ll_scan.o)
    0x00008fc0   0x00008fc0   0x00000050   Code   RO         1497    i.LL_ScanToStandby  CH57xBLE.LIB(ll_scan.o)
    0x00009010   0x00009010   0x00000020   Code   RO         2604    i.LL_SendAck        CH57xBLE.LIB(ll_pdu.o)
    0x00009030   0x00009030   0x000000ac   Code   RO         2746    i.LL_SendDataPkt    CH57xBLE.LIB(ctl_input.o)
    0x000090dc   0x000090dc   0x00000050   Code   RO         2605    i.LL_SendDmaBuf     CH57xBLE.LIB(ll_pdu.o)
    0x0000912c   0x0000912c   0x000000ec   Code   RO         2748    i.LL_SetAdvControl  CH57xBLE.LIB(ctl_input.o)
    0x00009218   0x00009218   0x00000040   Code   RO         2749    i.LL_SetAdvData     CH57xBLE.LIB(ctl_input.o)
    0x00009258   0x00009258   0x000000ac   Code   RO         2750    i.LL_SetAdvParam    CH57xBLE.LIB(ctl_input.o)
    0x00009304   0x00009304   0x0000007c   Code   RO         2754    i.LL_SetRandomAddress  CH57xBLE.LIB(ctl_input.o)
    0x00009380   0x00009380   0x00000088   Code   RO         2756    i.LL_SetScanEnable  CH57xBLE.LIB(ctl_input.o)
    0x00009408   0x00009408   0x00000048   Code   RO         2757    i.LL_SetScanParam   CH57xBLE.LIB(ctl_input.o)
    0x00009450   0x00009450   0x0000003c   Code   RO         2758    i.LL_SetScanRspData  CH57xBLE.LIB(ctl_input.o)
    0x0000948c   0x0000948c   0x00000020   Code   RO         1611    i.LL_SlaveEnalbe    CH57xBLE.LIB(ll_slave.o)
    0x000094ac   0x000094ac   0x0000003a   Code   RO         2606    i.LL_SlaveFeatureReq  CH57xBLE.LIB(ll_pdu.o)
    0x000094e6   0x000094e6   0x0000001c   Code   RO         2607    i.LL_StartEncReq    CH57xBLE.LIB(ll_pdu.o)
    0x00009502   0x00009502   0x0000001c   Code   RO         2608    i.LL_StartEncRsp    CH57xBLE.LIB(ll_pdu.o)
    0x0000951e   0x0000951e   0x0000014c   Code   RO         2761    i.LL_StartEncrypt   CH57xBLE.LIB(ctl_input.o)
    0x0000966a   0x0000966a   0x00000032   Code   RO         2609    i.LL_TerminateInd   CH57xBLE.LIB(ll_pdu.o)
    0x0000969c   0x0000969c   0x00000110   Code   RO         2763    i.LL_TransmitterTest  CH57xBLE.LIB(ctl_input.o)
    0x000097ac   0x000097ac   0x0000001c   Code   RO         2610    i.LL_UnknowRsp      CH57xBLE.LIB(ll_pdu.o)
    0x000097c8   0x000097c8   0x0000003c   Code   RO         2611    i.LL_VersionInd     CH57xBLE.LIB(ll_pdu.o)
    0x00009804   0x00009804   0x00000068   Code   RO         2662    i.LL_WhitelistAdd   CH57xBLE.LIB(ll_whitelist.o)
    0x0000986c   0x0000986c   0x00000024   Code   RO         2663    i.LL_WhitelistClearAll  CH57xBLE.LIB(ll_whitelist.o)
    0x00009890   0x00009890   0x00000010   Code   RO         2664    i.LL_WhitelistInit  CH57xBLE.LIB(ll_whitelist.o)
    0x000098a0   0x000098a0   0x00000030   Code   RO         2665    i.LL_WhitelistLookup  CH57xBLE.LIB(ll_whitelist.o)
    0x000098d0   0x000098d0   0x00000084   Code   RO         2966    i.MixColumns        CH57xBLE.LIB(aes_soft.o)
    0x00009954   0x00009954   0x000000cc   Code   RO         1446    i.RFEND_DevInit     CH57xBLE.LIB(rfend.o)
    0x00009a20   0x00009a20   0x00000058   Code   RO         1447    i.RFEND_RXAdc       CH57xBLE.LIB(rfend.o)
    0x00009a78   0x00009a78   0x00000070   Code   RO         1448    i.RFEND_RXFilter    CH57xBLE.LIB(rfend.o)
    0x00009ae8   0x00009ae8   0x00000c3c   Code   RO         1450    i.RFEND_TXCtune     CH57xBLE.LIB(rfend.o)
    0x0000a724   0x0000a724   0x00000014   Code   RO         1451    i.RFEND_TXFtune     CH57xBLE.LIB(rfend.o)
    0x0000a738   0x0000a738   0x00000014   Code   RO         1537    i.RTC_A_ADD_B       CH57xBLE.LIB(ll_connect.o)
    0x0000a74c   0x0000a74c   0x00000014   Code   RO         1612    i.RTC_A_ADD_B       CH57xBLE.LIB(ll_slave.o)
    0x0000a760   0x0000a760   0x00000014   Code   RO         1654    i.RTC_A_ADD_B       CH57xBLE.LIB(ll_master.o)
    0x0000a774   0x0000a774   0x00000014   Code   RO         2551    i.RTC_A_ADD_B       CH57xBLE.LIB(ll_initiate.o)
    0x0000a788   0x0000a788   0x00000014   Code   RO         1538    i.RTC_A_SUB_B       CH57xBLE.LIB(ll_connect.o)
    0x0000a79c   0x0000a79c   0x00000014   Code   RO         1613    i.RTC_A_SUB_B       CH57xBLE.LIB(ll_slave.o)
    0x0000a7b0   0x0000a7b0   0x00000014   Code   RO         2552    i.RTC_A_SUB_B       CH57xBLE.LIB(ll_initiate.o)
    0x0000a7c4   0x0000a7c4   0x00000018   Code   RO          631    i.RTC_GetCnt32K     CH57xBLE.LIB(tmos_hw.o)
    0x0000a7dc   0x0000a7dc   0x00000018   Code   RO         1614    i.RTC_GetCnt32K     CH57xBLE.LIB(ll_slave.o)
    0x0000a7f4   0x0000a7f4   0x00000018   Code   RO         1655    i.RTC_GetCnt32K     CH57xBLE.LIB(ll_master.o)
    0x0000a80c   0x0000a80c   0x00000044   Code   RO          632    i.RTC_GetTickCount  CH57xBLE.LIB(tmos_hw.o)
    0x0000a850   0x0000a850   0x00000014   Code   RO          633    i.RTC_IRQCallBack   CH57xBLE.LIB(tmos_hw.o)
    0x0000a864   0x0000a864   0x00000028   Code   RO          540    i.RTC_OFFSET_A      CH57xBLE.LIB(tmos.o)
    0x0000a88c   0x0000a88c   0x0000001a   Code   RO          634    i.ReadFlash         CH57xBLE.LIB(tmos_hw.o)
    0x0000a8a6   0x0000a8a6   0x00000042   Code   RO         2323    i.SM_CalcRandomAddr  CH57xBLE.LIB(sm.o)
    0x0000a8e8   0x0000a8e8   0x000000a2   Code   RO         2324    i.SM_GenerateAuthenSig  CH57xBLE.LIB(sm.o)
    0x0000a98a   0x0000a98a   0x00000002   PAD
    0x0000a98c   0x0000a98c   0x00000024   Code   RO         2325    i.SM_Init           CH57xBLE.LIB(sm.o)
    0x0000a9b0   0x0000a9b0   0x00000020   Code   RO         2326    i.SM_InitiatorInit  CH57xBLE.LIB(sm.o)
    0x0000a9d0   0x0000a9d0   0x00000048   Code   RO         2328    i.SM_ParamInit      CH57xBLE.LIB(sm.o)
    0x0000aa18   0x0000aa18   0x00000084   Code   RO         2329    i.SM_PasskeyUpdate  CH57xBLE.LIB(sm.o)
    0x0000aa9c   0x0000aa9c   0x0000007c   Code   RO         2330    i.SM_ProcessEvent   CH57xBLE.LIB(sm.o)
    0x0000ab18   0x0000ab18   0x0000004c   Code   RO         2331    i.SM_ResolveRandomAddrs  CH57xBLE.LIB(sm.o)
    0x0000ab64   0x0000ab64   0x00000020   Code   RO         2332    i.SM_ResponderInit  CH57xBLE.LIB(sm.o)
    0x0000ab84   0x0000ab84   0x00000072   Code   RO         2333    i.SM_StartEncryption  CH57xBLE.LIB(sm.o)
    0x0000abf6   0x0000abf6   0x00000096   Code   RO         2334    i.SM_StartPairing   CH57xBLE.LIB(sm.o)
    0x0000ac8c   0x0000ac8c   0x000000f0   Code   RO         2335    i.SM_VerifyAuthenSig  CH57xBLE.LIB(sm.o)
    0x0000ad7c   0x0000ad7c   0x0000003c   Code   RO         2967    i.ShiftRows         CH57xBLE.LIB(aes_soft.o)
    0x0000adb8   0x0000adb8   0x00000030   Code   RO         2968    i.SubBytes          CH57xBLE.LIB(aes_soft.o)
    0x0000ade8   0x0000ade8   0x00000024   Code   RO         1540    i.TIM_1250US_TO_RTC_CLK  CH57xBLE.LIB(ll_connect.o)
    0x0000ae0c   0x0000ae0c   0x00000024   Code   RO         1615    i.TIM_1250US_TO_RTC_CLK  CH57xBLE.LIB(ll_slave.o)
    0x0000ae30   0x0000ae30   0x00000024   Code   RO         1656    i.TIM_1250US_TO_RTC_CLK  CH57xBLE.LIB(ll_master.o)
    0x0000ae54   0x0000ae54   0x00000024   Code   RO         2553    i.TIM_1250US_TO_RTC_CLK  CH57xBLE.LIB(ll_initiate.o)
    0x0000ae78   0x0000ae78   0x00000006   Code   RO         1465    i.TIM_1US_TO_RTC_CLK  CH57xBLE.LIB(ll_advertise.o)
    0x0000ae7e   0x0000ae7e   0x00000006   Code   RO         1498    i.TIM_1US_TO_RTC_CLK  CH57xBLE.LIB(ll_scan.o)
    0x0000ae84   0x0000ae84   0x00000006   Code   RO         1541    i.TIM_1US_TO_RTC_CLK  CH57xBLE.LIB(ll_connect.o)
    0x0000ae8a   0x0000ae8a   0x00000006   Code   RO         1616    i.TIM_1US_TO_RTC_CLK  CH57xBLE.LIB(ll_slave.o)
    0x0000ae90   0x0000ae90   0x00000006   Code   RO         1657    i.TIM_1US_TO_RTC_CLK  CH57xBLE.LIB(ll_master.o)
    0x0000ae96   0x0000ae96   0x00000002   PAD
    0x0000ae98   0x0000ae98   0x0000001c   Code   RO          541    i.TIM_625US_TO_RTC_CLK  CH57xBLE.LIB(tmos.o)
    0x0000aeb4   0x0000aeb4   0x00000020   Code   RO         1617    i.TIM_RTC_CLK_ACCURACY  CH57xBLE.LIB(ll_slave.o)
    0x0000aed4   0x0000aed4   0x0000002c   Code   RO          635    i.TIM_RTC_CLK_TO_625US  CH57xBLE.LIB(tmos_hw.o)
    0x0000af00   0x0000af00   0x0000002c   Code   RO         1542    i.TIM_RTC_CLK_TO_625US  CH57xBLE.LIB(ll_connect.o)
    0x0000af2c   0x0000af2c   0x0000006c   Code   RO          542    i.TMOS_CbTimerProcessEvent  CH57xBLE.LIB(tmos.o)
    0x0000af98   0x0000af98   0x00000094   Code   RO          544    i.TMOS_Init         CH57xBLE.LIB(tmos.o)
    0x0000b02c   0x0000b02c   0x0000002c   Code   RO          545    i.TMOS_ProcessEventRegister  CH57xBLE.LIB(tmos.o)
    0x0000b058   0x0000b058   0x00000010   Code   RO          547    i.TMOS_ProcessRegister  CH57xBLE.LIB(tmos.o)
    0x0000b068   0x0000b068   0x000000a0   Code   RO          548    i.TMOS_SystemProcess  CH57xBLE.LIB(tmos.o)
    0x0000b108   0x0000b108   0x00000034   Code   RO          636    i.TMOS_TimerInit    CH57xBLE.LIB(tmos_hw.o)
    0x0000b13c   0x0000b13c   0x00000018   Code   RO          549    i.TMOS_TimerRegister  CH57xBLE.LIB(tmos.o)
    0x0000b154   0x0000b154   0x0000005c   Code   RO          637    i.WtireFlash        CH57xBLE.LIB(tmos_hw.o)
    0x0000b1b0   0x0000b1b0   0x00000020   Code   RO         3228    i.__0printf$8       mc_p.l(printf8.o)
    0x0000b1d0   0x0000b1d0   0x00000030   Code   RO          662    i.__ARM_common_ll_muluu  CH57xBLE.LIB(tmos_hw.o)
    0x0000b200   0x0000b200   0x0000001a   Code   RO          880    i.__ARM_common_switch8  CH57xBLE.LIB(gapgattserver.o)
    0x0000b21a   0x0000b21a   0x0000000e   Code   RO         3319    i.__scatterload_copy  mc_p.l(handlers.o)
    0x0000b228   0x0000b228   0x00000002   Code   RO         3320    i.__scatterload_null  mc_p.l(handlers.o)
    0x0000b22a   0x0000b22a   0x0000000e   Code   RO         3321    i.__scatterload_zeroinit  mc_p.l(handlers.o)
    0x0000b238   0x0000b238   0x00000428   Code   RO         3235    i._printf_core      mc_p.l(printf8.o)
    0x0000b660   0x0000b660   0x00000020   Code   RO         3236    i._printf_post_padding  mc_p.l(printf8.o)
    0x0000b680   0x0000b680   0x0000002c   Code   RO         3237    i._printf_pre_padding  mc_p.l(printf8.o)
    0x0000b6ac   0x0000b6ac   0x00000088   Code   RO         1975    i.attSendMsg        CH57xBLE.LIB(att.o)
    0x0000b734   0x0000b734   0x00000038   Code   RO         1976    i.attSendRspMsg     CH57xBLE.LIB(att.o)
    0x0000b76c   0x0000b76c   0x00000010   Code   RO          686    i.ble_get_phy_states  CH57xBLE.LIB(ip.o)
    0x0000b77c   0x0000b77c   0x00000070   Code   RO          687    i.ble_ll_chkcrc     CH57xBLE.LIB(ip.o)
    0x0000b7ec   0x0000b7ec   0x0000001e   Code   RO          638    i.ble_ll_common_rand16  CH57xBLE.LIB(tmos_hw.o)
    0x0000b80a   0x0000b80a   0x0000001c   Code   RO          639    i.ble_ll_common_rand32  CH57xBLE.LIB(tmos_hw.o)
    0x0000b826   0x0000b826   0x0000001e   Code   RO          640    i.ble_ll_common_rand8  CH57xBLE.LIB(tmos_hw.o)
    0x0000b844   0x0000b844   0x00000098   Code   RO          688    i.ble_ll_hw_api_rx  CH57xBLE.LIB(ip.o)
    0x0000b8dc   0x0000b8dc   0x00000044   Code   RO          689    i.ble_ll_hw_api_rx_test  CH57xBLE.LIB(ip.o)
    0x0000b920   0x0000b920   0x00000054   Code   RO          690    i.ble_ll_hw_api_shut  CH57xBLE.LIB(ip.o)
    0x0000b974   0x0000b974   0x000001bc   Code   RO          691    i.ble_ll_hw_api_tx  CH57xBLE.LIB(ip.o)
    0x0000bb30   0x0000bb30   0x00000084   Code   RO          692    i.ble_ll_hw_api_tx_set_len  CH57xBLE.LIB(ip.o)
    0x0000bbb4   0x0000bbb4   0x00000170   Code   RO          693    i.ble_ll_hw_api_tx_test  CH57xBLE.LIB(ip.o)
    0x0000bd24   0x0000bd24   0x00000044   Code   RO          641    i.ble_ll_set_connect_event  CH57xBLE.LIB(tmos_hw.o)
    0x0000bd68   0x0000bd68   0x0000005c   Code   RO          642    i.ble_ll_set_timeout  CH57xBLE.LIB(tmos_hw.o)
    0x0000bdc4   0x0000bdc4   0x00000040   Code   RO          643    i.ble_timeout_process  CH57xBLE.LIB(tmos_hw.o)
    0x0000be04   0x0000be04   0x0000001a   Code   RO          749    i.disconnectNext    CH57xBLE.LIB(gap.o)
    0x0000be1e   0x0000be1e   0x00000038   Code   RO          750    i.gapAddAddrAdj     CH57xBLE.LIB(gap.o)
    0x0000be56   0x0000be56   0x00000002   PAD
    0x0000be58   0x0000be58   0x0000001c   Code   RO         1248    i.gapBondFreeAuthEvt  CH57xBLE.LIB(gapbondmgr.o)
    0x0000be74   0x0000be74   0x00000134   Code   RO         1249    i.gapBondMgrAddBond  CH57xBLE.LIB(gapbondmgr.o)
    0x0000bfa8   0x0000bfa8   0x0000018c   Code   RO         1250    i.gapBondMgrAuthenticate  CH57xBLE.LIB(gapbondmgr.o)
    0x0000c134   0x0000c134   0x0000004e   Code   RO         1251    i.gapBondMgrBondReq  CH57xBLE.LIB(gapbondmgr.o)
    0x0000c182   0x0000c182   0x00000002   PAD
    0x0000c184   0x0000c184   0x00000034   Code   RO         1252    i.gapBondMgrBondTotal  CH57xBLE.LIB(gapbondmgr.o)
    0x0000c1b8   0x0000c1b8   0x00000064   Code   RO         1253    i.gapBondMgrChangeState  CH57xBLE.LIB(gapbondmgr.o)
    0x0000c21c   0x0000c21c   0x00000024   Code   RO         1254    i.gapBondMgrEraseAllBondings  CH57xBLE.LIB(gapbondmgr.o)
    0x0000c240   0x0000c240   0x000000e8   Code   RO         1255    i.gapBondMgrEraseBonding  CH57xBLE.LIB(gapbondmgr.o)
    0x0000c328   0x0000c328   0x00000034   Code   RO         1256    i.gapBondMgrFindAddr  CH57xBLE.LIB(gapbondmgr.o)
    0x0000c35c   0x0000c35c   0x0000001c   Code   RO         1257    i.gapBondMgrFindCharCfgItem  CH57xBLE.LIB(gapbondmgr.o)
    0x0000c378   0x0000c378   0x00000040   Code   RO         1258    i.gapBondMgrGetPublicAddr  CH57xBLE.LIB(gapbondmgr.o)
    0x0000c3b8   0x0000c3b8   0x00000024   Code   RO         1259    i.gapBondMgrGetStateFlags  CH57xBLE.LIB(gapbondmgr.o)
    0x0000c3dc   0x0000c3dc   0x0000001c   Code   RO         1260    i.gapBondMgrInvertCharCfgItem  CH57xBLE.LIB(gapbondmgr.o)
    0x0000c3f8   0x0000c3f8   0x0000007c   Code   RO         1261    i.gapBondMgrReadBonds  CH57xBLE.LIB(gapbondmgr.o)
    0x0000c474   0x0000c474   0x00000014   Code   RO         1262    i.gapBondMgrSendServiceChange  CH57xBLE.LIB(gapbondmgr.o)
    0x0000c488   0x0000c488   0x000000b4   Code   RO         1263    i.gapBondMgrUpdateCharCfg  CH57xBLE.LIB(gapbondmgr.o)
    0x0000c53c   0x0000c53c   0x00000064   Code   RO         1264    i.gapBondMgr_ProcessTMOSMsg  CH57xBLE.LIB(gapbondmgr.o)
    0x0000c5a0   0x0000c5a0   0x00000080   Code   RO         1265    i.gapBondMgr_SyncCharCfg  CH57xBLE.LIB(gapbondmgr.o)
    0x0000c620   0x0000c620   0x00000038   Code   RO         1266    i.gapBondMgr_SyncWhiteList  CH57xBLE.LIB(gapbondmgr.o)
    0x0000c658   0x0000c658   0x00000038   Code   RO         1267    i.gapBondPairStateCB  CH57xBLE.LIB(gapbondmgr.o)
    0x0000c690   0x0000c690   0x00000064   Code   RO         1268    i.gapBondPasscodeCB  CH57xBLE.LIB(gapbondmgr.o)
    0x0000c6f4   0x0000c6f4   0x00000020   Code   RO         1269    i.gapBondSetupPrivFlag  CH57xBLE.LIB(gapbondmgr.o)
    0x0000c714   0x0000c714   0x00000038   Code   RO         2148    i.gapCancelLinkReq  CH57xBLE.LIB(gap_central.o)
    0x0000c74c   0x0000c74c   0x000000e8   Code   RO         2149    i.gapCentProcessConnEvt  CH57xBLE.LIB(gap_central.o)
    0x0000c834   0x0000c834   0x00000030   Code   RO         2150    i.gapCentProcessHCICmdEvt  CH57xBLE.LIB(gap_central.o)
    0x0000c864   0x0000c864   0x00000094   Code   RO         1342    i.gapCentralRole_ProcessGAPMsg  CH57xBLE.LIB(central.o)
    0x0000c8f8   0x0000c8f8   0x00000084   Code   RO         1343    i.gapCentralRole_ProcessTMOSMsg  CH57xBLE.LIB(central.o)
    0x0000c97c   0x0000c97c   0x00000026   Code   RO          751    i.gapDetermineAddrType  CH57xBLE.LIB(gap.o)
    0x0000c9a2   0x0000c9a2   0x00000046   Code   RO          752    i.gapFindADType     CH57xBLE.LIB(gap.o)
    0x0000c9e8   0x0000c9e8   0x00000018   Code   RO         2190    i.gapFreeAdvertState  CH57xBLE.LIB(gap_peripheral.o)
    0x0000ca00   0x0000ca00   0x00000034   Code   RO          753    i.gapFreeAuthLink   CH57xBLE.LIB(gap.o)
    0x0000ca34   0x0000ca34   0x00000018   Code   RO          754    i.gapFreeEstLink    CH57xBLE.LIB(gap.o)
    0x0000ca4c   0x0000ca4c   0x00000080   Code   RO         2151    i.gapFreeScanRecs   CH57xBLE.LIB(gap_central.o)
    0x0000cacc   0x0000cacc   0x00000020   Code   RO          755    i.gapGetDevAddress  CH57xBLE.LIB(gap.o)
    0x0000caec   0x0000caec   0x0000000c   Code   RO          756    i.gapGetDevAddressMode  CH57xBLE.LIB(gap.o)
    0x0000caf8   0x0000caf8   0x0000000c   Code   RO          757    i.gapGetIRK         CH57xBLE.LIB(gap.o)
    0x0000cb04   0x0000cb04   0x0000000c   Code   RO          758    i.gapGetSRK         CH57xBLE.LIB(gap.o)
    0x0000cb10   0x0000cb10   0x0000000c   Code   RO          759    i.gapGetSignCounter  CH57xBLE.LIB(gap.o)
    0x0000cb1c   0x0000cb1c   0x00000020   Code   RO          760    i.gapIncSignCounter  CH57xBLE.LIB(gap.o)
    0x0000cb3c   0x0000cb3c   0x0000002c   Code   RO          761    i.gapL2capConnParamUpdateReq  CH57xBLE.LIB(gap.o)
    0x0000cb68   0x0000cb68   0x0000010e   Code   RO          762    i.gapPairingCompleteCB  CH57xBLE.LIB(gap.o)
    0x0000cc76   0x0000cc76   0x00000066   Code   RO          763    i.gapPasskeyNeededCB  CH57xBLE.LIB(gap.o)
    0x0000ccdc   0x0000ccdc   0x00000090   Code   RO         2191    i.gapPeriProcessConnEvt  CH57xBLE.LIB(gap_peripheral.o)
    0x0000cd6c   0x0000cd6c   0x00000090   Code   RO         2192    i.gapPeriProcessHCICmdCompleteEvt  CH57xBLE.LIB(gap_peripheral.o)
    0x0000cdfc   0x0000cdfc   0x000001b8   Code   RO         2152    i.gapProcessAdvertDevInfo  CH57xBLE.LIB(gap_central.o)
    0x0000cfb4   0x0000cfb4   0x000000b8   Code   RO         2153    i.gapProcessAdvertisementReport  CH57xBLE.LIB(gap_central.o)
    0x0000d06c   0x0000d06c   0x00000088   Code   RO         2193    i.gapProcessAdvertisingEvt  CH57xBLE.LIB(gap_peripheral.o)
    0x0000d0f4   0x0000d0f4   0x00000040   Code   RO          764    i.gapProcessConnEvt  CH57xBLE.LIB(gap.o)
    0x0000d134   0x0000d134   0x000000cc   Code   RO          765    i.gapProcessConnectionCompleteEvt  CH57xBLE.LIB(gap.o)
    0x0000d200   0x0000d200   0x00000074   Code   RO          766    i.gapProcessDisconnectCompleteEvt  CH57xBLE.LIB(gap.o)
    0x0000d274   0x0000d274   0x00000030   Code   RO          767    i.gapProcessNewAddr  CH57xBLE.LIB(gap.o)
    0x0000d2a4   0x0000d2a4   0x0000006c   Code   RO          768    i.gapProcessRandomAddrComplete  CH57xBLE.LIB(gap.o)
    0x0000d310   0x0000d310   0x00000060   Code   RO          769    i.gapProcessRemoteConnParamReqEvt  CH57xBLE.LIB(gap.o)
    0x0000d370   0x0000d370   0x00000028   Code   RO         2154    i.gapProcessScanningEvt  CH57xBLE.LIB(gap_central.o)
    0x0000d398   0x0000d398   0x00000190   Code   RO          770    i.gapProcessTMOSMsg  CH57xBLE.LIB(gap.o)
    0x0000d528   0x0000d528   0x0000004c   Code   RO          771    i.gapReadBufSizeCmdStatus  CH57xBLE.LIB(gap.o)
    0x0000d574   0x0000d574   0x0000000c   Code   RO          772    i.gapRegisterCentral  CH57xBLE.LIB(gap.o)
    0x0000d580   0x0000d580   0x0000000c   Code   RO          773    i.gapRegisterCentralConn  CH57xBLE.LIB(gap.o)
    0x0000d58c   0x0000d58c   0x0000000c   Code   RO          774    i.gapRegisterPeripheral  CH57xBLE.LIB(gap.o)
    0x0000d598   0x0000d598   0x0000000c   Code   RO          775    i.gapRegisterPeripheralConn  CH57xBLE.LIB(gap.o)
    0x0000d5a4   0x0000d5a4   0x000001cc   Code   RO         1320    i.gapRole_PeripheralProcessGAPMsg  CH57xBLE.LIB(peripheral.o)
    0x0000d770   0x0000d770   0x00000050   Code   RO         1321    i.gapRole_PeripheralProcessTMOSMsg  CH57xBLE.LIB(peripheral.o)
    0x0000d7c0   0x0000d7c0   0x00000046   Code   RO          776    i.gapSendBondCompleteEvent  CH57xBLE.LIB(gap.o)
    0x0000d806   0x0000d806   0x00000002   PAD
    0x0000d808   0x0000d808   0x000000c8   Code   RO         2155    i.gapSendDevDiscEvent  CH57xBLE.LIB(gap_central.o)
    0x0000d8d0   0x0000d8d0   0x00000044   Code   RO          777    i.gapSendDeviceInitDoneEvent  CH57xBLE.LIB(gap.o)
    0x0000d914   0x0000d914   0x0000005e   Code   RO          778    i.gapSendEstLinkEvent  CH57xBLE.LIB(gap.o)
    0x0000d972   0x0000d972   0x00000002   PAD
    0x0000d974   0x0000d974   0x0000004c   Code   RO          779    i.gapSendLinkUpdateEvent  CH57xBLE.LIB(gap.o)
    0x0000d9c0   0x0000d9c0   0x00000038   Code   RO         2194    i.gapSendMakeDiscEvent  CH57xBLE.LIB(gap_peripheral.o)
    0x0000d9f8   0x0000d9f8   0x0000005c   Code   RO          780    i.gapSendPairingReqEvent  CH57xBLE.LIB(gap.o)
    0x0000da54   0x0000da54   0x0000001c   Code   RO         2156    i.gapSendScanEnable  CH57xBLE.LIB(gap_central.o)
    0x0000da70   0x0000da70   0x0000003a   Code   RO          781    i.gapSendSlaveSecurityReqEvent  CH57xBLE.LIB(gap.o)
    0x0000daaa   0x0000daaa   0x00000002   PAD
    0x0000daac   0x0000daac   0x00000060   Code   RO         2195    i.gapSetAdvParams   CH57xBLE.LIB(gap_peripheral.o)
    0x0000db0c   0x0000db0c   0x00000048   Code   RO         2157    i.gapSetScanParamStatus  CH57xBLE.LIB(gap_central.o)
    0x0000db54   0x0000db54   0x0000004e   Code   RO          782    i.gapUpdateConnSignCounter  CH57xBLE.LIB(gap.o)
    0x0000dba2   0x0000dba2   0x00000014   Code   RO          783    i.gapValidADType    CH57xBLE.LIB(gap.o)
    0x0000dbb6   0x0000dbb6   0x00000002   PAD
    0x0000dbb8   0x0000dbb8   0x000000d4   Code   RO         2196    i.gapWriteAdvEnableStatus  CH57xBLE.LIB(gap_peripheral.o)
    0x0000dc8c   0x0000dc8c   0x00000080   Code   RO          989    i.gattClientHandleConnStatusCB  CH57xBLE.LIB(gattclientapp.o)
    0x0000dd0c   0x0000dd0c   0x0000003a   Code   RO          990    i.gattClientHandleTimerCB  CH57xBLE.LIB(gattclientapp.o)
    0x0000dd46   0x0000dd46   0x0000001c   Code   RO          991    i.gattClientNotifyTxCB  CH57xBLE.LIB(gattclientapp.o)
    0x0000dd62   0x0000dd62   0x00000002   PAD
    0x0000dd64   0x0000dd64   0x0000015c   Code   RO          992    i.gattClientProcessMsgCB  CH57xBLE.LIB(gattclientapp.o)
    0x0000dec0   0x0000dec0   0x00000060   Code   RO          916    i.gattFindByTypeValue  CH57xBLE.LIB(gatt.o)
    0x0000df20   0x0000df20   0x00000034   Code   RO          993    i.gattFindClientInfo  CH57xBLE.LIB(gattclientapp.o)
    0x0000df54   0x0000df54   0x00000024   Code   RO         1059    i.gattFindServerInfo  CH57xBLE.LIB(gattservapp.o)
    0x0000df78   0x0000df78   0x00000020   Code   RO         1060    i.gattFindService   CH57xBLE.LIB(gattservapp.o)
    0x0000df98   0x0000df98   0x0000002c   Code   RO          994    i.gattGetClientStatus  CH57xBLE.LIB(gattclientapp.o)
    0x0000dfc4   0x0000dfc4   0x00000068   Code   RO          917    i.gattGetPayload    CH57xBLE.LIB(gatt.o)
    0x0000e02c   0x0000e02c   0x0000002c   Code   RO         1061    i.gattGetServerStatus  CH57xBLE.LIB(gattservapp.o)
    0x0000e058   0x0000e058   0x0000005a   Code   RO          918    i.gattNotifyEvent   CH57xBLE.LIB(gatt.o)
    0x0000e0b2   0x0000e0b2   0x00000050   Code   RO          919    i.gattPrepareWriteReq  CH57xBLE.LIB(gatt.o)
    0x0000e102   0x0000e102   0x00000004   Code   RO         1062    i.gattProcessExchangeMTUReq  CH57xBLE.LIB(gattservapp.o)
    0x0000e106   0x0000e106   0x00000004   Code   RO         1063    i.gattProcessExecuteWriteReq  CH57xBLE.LIB(gattservapp.o)
    0x0000e10a   0x0000e10a   0x00000002   PAD
    0x0000e10c   0x0000e10c   0x0000005c   Code   RO          995    i.gattProcessFindByTypeValue  CH57xBLE.LIB(gattclientapp.o)
    0x0000e168   0x0000e168   0x0000002c   Code   RO         1064    i.gattProcessFindByTypeValueReq  CH57xBLE.LIB(gattservapp.o)
    0x0000e194   0x0000e194   0x0000006c   Code   RO          996    i.gattProcessFindInfo  CH57xBLE.LIB(gattclientapp.o)
    0x0000e200   0x0000e200   0x0000011c   Code   RO         1065    i.gattProcessFindInfoReq  CH57xBLE.LIB(gattservapp.o)
    0x0000e31c   0x0000e31c   0x00000108   Code   RO          997    i.gattProcessMultiReqs  CH57xBLE.LIB(gattclientapp.o)
    0x0000e424   0x0000e424   0x00000026   Code   RO         1066    i.gattProcessPrepareWriteReq  CH57xBLE.LIB(gattservapp.o)
    0x0000e44a   0x0000e44a   0x00000002   PAD
    0x0000e44c   0x0000e44c   0x0000006c   Code   RO          998    i.gattProcessReadByGrpType  CH57xBLE.LIB(gattclientapp.o)
    0x0000e4b8   0x0000e4b8   0x00000048   Code   RO         1067    i.gattProcessReadByGrpTypeReq  CH57xBLE.LIB(gattservapp.o)
    0x0000e500   0x0000e500   0x00000164   Code   RO          999    i.gattProcessReadByType  CH57xBLE.LIB(gattclientapp.o)
    0x0000e664   0x0000e664   0x0000002c   Code   RO         1068    i.gattProcessReadByTypeReq  CH57xBLE.LIB(gattservapp.o)
    0x0000e690   0x0000e690   0x00000058   Code   RO         1000    i.gattProcessReadLong  CH57xBLE.LIB(gattclientapp.o)
    0x0000e6e8   0x0000e6e8   0x00000066   Code   RO         1069    i.gattProcessReadMultiReq  CH57xBLE.LIB(gattservapp.o)
    0x0000e74e   0x0000e74e   0x00000022   Code   RO         1070    i.gattProcessReadReq  CH57xBLE.LIB(gattservapp.o)
    0x0000e770   0x0000e770   0x000000a8   Code   RO          920    i.gattProcessReliableWrites  CH57xBLE.LIB(gatt.o)
    0x0000e818   0x0000e818   0x000000d0   Code   RO          921    i.gattProcessRxData  CH57xBLE.LIB(gatt.o)
    0x0000e8e8   0x0000e8e8   0x00000088   Code   RO          922    i.gattProcessWriteLong  CH57xBLE.LIB(gatt.o)
    0x0000e970   0x0000e970   0x00000026   Code   RO         1071    i.gattProcessWriteReq  CH57xBLE.LIB(gattservapp.o)
    0x0000e996   0x0000e996   0x00000002   PAD
    0x0000e998   0x0000e998   0x00000034   Code   RO          923    i.gattRead          CH57xBLE.LIB(gatt.o)
    0x0000e9cc   0x0000e9cc   0x00000068   Code   RO          924    i.gattReadByType    CH57xBLE.LIB(gatt.o)
    0x0000ea34   0x0000ea34   0x0000000c   Code   RO          926    i.gattRegisterClient  CH57xBLE.LIB(gatt.o)
    0x0000ea40   0x0000ea40   0x0000000c   Code   RO          927    i.gattRegisterServer  CH57xBLE.LIB(gatt.o)
    0x0000ea4c   0x0000ea4c   0x0000006a   Code   RO         1001    i.gattResetClientInfo  CH57xBLE.LIB(gattclientapp.o)
    0x0000eab6   0x0000eab6   0x00000010   Code   RO         1072    i.gattResetServerInfo  CH57xBLE.LIB(gattservapp.o)
    0x0000eac6   0x0000eac6   0x00000002   PAD
    0x0000eac8   0x0000eac8   0x0000003c   Code   RO          928    i.gattSendFlowCtrlEvt  CH57xBLE.LIB(gatt.o)
    0x0000eb04   0x0000eb04   0x0000003c   Code   RO         1073    i.gattServApp_ClearPrepareWriteQ  CH57xBLE.LIB(gattservapp.o)
    0x0000eb40   0x0000eb40   0x0000000e   Code   RO         1074    i.gattServApp_FindAuthorizeAttrCB  CH57xBLE.LIB(gattservapp.o)
    0x0000eb4e   0x0000eb4e   0x0000001a   Code   RO         1075    i.gattServApp_FindCharCfgItem  CH57xBLE.LIB(gattservapp.o)
    0x0000eb68   0x0000eb68   0x00000024   Code   RO         1076    i.gattServApp_FindPrepareWriteQ  CH57xBLE.LIB(gattservapp.o)
    0x0000eb8c   0x0000eb8c   0x00000020   Code   RO         1077    i.gattServApp_FindServiceCBs  CH57xBLE.LIB(gattservapp.o)
    0x0000ebac   0x0000ebac   0x0000005c   Code   RO         1078    i.gattServApp_HandleConnStatusCB  CH57xBLE.LIB(gattservapp.o)
    0x0000ec08   0x0000ec08   0x000000b6   Code   RO         1079    i.gattServApp_IsWriteLong  CH57xBLE.LIB(gattservapp.o)
    0x0000ecbe   0x0000ecbe   0x000000dc   Code   RO         1080    i.gattServApp_ProcessExecuteWriteReq  CH57xBLE.LIB(gattservapp.o)
    0x0000ed9a   0x0000ed9a   0x00000002   PAD
    0x0000ed9c   0x0000ed9c   0x0000013c   Code   RO         1081    i.gattServApp_ProcessFindByTypeValueReq  CH57xBLE.LIB(gattservapp.o)
    0x0000eed8   0x0000eed8   0x00000230   Code   RO         1082    i.gattServApp_ProcessMsg  CH57xBLE.LIB(gattservapp.o)
    0x0000f108   0x0000f108   0x000000e0   Code   RO         1083    i.gattServApp_ProcessPrepareWriteReq  CH57xBLE.LIB(gattservapp.o)
    0x0000f1e8   0x0000f1e8   0x00000194   Code   RO         1084    i.gattServApp_ProcessReadByGrpTypeReq  CH57xBLE.LIB(gattservapp.o)
    0x0000f37c   0x0000f37c   0x00000140   Code   RO         1085    i.gattServApp_ProcessReadByTypeReq  CH57xBLE.LIB(gattservapp.o)
    0x0000f4bc   0x0000f4bc   0x00000110   Code   RO         1086    i.gattServApp_ProcessReadMultiReq  CH57xBLE.LIB(gattservapp.o)
    0x0000f5cc   0x0000f5cc   0x00000090   Code   RO         1087    i.gattServApp_ProcessWriteReq  CH57xBLE.LIB(gattservapp.o)
    0x0000f65c   0x0000f65c   0x00000030   Code   RO         1090    i.gattServApp_WriteAttrCB  CH57xBLE.LIB(gattservapp.o)
    0x0000f68c   0x0000f68c   0x00000080   Code   RO         1091    i.gattServerHandleConnStatusCB  CH57xBLE.LIB(gattservapp.o)
    0x0000f70c   0x0000f70c   0x0000002a   Code   RO         1092    i.gattServerHandleTimerCB  CH57xBLE.LIB(gattservapp.o)
    0x0000f736   0x0000f736   0x0000001c   Code   RO         1093    i.gattServerNotifyTxCB  CH57xBLE.LIB(gattservapp.o)
    0x0000f752   0x0000f752   0x00000002   PAD
    0x0000f754   0x0000f754   0x00000150   Code   RO         1094    i.gattServerProcessMsgCB  CH57xBLE.LIB(gattservapp.o)
    0x0000f8a4   0x0000f8a4   0x00000016   Code   RO         1095    i.gattServiceLastHandle  CH57xBLE.LIB(gattservapp.o)
    0x0000f8ba   0x0000f8ba   0x0000000e   Code   RO          929    i.gattStartTimer    CH57xBLE.LIB(gatt.o)
    0x0000f8c8   0x0000f8c8   0x0000001a   Code   RO          930    i.gattStopTimer     CH57xBLE.LIB(gatt.o)
    0x0000f8e2   0x0000f8e2   0x00000002   PAD
    0x0000f8e4   0x0000f8e4   0x00000040   Code   RO         1002    i.gattStoreClientInfo  CH57xBLE.LIB(gattclientapp.o)
    0x0000f924   0x0000f924   0x00000048   Code   RO          931    i.gattWrite         CH57xBLE.LIB(gatt.o)
    0x0000f96c   0x0000f96c   0x0000009c   Code   RO         2336    i.generate_subkey   CH57xBLE.LIB(sm.o)
    0x0000fa08   0x0000fa08   0x000000d8   Code   RO          859    i.ggs_ReadAttrCB    CH57xBLE.LIB(gapgattserver.o)
    0x0000fae0   0x0000fae0   0x0000006e   Code   RO          860    i.ggs_SetAttrWPermit  CH57xBLE.LIB(gapgattserver.o)
    0x0000fb4e   0x0000fb4e   0x00000002   PAD
    0x0000fb50   0x0000fb50   0x00000110   Code   RO          861    i.ggs_WriteAttrCB   CH57xBLE.LIB(gapgattserver.o)
    0x0000fc60   0x0000fc60   0x000000a4   Code   RO         2238    i.l2capAllocConnChannel  CH57xBLE.LIB(l2cap.o)
    0x0000fd04   0x0000fd04   0x00000040   Code   RO         2300    i.l2capBuildCmdReject  CH57xBLE.LIB(l2cap_sdu.o)
    0x0000fd44   0x0000fd44   0x00000036   Code   RO         2301    i.l2capBuildConnectRsp  CH57xBLE.LIB(l2cap_sdu.o)
    0x0000fd7a   0x0000fd7a   0x00000018   Code   RO         2302    i.l2capBuildDisconnectReq  CH57xBLE.LIB(l2cap_sdu.o)
    0x0000fd92   0x0000fd92   0x00000018   Code   RO         2303    i.l2capBuildDisconnectRsp  CH57xBLE.LIB(l2cap_sdu.o)
    0x0000fdaa   0x0000fdaa   0x0000002c   Code   RO         2304    i.l2capBuildParamUpdateReq  CH57xBLE.LIB(l2cap_sdu.o)
    0x0000fdd6   0x0000fdd6   0x0000000e   Code   RO         2305    i.l2capBuildParamUpdateRsp  CH57xBLE.LIB(l2cap_sdu.o)
    0x0000fde4   0x0000fde4   0x00000098   Code   RO         2240    i.l2capDisconnectAllChannels  CH57xBLE.LIB(l2cap.o)
    0x0000fe7c   0x0000fe7c   0x0000001e   Code   RO         2241    i.l2capDisconnectChannel  CH57xBLE.LIB(l2cap.o)
    0x0000fe9a   0x0000fe9a   0x00000002   PAD
    0x0000fe9c   0x0000fe9c   0x000000b4   Code   RO         2919    i.l2capEncapSendData  CH57xBLE.LIB(l2cap_output.o)
    0x0000ff50   0x0000ff50   0x0000002c   Code   RO         2242    i.l2capFindLocalCID  CH57xBLE.LIB(l2cap.o)
    0x0000ff7c   0x0000ff7c   0x00000030   Code   RO         2243    i.l2capFindLocalId  CH57xBLE.LIB(l2cap.o)
    0x0000ffac   0x0000ffac   0x00000030   Code   RO         2244    i.l2capFindPsm      CH57xBLE.LIB(l2cap.o)
    0x0000ffdc   0x0000ffdc   0x0000003c   Code   RO         2245    i.l2capFindRemoteCID  CH57xBLE.LIB(l2cap.o)
    0x00010018   0x00010018   0x00000034   Code   RO         2246    i.l2capFreeChannel  CH57xBLE.LIB(l2cap.o)
    0x0001004c   0x0001004c   0x00000030   Code   RO         2247    i.l2capFreePendingPkt  CH57xBLE.LIB(l2cap.o)
    0x0001007c   0x0001007c   0x00000074   Code   RO         2920    i.l2capFreeTxSDU    CH57xBLE.LIB(l2cap_output.o)
    0x000100f0   0x000100f0   0x00000058   Code   RO         2248    i.l2capGetCoChannelInfo  CH57xBLE.LIB(l2cap.o)
    0x00010148   0x00010148   0x0000002c   Code   RO         2249    i.l2capHandleConnStatusCB  CH57xBLE.LIB(l2cap.o)
    0x00010174   0x00010174   0x0000000a   Code   RO         2250    i.l2capHandleRxError  CH57xBLE.LIB(l2cap.o)
    0x0001017e   0x0001017e   0x0000001c   Code   RO         2251    i.l2capHandleTimerCB  CH57xBLE.LIB(l2cap.o)
    0x0001019a   0x0001019a   0x00000054   Code   RO         2921    i.l2capNotifyChannelEstEvt  CH57xBLE.LIB(l2cap_output.o)
    0x000101ee   0x000101ee   0x0000003a   Code   RO         2922    i.l2capNotifyChannelTermEvt  CH57xBLE.LIB(l2cap_output.o)
    0x00010228   0x00010228   0x00000080   Code   RO         2923    i.l2capNotifyCreditEvt  CH57xBLE.LIB(l2cap_output.o)
    0x000102a8   0x000102a8   0x00000046   Code   RO         2924    i.l2capNotifyData   CH57xBLE.LIB(l2cap_output.o)
    0x000102ee   0x000102ee   0x0000004e   Code   RO         2925    i.l2capNotifyEvent  CH57xBLE.LIB(l2cap_output.o)
    0x0001033c   0x0001033c   0x0000004e   Code   RO         2926    i.l2capNotifySignal  CH57xBLE.LIB(l2cap_output.o)
    0x0001038a   0x0001038a   0x00000002   PAD
    0x0001038c   0x0001038c   0x00000040   Code   RO         2252    i.l2capNumActiveChannnels  CH57xBLE.LIB(l2cap.o)
    0x000103cc   0x000103cc   0x00000040   Code   RO         2890    i.l2capParseCmdReject  CH57xBLE.LIB(l2cap_input.o)
    0x0001040c   0x0001040c   0x0000003e   Code   RO         2891    i.l2capParseConnectRsp  CH57xBLE.LIB(l2cap_input.o)
    0x0001044a   0x0001044a   0x00000020   Code   RO         2892    i.l2capParseDisconnectReq  CH57xBLE.LIB(l2cap_input.o)
    0x0001046a   0x0001046a   0x00000020   Code   RO         2893    i.l2capParseDisconnectRsp  CH57xBLE.LIB(l2cap_input.o)
    0x0001048a   0x0001048a   0x00000060   Code   RO         2894    i.l2capParsePacket  CH57xBLE.LIB(l2cap_input.o)
    0x000104ea   0x000104ea   0x00000016   Code   RO         2895    i.l2capParseParamUpdateRsp  CH57xBLE.LIB(l2cap_input.o)
    0x00010500   0x00010500   0x00000014   Code   RO         2896    i.l2capParseSignalHdr  CH57xBLE.LIB(l2cap_input.o)
    0x00010514   0x00010514   0x000000c0   Code   RO         2897    i.l2capProcessConnectReq  CH57xBLE.LIB(l2cap_input.o)
    0x000105d4   0x000105d4   0x00000134   Code   RO         2898    i.l2capProcessReq   CH57xBLE.LIB(l2cap_input.o)
    0x00010708   0x00010708   0x0000010e   Code   RO         2899    i.l2capProcessRsp   CH57xBLE.LIB(l2cap_input.o)
    0x00010816   0x00010816   0x00000002   PAD
    0x00010818   0x00010818   0x000000e4   Code   RO         2900    i.l2capProcessRxData  CH57xBLE.LIB(l2cap_input.o)
    0x000108fc   0x000108fc   0x0000011c   Code   RO         2927    i.l2capReassembleSegment  CH57xBLE.LIB(l2cap_output.o)
    0x00010a18   0x00010a18   0x00000068   Code   RO         2928    i.l2capSendCmd      CH57xBLE.LIB(l2cap_output.o)
    0x00010a80   0x00010a80   0x00000088   Code   RO         2306    i.l2capSendConnectRsp  CH57xBLE.LIB(l2cap_sdu.o)
    0x00010b08   0x00010b08   0x00000050   Code   RO         2929    i.l2capSendFCPkt    CH57xBLE.LIB(l2cap_output.o)
    0x00010b58   0x00010b58   0x00000098   Code   RO         2930    i.l2capSendNextSegment  CH57xBLE.LIB(l2cap_output.o)
    0x00010bf0   0x00010bf0   0x00000040   Code   RO         2931    i.l2capSendPkt      CH57xBLE.LIB(l2cap_output.o)
    0x00010c30   0x00010c30   0x0000009c   Code   RO         2932    i.l2capSendReq      CH57xBLE.LIB(l2cap_output.o)
    0x00010ccc   0x00010ccc   0x000000c0   Code   RO         2933    i.l2capSendSegment  CH57xBLE.LIB(l2cap_output.o)
    0x00010d8c   0x00010d8c   0x0000002c   Code   RO         2253    i.l2capStartTimer   CH57xBLE.LIB(l2cap.o)
    0x00010db8   0x00010db8   0x00000010   Code   RO         2254    i.l2capStopTimer    CH57xBLE.LIB(l2cap.o)
    0x00010dc8   0x00010dc8   0x00000028   Code   RO         2934    i.l2capStoreFCPkt   CH57xBLE.LIB(l2cap_output.o)
    0x00010df0   0x00010df0   0x0000001c   Code   RO         2337    i.leftshift_onebit  CH57xBLE.LIB(sm.o)
    0x00010e0c   0x00010e0c   0x00000070   Code   RO         1175    i.linkDB_Add        CH57xBLE.LIB(linkdb.o)
    0x00010e7c   0x00010e7c   0x00000058   Code   RO         1176    i.linkDB_Authen     CH57xBLE.LIB(linkdb.o)
    0x00010ed4   0x00010ed4   0x00000030   Code   RO         1177    i.linkDB_Find       CH57xBLE.LIB(linkdb.o)
    0x00010f04   0x00010f04   0x0000003c   Code   RO         1178    i.linkDB_FindFirst  CH57xBLE.LIB(linkdb.o)
    0x00010f40   0x00010f40   0x00000038   Code   RO         1179    i.linkDB_GetHandleFromSMEvtID  CH57xBLE.LIB(linkdb.o)
    0x00010f78   0x00010f78   0x00000058   Code   RO         1180    i.linkDB_GetPairingParam  CH57xBLE.LIB(linkdb.o)
    0x00010fd0   0x00010fd0   0x0000004c   Code   RO         1181    i.linkDB_GetSMEvtID  CH57xBLE.LIB(linkdb.o)
    0x0001101c   0x0001101c   0x00000060   Code   RO         1182    i.linkDB_Init       CH57xBLE.LIB(linkdb.o)
    0x0001107c   0x0001107c   0x0000000e   Code   RO         1183    i.linkDB_MTU        CH57xBLE.LIB(linkdb.o)
    0x0001108a   0x0001108a   0x00000002   PAD
    0x0001108c   0x0001108c   0x00000048   Code   RO         1184    i.linkDB_NeedSendKey  CH57xBLE.LIB(linkdb.o)
    0x000110d4   0x000110d4   0x0000002c   Code   RO         1185    i.linkDB_NumActive  CH57xBLE.LIB(linkdb.o)
    0x00011100   0x00011100   0x0000000c   Code   RO         1186    i.linkDB_NumConns   CH57xBLE.LIB(linkdb.o)
    0x0001110c   0x0001110c   0x00000030   Code   RO         1187    i.linkDB_PerformFunc  CH57xBLE.LIB(linkdb.o)
    0x0001113c   0x0001113c   0x00000038   Code   RO         1188    i.linkDB_PeripheralLinkNum  CH57xBLE.LIB(linkdb.o)
    0x00011174   0x00011174   0x00000024   Code   RO         1189    i.linkDB_Register   CH57xBLE.LIB(linkdb.o)
    0x00011198   0x00011198   0x00000036   Code   RO         1190    i.linkDB_Remove     CH57xBLE.LIB(linkdb.o)
    0x000111ce   0x000111ce   0x0000000e   Code   RO         1191    i.linkDB_Role       CH57xBLE.LIB(linkdb.o)
    0x000111dc   0x000111dc   0x00000020   Code   RO         1192    i.linkDB_State      CH57xBLE.LIB(linkdb.o)
    0x000111fc   0x000111fc   0x0000001c   Code   RO         1194    i.linkDB_UpdateMTU  CH57xBLE.LIB(linkdb.o)
    0x00011218   0x00011218   0x00000048   Code   RO         1466    i.llAdvTraverseallChannel  CH57xBLE.LIB(ll_advertise.o)
    0x00011260   0x00011260   0x0000002c   Code   RO         1467    i.llAdvertiseCreateCore  CH57xBLE.LIB(ll_advertise.o)
    0x0001128c   0x0001128c   0x00000100   Code   RO         1468    i.llAdvertiseSet    CH57xBLE.LIB(ll_advertise.o)
    0x0001138c   0x0001138c   0x00000064   Code   RO         1469    i.llAdvertiseStart  CH57xBLE.LIB(ll_advertise.o)
    0x000113f0   0x000113f0   0x00000070   Code   RO         2554    i.llInitiateCreateCore  CH57xBLE.LIB(ll_initiate.o)
    0x00011460   0x00011460   0x000000ec   Code   RO         2555    i.llInitiateSet     CH57xBLE.LIB(ll_initiate.o)
    0x0001154c   0x0001154c   0x0000006c   Code   RO         2556    i.llInitiateStart   CH57xBLE.LIB(ll_initiate.o)
    0x000115b8   0x000115b8   0x0000007c   Code   RO         2557    i.llInitiateTraverseaChannel  CH57xBLE.LIB(ll_initiate.o)
    0x00011634   0x00011634   0x00000064   Code   RO         1499    i.llScanCreateCore  CH57xBLE.LIB(ll_scan.o)
    0x00011698   0x00011698   0x0000006c   Code   RO         1500    i.llScanSet         CH57xBLE.LIB(ll_scan.o)
    0x00011704   0x00011704   0x0000006c   Code   RO         1501    i.llScanStart       CH57xBLE.LIB(ll_scan.o)
    0x00011770   0x00011770   0x0000004c   Code   RO         1502    i.llScanTraverseaChannel  CH57xBLE.LIB(ll_scan.o)
    0x000117bc   0x000117bc   0x000000a4   Code   RO         1618    i.llSlaveCreateCore  CH57xBLE.LIB(ll_slave.o)
    0x00011860   0x00011860   0x0000009c   Code   RO         1619    i.llSlaveSetFirstTimer  CH57xBLE.LIB(ll_slave.o)
    0x000118fc   0x000118fc   0x00000098   Code   RO         2994    i.ll_address_create_non_resolvable  CH57xBLE.LIB(ll_address.o)
    0x00011994   0x00011994   0x00000070   Code   RO         2995    i.ll_address_create_static  CH57xBLE.LIB(ll_address.o)
    0x00011a04   0x00011a04   0x00000086   Code   RO         1470    i.ll_advertise_filter  CH57xBLE.LIB(ll_advertise.o)
    0x00011a8a   0x00011a8a   0x00000002   PAD
    0x00011a8c   0x00011a8c   0x000000e4   Code   RO         1471    i.ll_advertise_generated_pdu  CH57xBLE.LIB(ll_advertise.o)
    0x00011b70   0x00011b70   0x00000090   Code   RO         1472    i.ll_advertise_initParameters  CH57xBLE.LIB(ll_advertise.o)
    0x00011c00   0x00011c00   0x000000f4   Code   RO         1473    i.ll_advertise_process  CH57xBLE.LIB(ll_advertise.o)
    0x00011cf4   0x00011cf4   0x000001ec   Code   RO         1474    i.ll_advertise_rx   CH57xBLE.LIB(ll_advertise.o)
    0x00011ee0   0x00011ee0   0x00000070   Code   RO         1475    i.ll_advertise_tx   CH57xBLE.LIB(ll_advertise.o)
    0x00011f50   0x00011f50   0x00000210   Code   RO         1543    i.ll_connect_action_in_connintervaltimeout  CH57xBLE.LIB(ll_connect.o)
    0x00012160   0x00012160   0x0000001a   Code   RO         1544    i.ll_connect_auth_timeout  CH57xBLE.LIB(ll_connect.o)
    0x0001217a   0x0001217a   0x00000078   Code   RO         1545    i.ll_connect_calculate_effective_len  CH57xBLE.LIB(ll_connect.o)
    0x000121f2   0x000121f2   0x00000002   PAD
    0x000121f4   0x000121f4   0x00000154   Code   RO         1546    i.ll_connect_change_connect_point  CH57xBLE.LIB(ll_connect.o)
    0x00012348   0x00012348   0x0000003c   Code   RO         1547    i.ll_connect_event_continue  CH57xBLE.LIB(ll_connect.o)
    0x00012384   0x00012384   0x0000000a   Code   RO         1548    i.ll_connect_flowcontrol_init  CH57xBLE.LIB(ll_connect.o)
    0x0001238e   0x0001238e   0x00000002   PAD
    0x00012390   0x00012390   0x0000000c   Code   RO         1549    i.ll_connect_get_connect_number  CH57xBLE.LIB(ll_connect.o)
    0x0001239c   0x0001239c   0x0000001c   Code   RO         1550    i.ll_connect_get_master_number  CH57xBLE.LIB(ll_connect.o)
    0x000123b8   0x000123b8   0x0000001c   Code   RO         1551    i.ll_connect_get_slave_number  CH57xBLE.LIB(ll_connect.o)
    0x000123d4   0x000123d4   0x00000094   Code   RO         1552    i.ll_connect_get_start_point  CH57xBLE.LIB(ll_connect.o)
    0x00012468   0x00012468   0x00000088   Code   RO         1553    i.ll_connect_get_update_point  CH57xBLE.LIB(ll_connect.o)
    0x000124f0   0x000124f0   0x00000050   Code   RO         1554    i.ll_connect_init_dataLen  CH57xBLE.LIB(ll_connect.o)
    0x00012540   0x00012540   0x0000002a   Code   RO         1555    i.ll_connect_init_pingOffset  CH57xBLE.LIB(ll_connect.o)
    0x0001256a   0x0001256a   0x00000026   Code   RO         1556    i.ll_connect_parse_datapdu_head  CH57xBLE.LIB(ll_connect.o)
    0x00012590   0x00012590   0x0000001c   Code   RO         1557    i.ll_connect_procedure_timeout  CH57xBLE.LIB(ll_connect.o)
    0x000125ac   0x000125ac   0x00000060   Code   RO         1558    i.ll_connect_send_data  CH57xBLE.LIB(ll_connect.o)
    0x0001260c   0x0001260c   0x0000003c   Code   RO         1559    i.ll_connect_set_auth_timeout  CH57xBLE.LIB(ll_connect.o)
    0x00012648   0x00012648   0x0000002c   Code   RO         1560    i.ll_connect_set_connect_timeout  CH57xBLE.LIB(ll_connect.o)
    0x00012674   0x00012674   0x00000034   Code   RO         1561    i.ll_connect_set_procedure_timeout  CH57xBLE.LIB(ll_connect.o)
    0x000126a8   0x000126a8   0x00000026   Code   RO         1562    i.ll_connect_supervision_timeout  CH57xBLE.LIB(ll_connect.o)
    0x000126ce   0x000126ce   0x00000002   PAD
    0x000126d0   0x000126d0   0x000000ac   Code   RO         1563    i.ll_connect_update_get_offset  CH57xBLE.LIB(ll_connect.o)
    0x0001277c   0x0001277c   0x00000028   Code   RO         2525    i.ll_get_prime_number  CH57xBLE.LIB(ll.o)
    0x000127a4   0x000127a4   0x0000000a   Code   RO          695    i.ll_hw_api_enc     CH57xBLE.LIB(ip.o)
    0x000127ae   0x000127ae   0x00000002   PAD
    0x000127b0   0x000127b0   0x00000064   Code   RO          696    i.ll_hw_api_rx_set_txlen  CH57xBLE.LIB(ip.o)
    0x00012814   0x00012814   0x00000008   Code   RO          697    i.ll_hw_api_set_channel  CH57xBLE.LIB(ip.o)
    0x0001281c   0x0001281c   0x00000020   Code   RO          698    i.ll_hw_api_set_pkt_dec  CH57xBLE.LIB(ip.o)
    0x0001283c   0x0001283c   0x00000020   Code   RO          699    i.ll_hw_api_set_pkt_enc  CH57xBLE.LIB(ip.o)
    0x0001285c   0x0001285c   0x00000044   Code   RO          644    i.ll_hw_temp_sample  CH57xBLE.LIB(tmos_hw.o)
    0x000128a0   0x000128a0   0x00000034   Code   RO         1620    i.ll_hw_timer_renew_anchor_point  CH57xBLE.LIB(ll_slave.o)
    0x000128d4   0x000128d4   0x00000016   Code   RO         1621    i.ll_hw_timer_slave_recv_timeout  CH57xBLE.LIB(ll_slave.o)
    0x000128ea   0x000128ea   0x0000001e   Code   RO         1564    i.ll_hw_timer_window_widening  CH57xBLE.LIB(ll_connect.o)
    0x00012908   0x00012908   0x000000f4   Code   RO         2558    i.ll_initiate_filter  CH57xBLE.LIB(ll_initiate.o)
    0x000129fc   0x000129fc   0x00000154   Code   RO         2559    i.ll_initiate_generated_pdu  CH57xBLE.LIB(ll_initiate.o)
    0x00012b50   0x00012b50   0x000000b0   Code   RO         2560    i.ll_initiate_get_connect_offset  CH57xBLE.LIB(ll_initiate.o)
    0x00012c00   0x00012c00   0x0000010c   Code   RO         2561    i.ll_initiate_process  CH57xBLE.LIB(ll_initiate.o)
    0x00012d0c   0x00012d0c   0x000000b8   Code   RO         2562    i.ll_initiate_rx    CH57xBLE.LIB(ll_initiate.o)
    0x00012dc4   0x00012dc4   0x00000030   Code   RO         2563    i.ll_initiate_to_standby  CH57xBLE.LIB(ll_initiate.o)
    0x00012df4   0x00012df4   0x000003c4   Code   RO         1658    i.ll_master_action_tx_ready  CH57xBLE.LIB(ll_master.o)
    0x000131b8   0x000131b8   0x000000a4   Code   RO         1565    i.ll_master_check_connect_point  CH57xBLE.LIB(ll_connect.o)
    0x0001325c   0x0001325c   0x000000ac   Code   RO         1659    i.ll_master_initParameters  CH57xBLE.LIB(ll_master.o)
    0x00013308   0x00013308   0x0000043c   Code   RO         1660    i.ll_master_parse_datapdu_payload  CH57xBLE.LIB(ll_master.o)
    0x00013744   0x00013744   0x000001cc   Code   RO         1661    i.ll_master_process  CH57xBLE.LIB(ll_master.o)
    0x00013910   0x00013910   0x000001b0   Code   RO         1662    i.ll_master_process_after_rx  CH57xBLE.LIB(ll_master.o)
    0x00013ac0   0x00013ac0   0x00000154   Code   RO         1663    i.ll_master_process_event  CH57xBLE.LIB(ll_master.o)
    0x00013c14   0x00013c14   0x000000d0   Code   RO         1664    i.ll_master_rx      CH57xBLE.LIB(ll_master.o)
    0x00013ce4   0x00013ce4   0x00000052   Code   RO         2685    i.ll_resolvinglist_checkRPA  CH57xBLE.LIB(ll_resolvinglist.o)
    0x00013d36   0x00013d36   0x00000002   PAD
    0x00013d38   0x00013d38   0x00000048   Code   RO         2686    i.ll_resolvinglist_renew_rpa  CH57xBLE.LIB(ll_resolvinglist.o)
    0x00013d80   0x00013d80   0x000000fc   Code   RO         1503    i.ll_scan_add_advertising_to_report  CH57xBLE.LIB(ll_scan.o)
    0x00013e7c   0x00013e7c   0x000000ac   Code   RO         1504    i.ll_scan_filter    CH57xBLE.LIB(ll_scan.o)
    0x00013f28   0x00013f28   0x000000c8   Code   RO         1505    i.ll_scan_generated_req  CH57xBLE.LIB(ll_scan.o)
    0x00013ff0   0x00013ff0   0x000000f0   Code   RO         1506    i.ll_scan_process   CH57xBLE.LIB(ll_scan.o)
    0x000140e0   0x000140e0   0x00000118   Code   RO         1507    i.ll_scan_rx        CH57xBLE.LIB(ll_scan.o)
    0x000141f8   0x000141f8   0x00000094   Code   RO         1508    i.ll_scan_tx        CH57xBLE.LIB(ll_scan.o)
    0x0001428c   0x0001428c   0x0000042c   Code   RO         1622    i.ll_slave_action_tx_ready  CH57xBLE.LIB(ll_slave.o)
    0x000146b8   0x000146b8   0x000001a4   Code   RO         1566    i.ll_slave_check_connect_point  CH57xBLE.LIB(ll_connect.o)
    0x0001485c   0x0001485c   0x000000ec   Code   RO         1623    i.ll_slave_encrypt_req  CH57xBLE.LIB(ll_slave.o)
    0x00014948   0x00014948   0x0000036c   Code   RO         1624    i.ll_slave_parse_datapdu_payload  CH57xBLE.LIB(ll_slave.o)
    0x00014cb4   0x00014cb4   0x00000218   Code   RO         1625    i.ll_slave_process  CH57xBLE.LIB(ll_slave.o)
    0x00014ecc   0x00014ecc   0x000001e4   Code   RO         1626    i.ll_slave_process_after_tx  CH57xBLE.LIB(ll_slave.o)
    0x000150b0   0x000150b0   0x00000168   Code   RO         1627    i.ll_slave_process_event  CH57xBLE.LIB(ll_slave.o)
    0x00015218   0x00015218   0x000000ec   Code   RO         1628    i.ll_slave_rx       CH57xBLE.LIB(ll_slave.o)
    0x00015304   0x00015304   0x00000026   Code   RO         2338    i.padding           CH57xBLE.LIB(sm.o)
    0x0001532a   0x0001532a   0x00000002   PAD
    0x0001532c   0x0001532c   0x00000024   Code   RO         1195    i.reportStatusChange  CH57xBLE.LIB(linkdb.o)
    0x00015350   0x00015350   0x000000d0   Code   RO          784    i.sendAuthEvent     CH57xBLE.LIB(gap.o)
    0x00015420   0x00015420   0x00000030   Code   RO          785    i.sendTerminateEvent  CH57xBLE.LIB(gap.o)
    0x00015450   0x00015450   0x0000004e   Code   RO         2339    i.setupInitiatorKeys  CH57xBLE.LIB(sm.o)
    0x0001549e   0x0001549e   0x0000001e   Code   RO         2341    i.smDetermineKeySize  CH57xBLE.LIB(sm.o)
    0x000154bc   0x000154bc   0x00000048   Code   RO         2342    i.smEndPairing      CH57xBLE.LIB(sm.o)
    0x00015504   0x00015504   0x0000004e   Code   RO         2343    i.smFreePairingParams  CH57xBLE.LIB(sm.o)
    0x00015552   0x00015552   0x00000002   PAD
    0x00015554   0x00015554   0x00000024   Code   RO         2344    i.smGenerateConfirm  CH57xBLE.LIB(sm.o)
    0x00015578   0x00015578   0x00000034   Code   RO         2345    i.smGeneratePairingReqRsp  CH57xBLE.LIB(sm.o)
    0x000155ac   0x000155ac   0x00000028   Code   RO          786    i.smGenerateRandBuf  CH57xBLE.LIB(gap.o)
    0x000155d4   0x000155d4   0x00000024   Code   RO         2346    i.smGenerateRandMsg  CH57xBLE.LIB(sm.o)
    0x000155f8   0x000155f8   0x00000160   Code   RO         2347    i.smInitiatorSendNextKeyInfo  CH57xBLE.LIB(sm.o)
    0x00015758   0x00015758   0x00000020   Code   RO         2348    i.smLinkCheck       CH57xBLE.LIB(sm.o)
    0x00015778   0x00015778   0x00000040   Code   RO         2349    i.smNextPairingState  CH57xBLE.LIB(sm.o)
    0x000157b8   0x000157b8   0x00000014   Code   RO         2350    i.smPairingSendEncInfo  CH57xBLE.LIB(sm.o)
    0x000157cc   0x000157cc   0x00000028   Code   RO         2351    i.smPairingSendIdentityAddrInfo  CH57xBLE.LIB(sm.o)
    0x000157f4   0x000157f4   0x00000014   Code   RO         2352    i.smPairingSendIdentityInfo  CH57xBLE.LIB(sm.o)
    0x00015808   0x00015808   0x00000028   Code   RO         2353    i.smPairingSendMasterID  CH57xBLE.LIB(sm.o)
    0x00015830   0x00015830   0x00000014   Code   RO         2354    i.smPairingSendSingingInfo  CH57xBLE.LIB(sm.o)
    0x00015844   0x00015844   0x000000c8   Code   RO         2355    i.smProcessDataMsg  CH57xBLE.LIB(sm.o)
    0x0001590c   0x0001590c   0x000000bc   Code   RO         2356    i.smProcessEncryptChange  CH57xBLE.LIB(sm.o)
    0x000159c8   0x000159c8   0x0000004c   Code   RO         2357    i.smProcessPairingReq  CH57xBLE.LIB(sm.o)
    0x00015a14   0x00015a14   0x00000078   Code   RO         2358    i.smProcessRandComplete  CH57xBLE.LIB(sm.o)
    0x00015a8c   0x00015a8c   0x00000088   Code   RO         2359    i.smProcessTMOSMsg  CH57xBLE.LIB(sm.o)
    0x00015b14   0x00015b14   0x00000180   Code   RO         2362    i.smResponderProcessLTKReq  CH57xBLE.LIB(sm.o)
    0x00015c94   0x00015c94   0x000001b8   Code   RO         2363    i.smResponderSendNextKeyInfo  CH57xBLE.LIB(sm.o)
    0x00015e4c   0x00015e4c   0x00000164   Code   RO         2364    i.smSavePairInfo    CH57xBLE.LIB(sm.o)
    0x00015fb0   0x00015fb0   0x00000024   Code   RO         2365    i.smSendFailAndEnd  CH57xBLE.LIB(sm.o)
    0x00015fd4   0x00015fd4   0x0000004a   Code   RO         2366    i.smSendSMMsg       CH57xBLE.LIB(sm.o)
    0x0001601e   0x0001601e   0x00000038   Code   RO         2367    i.smSetPairingReqRsp  CH57xBLE.LIB(sm.o)
    0x00016056   0x00016056   0x00000002   PAD
    0x00016058   0x00016058   0x00000020   Code   RO         2368    i.smStartEncryption  CH57xBLE.LIB(sm.o)
    0x00016078   0x00016078   0x0000002c   Code   RO         2369    i.smStartRspTimer   CH57xBLE.LIB(sm.o)
    0x000160a4   0x000160a4   0x00000014   Code   RO         2370    i.smStopRspTimer    CH57xBLE.LIB(sm.o)
    0x000160b8   0x000160b8   0x00000018   Code   RO         2371    i.smTimedOut        CH57xBLE.LIB(sm.o)
    0x000160d0   0x000160d0   0x00000004   Code   RO         2372    i.smUint8ToAuthReq  CH57xBLE.LIB(sm.o)
    0x000160d4   0x000160d4   0x00000126   Code   RO         2373    i.sm_CMAC           CH57xBLE.LIB(sm.o)
    0x000161fa   0x000161fa   0x0000005a   Code   RO         2374    i.sm_ah             CH57xBLE.LIB(sm.o)
    0x00016254   0x00016254   0x00000082   Code   RO         2375    i.sm_c1             CH57xBLE.LIB(sm.o)
    0x000162d6   0x000162d6   0x000000e0   Code   RO         2376    i.sm_c1new          CH57xBLE.LIB(sm.o)
    0x000163b6   0x000163b6   0x00000062   Code   RO         2377    i.sm_s1             CH57xBLE.LIB(sm.o)
    0x00016418   0x00016418   0x00000016   Code   RO         2378    i.sm_xor            CH57xBLE.LIB(sm.o)
    0x0001642e   0x0001642e   0x00000020   Code   RO         2379    i.smpBuildEncInfo   CH57xBLE.LIB(sm.o)
    0x0001644e   0x0001644e   0x00000024   Code   RO         2380    i.smpBuildIdentityAddrInfo  CH57xBLE.LIB(sm.o)
    0x00016472   0x00016472   0x00000020   Code   RO         2381    i.smpBuildIdentityInfo  CH57xBLE.LIB(sm.o)
    0x00016492   0x00016492   0x0000002a   Code   RO         2382    i.smpBuildMasterID  CH57xBLE.LIB(sm.o)
    0x000164bc   0x000164bc   0x00000020   Code   RO         2383    i.smpBuildPairingConfirm  CH57xBLE.LIB(sm.o)
    0x000164dc   0x000164dc   0x00000018   Code   RO         2384    i.smpBuildPairingFailed  CH57xBLE.LIB(sm.o)
    0x000164f4   0x000164f4   0x00000020   Code   RO         2385    i.smpBuildPairingRandom  CH57xBLE.LIB(sm.o)
    0x00016514   0x00016514   0x0000000e   Code   RO         2386    i.smpBuildPairingReq  CH57xBLE.LIB(sm.o)
    0x00016522   0x00016522   0x00000092   Code   RO         2387    i.smpBuildPairingReqRsp  CH57xBLE.LIB(sm.o)
    0x000165b4   0x000165b4   0x0000000e   Code   RO         2388    i.smpBuildPairingRsp  CH57xBLE.LIB(sm.o)
    0x000165c2   0x000165c2   0x00000018   Code   RO         2389    i.smpBuildSecurityReq  CH57xBLE.LIB(sm.o)
    0x000165da   0x000165da   0x00000020   Code   RO         2390    i.smpBuildSigningInfo  CH57xBLE.LIB(sm.o)
    0x000165fa   0x000165fa   0x000001c8   Code   RO         2391    i.smpInitiatorProcessIncoming  CH57xBLE.LIB(sm.o)
    0x000167c2   0x000167c2   0x000000be   Code   RO         2392    i.smpInitiatorProcessPairingRsp  CH57xBLE.LIB(sm.o)
    0x00016880   0x00016880   0x0000001e   Code   RO         2393    i.smpParseEncInfo   CH57xBLE.LIB(sm.o)
    0x0001689e   0x0001689e   0x00000022   Code   RO         2394    i.smpParseIdentityAddrInfo  CH57xBLE.LIB(sm.o)
    0x000168c0   0x000168c0   0x0000001e   Code   RO         2395    i.smpParseIdentityInfo  CH57xBLE.LIB(sm.o)
    0x000168de   0x000168de   0x00000028   Code   RO         2396    i.smpParseMasterID  CH57xBLE.LIB(sm.o)
    0x00016906   0x00016906   0x0000001e   Code   RO         2397    i.smpParsePairingConfirm  CH57xBLE.LIB(sm.o)
    0x00016924   0x00016924   0x00000020   Code   RO         2398    i.smpParsePairingFailed  CH57xBLE.LIB(sm.o)
    0x00016944   0x00016944   0x0000001e   Code   RO         2399    i.smpParsePairingRandom  CH57xBLE.LIB(sm.o)
    0x00016962   0x00016962   0x00000002   PAD
    0x00016964   0x00016964   0x000000fc   Code   RO         2400    i.smpParsePairingReq  CH57xBLE.LIB(sm.o)
    0x00016a60   0x00016a60   0x00000014   Code   RO         2401    i.smpParseSecurityReq  CH57xBLE.LIB(sm.o)
    0x00016a74   0x00016a74   0x0000001e   Code   RO         2402    i.smpParseSigningInfo  CH57xBLE.LIB(sm.o)
    0x00016a92   0x00016a92   0x000001ce   Code   RO         2403    i.smpResponderProcessIncoming  CH57xBLE.LIB(sm.o)
    0x00016c60   0x00016c60   0x0000009e   Code   RO         2404    i.smpResponderProcessPairingReq  CH57xBLE.LIB(sm.o)
    0x00016cfe   0x00016cfe   0x00000002   PAD
    0x00016d00   0x00016d00   0x00000020   Code   RO          550    i.tmosFindTask      CH57xBLE.LIB(tmos.o)
    0x00016d20   0x00016d20   0x00000034   Code   RO         1384    i.tmos_bm_adjust_header  CH57xBLE.LIB(memory.o)
    0x00016d54   0x00016d54   0x00000024   Code   RO          551    i.tmos_clear_event  CH57xBLE.LIB(tmos.o)
    0x00016d78   0x00016d78   0x00000012   Code   RO          553    i.tmos_get_task_timer  CH57xBLE.LIB(tmos.o)
    0x00016d8a   0x00016d8a   0x0000001e   Code   RO          554    i.tmos_isbufset     CH57xBLE.LIB(tmos.o)
    0x00016da8   0x00016da8   0x0000001c   Code   RO          555    i.tmos_memcmp       CH57xBLE.LIB(tmos.o)
    0x00016dc4   0x00016dc4   0x00000018   Code   RO          556    i.tmos_memcpy       CH57xBLE.LIB(tmos.o)
    0x00016ddc   0x00016ddc   0x0000001e   Code   RO          557    i.tmos_memdup       CH57xBLE.LIB(tmos.o)
    0x00016dfa   0x00016dfa   0x00000002   PAD
    0x00016dfc   0x00016dfc   0x00000078   Code   RO         1385    i.tmos_memory_allocate  CH57xBLE.LIB(memory.o)
    0x00016e74   0x00016e74   0x00000094   Code   RO         1386    i.tmos_memory_free  CH57xBLE.LIB(memory.o)
    0x00016f08   0x00016f08   0x00000060   Code   RO         1388    i.tmos_memory_init  CH57xBLE.LIB(memory.o)
    0x00016f68   0x00016f68   0x00000010   Code   RO          558    i.tmos_memset       CH57xBLE.LIB(tmos.o)
    0x00016f78   0x00016f78   0x00000028   Code   RO          609    i.tmos_msg_allocate  CH57xBLE.LIB(message.o)
    0x00016fa0   0x00016fa0   0x00000020   Code   RO          610    i.tmos_msg_deallocate  CH57xBLE.LIB(message.o)
    0x00016fc0   0x00016fc0   0x00000024   Code   RO          611    i.tmos_msg_enqueue  CH57xBLE.LIB(message.o)
    0x00016fe4   0x00016fe4   0x0000000c   Code   RO          612    i.tmos_msg_init     CH57xBLE.LIB(message.o)
    0x00016ff0   0x00016ff0   0x00000070   Code   RO          615    i.tmos_msg_receive  CH57xBLE.LIB(message.o)
    0x00017060   0x00017060   0x00000058   Code   RO          616    i.tmos_msg_send     CH57xBLE.LIB(message.o)
    0x000170b8   0x000170b8   0x000000d4   Code   RO          559    i.tmos_query_system_time  CH57xBLE.LIB(tmos.o)
    0x0001718c   0x0001718c   0x00000038   Code   RO          560    i.tmos_rand         CH57xBLE.LIB(tmos.o)
    0x000171c4   0x000171c4   0x00000012   Code   RO          561    i.tmos_revmemcpy    CH57xBLE.LIB(tmos.o)
    0x000171d6   0x000171d6   0x00000002   PAD
    0x000171d8   0x000171d8   0x00000024   Code   RO          562    i.tmos_set_event    CH57xBLE.LIB(tmos.o)
    0x000171fc   0x000171fc   0x00000044   Code   RO         1399    i.tmos_snv_clear    CH57xBLE.LIB(tmos_snv.o)
    0x00017240   0x00017240   0x00000004   Code   RO         1400    i.tmos_snv_compact  CH57xBLE.LIB(tmos_snv.o)
    0x00017244   0x00017244   0x00000034   Code   RO         1401    i.tmos_snv_init     CH57xBLE.LIB(tmos_snv.o)
    0x00017278   0x00017278   0x00000040   Code   RO         1402    i.tmos_snv_notify   CH57xBLE.LIB(tmos_snv.o)
    0x000172b8   0x000172b8   0x00000088   Code   RO         1403    i.tmos_snv_read     CH57xBLE.LIB(tmos_snv.o)
    0x00017340   0x00017340   0x000000ac   Code   RO         1404    i.tmos_snv_write    CH57xBLE.LIB(tmos_snv.o)
    0x000173ec   0x000173ec   0x00000074   Code   RO          563    i.tmos_start_callback_task  CH57xBLE.LIB(tmos.o)
    0x00017460   0x00017460   0x00000022   Code   RO          564    i.tmos_start_reload_task  CH57xBLE.LIB(tmos.o)
    0x00017482   0x00017482   0x00000002   PAD
    0x00017484   0x00017484   0x00000074   Code   RO          565    i.tmos_start_task   CH57xBLE.LIB(tmos.o)
    0x000174f8   0x000174f8   0x00000050   Code   RO          566    i.tmos_stop_callback_task  CH57xBLE.LIB(tmos.o)
    0x00017548   0x00017548   0x00000022   Code   RO          567    i.tmos_stop_task    CH57xBLE.LIB(tmos.o)
    0x0001756a   0x0001756a   0x00000012   Code   RO          568    i.tmos_strlen       CH57xBLE.LIB(tmos.o)
    0x0001757c   0x0001757c   0x0000006c   Code   RO          569    i.tmos_update_callback_timer  CH57xBLE.LIB(tmos.o)
    0x000175e8   0x000175e8   0x00000084   Code   RO          570    i.tmos_update_task_time  CH57xBLE.LIB(tmos.o)
    0x0001766c   0x0001766c   0x00000016   Code   RO         2405    i.xor_128           CH57xBLE.LIB(sm.o)
    0x00017682   0x00017682   0x0000000e   Code   RO         2969    i.xtime             CH57xBLE.LIB(aes_soft.o)
    0x00017690   0x00017690   0x00000015   Data   RO          129    .constdata          central.o
    0x000176a5   0x000176a5   0x00000003   PAD
    0x000176a8   0x000176a8   0x0000008d   Data   RO          184    .constdata          devinfoservice.o
    0x00017735   0x00017735   0x00000003   PAD
    0x00017738   0x00017738   0x00000014   Data   RO          201    .constdata          gattprofile.o
    0x0001774c   0x0001774c   0x00000014   Data   RO          701    .constdata          CH57xBLE.LIB(ip.o)
    0x00017760   0x00017760   0x00000008   Data   RO          863    .constdata          CH57xBLE.LIB(gapgattserver.o)
    0x00017768   0x00017768   0x00000060   Data   RO         1097    .constdata          CH57xBLE.LIB(gattservapp.o)
    0x000177c8   0x000177c8   0x0000002a   Data   RO         1224    .constdata          CH57xBLE.LIB(gatt_uuid.o)
    0x000177f2   0x000177f2   0x00000002   Data   RO         1225    .constdata          CH57xBLE.LIB(gatt_uuid.o)
    0x000177f4   0x000177f4   0x00000010   Data   RO         1977    .constdata          CH57xBLE.LIB(att.o)
    0x00017804   0x00017804   0x00000029   Data   RO         2406    .constdata          CH57xBLE.LIB(sm.o)
    0x0001782d   0x0001782d   0x00000017   Data   RO         2527    .constdata          CH57xBLE.LIB(ll.o)
    0x00017844   0x00017844   0x000002ff   Data   RO         2971    .constdata          CH57xBLE.LIB(aes_soft.o)
    0x00017b43   0x00017b43   0x00000001   PAD
    0x00017b44   0x00017b44   0x00000020   Data   RO         3318    Region$$Table       anon$$obj.o


    Execution Region RW_IRAM1 (Exec base: 0x20000000, Load base: 0x00017b64, Size: 0x00002a28, Max: 0x00020000, ABSOLUTE, COMPRESSED[0x00000214])

    Exec Addr    Load Addr    Size         Type   Attr      Idx    E Section Name        Object

    0x20000000   COMPRESSED   0x0000002c   Data   RW          130    .data               central.o
    0x2000002c   COMPRESSED   0x0000005c   Data   RW          159    .data               peripheral.o
    0x20000088   COMPRESSED   0x00000154   Data   RW          185    .data               devinfoservice.o
    0x200001dc   COMPRESSED   0x00000188   Data   RW          202    .data               gattprofile.o
    0x20000364   COMPRESSED   0x00000001   Data   RW          419    .data               mcu.o
    0x20000365   COMPRESSED   0x00000003   PAD
    0x20000368   COMPRESSED   0x00000004   Data   RW          464    .data               rtc.o
    0x2000036c   COMPRESSED   0x00000018   Data   RW          572    .data               CH57xBLE.LIB(tmos.o)
    0x20000384   COMPRESSED   0x00000004   Data   RW          617    .data               CH57xBLE.LIB(message.o)
    0x20000388   COMPRESSED   0x00000004   Data   RW          669    .data               CH57xBLE.LIB(lle.o)
    0x2000038c   COMPRESSED   0x0000002a   Data   RW          788    .data               CH57xBLE.LIB(gap.o)
    0x200003b6   COMPRESSED   0x00000002   PAD
    0x200003b8   COMPRESSED   0x000000b0   Data   RW          864    .data               CH57xBLE.LIB(gapgattserver.o)
    0x20000468   COMPRESSED   0x0000000c   Data   RW          933    .data               CH57xBLE.LIB(gatt.o)
    0x20000474   COMPRESSED   0x00000008   Data   RW         1003    .data               CH57xBLE.LIB(gattclientapp.o)
    0x2000047c   COMPRESSED   0x00000070   Data   RW         1098    .data               CH57xBLE.LIB(gattservapp.o)
    0x200004ec   COMPRESSED   0x00000008   Data   RW         1197    .data               CH57xBLE.LIB(linkdb.o)
    0x200004f4   COMPRESSED   0x00000050   Data   RW         1271    .data               CH57xBLE.LIB(gapbondmgr.o)
    0x20000544   COMPRESSED   0x00000004   Data   RW         1323    .data               CH57xBLE.LIB(peripheral.o)
    0x20000548   COMPRESSED   0x00000008   Data   RW         1344    .data               CH57xBLE.LIB(central.o)
    0x20000550   COMPRESSED   0x00000043   Data   RW         1369    .data               CH57xBLE.LIB(role.o)
    0x20000593   COMPRESSED   0x00000001   PAD
    0x20000594   COMPRESSED   0x0000000c   Data   RW         1389    .data               CH57xBLE.LIB(memory.o)
    0x200005a0   COMPRESSED   0x00000004   Data   RW         1420    .data               CH57xBLE.LIB(aes.o)
    0x200005a4   COMPRESSED   0x00000004   Data   RW         1433    .data               CH57xBLE.LIB(bb.o)
    0x200005a8   COMPRESSED   0x00000004   Data   RW         1442    .data               CH57xBLE.LIB(dma.o)
    0x200005ac   COMPRESSED   0x00000004   Data   RW         1452    .data               CH57xBLE.LIB(rfend.o)
    0x200005b0   COMPRESSED   0x00000004   Data   RW         1847    .data               CH57xBLE.LIB(host_input.o)
    0x200005b4   COMPRESSED   0x00000008   Data   RW         1978    .data               CH57xBLE.LIB(att.o)
    0x200005bc   COMPRESSED   0x0000001c   Data   RW         2158    .data               CH57xBLE.LIB(gap_central.o)
    0x200005d8   COMPRESSED   0x00000014   Data   RW         2198    .data               CH57xBLE.LIB(gap_peripheral.o)
    0x200005ec   COMPRESSED   0x00000014   Data   RW         2256    .data               CH57xBLE.LIB(l2cap.o)
    0x20000600   COMPRESSED   0x00000024   Data   RW         2407    .data               CH57xBLE.LIB(sm.o)
    0x20000624   COMPRESSED   0x00000004   Data   RW         2499    .data               CH57xBLE.LIB(broadcaster.o)
    0x20000628   COMPRESSED   0x00000004   Data   RW         2528    .data               CH57xBLE.LIB(ll.o)
    0x2000062c   COMPRESSED   0x00000008   Data   RW         2972    .data               CH57xBLE.LIB(aes_soft.o)
    0x20000634   COMPRESSED   0x00000004   Data   RW         3296    .data               mc_p.l(stdout.o)
    0x20000638        -       0x00002000   Zero   RW            4    .bss                centperi_main.o
    0x20002638        -       0x00000050   Zero   RW          128    .bss                central.o
    0x20002688        -       0x00000010   Zero   RW          200    .bss                gattprofile.o
    0x20002698        -       0x00000068   Zero   RW          571    .bss                CH57xBLE.LIB(tmos.o)
    0x20002700        -       0x0000002c   Zero   RW          700    .bss                CH57xBLE.LIB(ip.o)
    0x2000272c        -       0x00000054   Zero   RW          787    .bss                CH57xBLE.LIB(gap.o)
    0x20002780        -       0x00000016   Zero   RW          862    .bss                CH57xBLE.LIB(gapgattserver.o)
    0x20002796   COMPRESSED   0x00000002   PAD
    0x20002798        -       0x00000036   Zero   RW         1096    .bss                CH57xBLE.LIB(gattservapp.o)
    0x200027ce   COMPRESSED   0x00000002   PAD
    0x200027d0        -       0x00000030   Zero   RW         1196    .bss                CH57xBLE.LIB(linkdb.o)
    0x20002800        -       0x00000020   Zero   RW         1270    .bss                CH57xBLE.LIB(gapbondmgr.o)
    0x20002820        -       0x00000020   Zero   RW         1322    .bss                CH57xBLE.LIB(peripheral.o)
    0x20002840        -       0x0000003f   Zero   RW         1368    .bss                CH57xBLE.LIB(role.o)
    0x2000287f   COMPRESSED   0x00000001   PAD
    0x20002880        -       0x0000000c   Zero   RW         2197    .bss                CH57xBLE.LIB(gap_peripheral.o)
    0x2000288c        -       0x00000030   Zero   RW         2255    .bss                CH57xBLE.LIB(l2cap.o)
    0x200028bc        -       0x000000bc   Zero   RW         2526    .bss                CH57xBLE.LIB(ll.o)
    0x20002978        -       0x000000b0   Zero   RW         2970    .bss                CH57xBLE.LIB(aes_soft.o)


==============================================================================

Image component sizes


      Code (inc. data)   RO Data    RW Data    ZI Data      Debug   Object Name

        84         16          0          0       8192      39996   centperi_main.o
      2580        692         21         44         80       7464   central.o
      1628         58          0          0          0      50257   ch57x_clk.o
       644         20          0          0          0       1639   ch57x_gpio.o
       304         18          0          0          0       2197   ch57x_sys.o
       200          4          0          0          0      43291   ch57x_uart1.o
       736         66        141        340          0       4037   devinfoservice.o
       820         72         20        392         16       5535   gattprofile.o
       636        118          0          1          0      38434   mcu.o
      1412        372          0         92          0       5176   peripheral.o
       112          8          0          4          0        995   rtc.o
        28         10        144          0          0        576   startup_armcm0.o

    ----------------------------------------------------------------------
      9184       1454        364        876       8288     199597   Object Totals
         0          0         32          0          0          0   (incl. Generated)
         0          0          6          3          0          0   (incl. Padding)

    ----------------------------------------------------------------------

      Code (inc. data)   RO Data    RW Data    ZI Data      Debug   Library Member Name

       688         30          0          4          0        288   aes.o
       598         50        767          8        176        620   aes_soft.o
       854        122          0          0          0       1824   api_c.o
       610         48         16          8          0        904   att.o
       768         50          0          0          0       1692   att_client.o
      1054         58          0          0          0       2160   att_server.o
       144         48          0          4          0        188   bb.o
         0          0          0          4          0          0   broadcaster.o
       650        114          0          8          0        572   central.o
      3304        122          0          0          0       2044   ctl_input.o
       236          0          0          0          0       1404   ctl_output.o
        48         10          0          4          0         60   dma.o
      4122        276          0         42         84       3876   gap.o
      2028        138          0         28          0       1080   gap_central.o
      1496        194          0         20         12        952   gap_peripheral.o
      5046        264          0         80         32       2772   gapbondmgr.o
      1280         92          8        176         22        592   gapgattserver.o
      1994        138          0         12          0       2156   gatt.o
         0          0         44          0          0          0   gatt_uuid.o
      1980        102          0          8          0       1168   gattclientapp.o
      6834        304         96        112         54       4540   gattservapp.o
      1298        100          0          4          0       1440   host_input.o
       344          6          0          0          0       1816   host_output.o
      1782        212         20          0         44       1104   ip.o
      1472        114          0         20         48       1732   l2cap.o
      1378         26          0          0          0        820   l2cap_input.o
      1988         92          0          0          0       1304   l2cap_output.o
       476         36          0          0          0        724   l2cap_sdu.o
      1070        112          0          8         48       1420   linkdb.o
       524         40         23          4        188        216   ll.o
       596         34          0          0          0        372   ll_address.o
      1942        118          0          0          0        996   ll_advertise.o
      3440        184          0          0          0       2528   ll_connect.o
       292         22          0          0          0        272   ll_core.o
       248          0          0          0          0        204   ll_hop.o
      1964        164          0          0          0       1048   ll_initiate.o
      3988         98          0          0          0        996   ll_master.o
      1966         28          0          0          0       1880   ll_pdu.o
      1378         18          0          0          0        156   ll_report.o
       450         40          0          0          0        580   ll_resolvinglist.o
      1814        166          0          0          0        940   ll_scan.o
      4360        126          0          0          0       1248   ll_slave.o
       204         16          0          0          0        280   ll_whitelist.o
       408         24          0          4          0        212   lle.o
       416         40          0         12          0        300   memory.o
       320         18          0          4          0        400   message.o
      1290        230          0          4         32        444   peripheral.o
      3556         30          0          4          0        344   rfend.o
       936        128          0         67         63        556   role.o
      7752        270         41         36          0       5624   sm.o
      1994        166          0         24        104       1980   tmos.o
       830        116          0          0          0       1100   tmos_hw.o
       496         40          0          0          0        428   tmos_snv.o
        86          0          0          0          0          0   __dczerorl2.o
         0          0          0          0          0          0   entry.o
         0          0          0          0          0          0   entry10a.o
         0          0          0          0          0          0   entry11a.o
         8          4          0          0          0          0   entry2.o
         4          0          0          0          0          0   entry5.o
         0          0          0          0          0          0   entry7b.o
         0          0          0          0          0          0   entry8b.o
         8          4          0          0          0          0   entry9a.o
        30          0          0          0          0          0   handlers.o
        40          0          0          0          0         72   idiv.o
        36          8          0          0          0         68   init.o
       122          0          0          0          0         84   llmul.o
        32          0          0          0          0         68   llshl.o
        34          0          0          0          0         68   llushr.o
        36          0          0          0          0         60   memcpya.o
      1172         52          0          0          0        324   printf8.o
         0          0          0          4          0          0   stdout.o
        44          0          0          0          0         72   uidiv.o
        96          0          0          0          0         84   uldiv.o

    ----------------------------------------------------------------------
     86560       5042       1016        716        912      63256   Library Totals
       106          0          1          3          5          0   (incl. Padding)

    ----------------------------------------------------------------------

      Code (inc. data)   RO Data    RW Data    ZI Data      Debug   Library Name

     84706       4974       1015        709        907      62356   CH57xBLE.LIB
      1748         68          0          4          0        900   mc_p.l

    ----------------------------------------------------------------------
     86560       5042       1016        716        912      63256   Library Totals

    ----------------------------------------------------------------------

==============================================================================


      Code (inc. data)   RO Data    RW Data    ZI Data      Debug   

     95744       6496       1380       1592       9200     223213   Grand Totals
     95744       6496       1380        532       9200     223213   ELF Image Totals (compressed)
     95744       6496       1380        532          0          0   ROM Totals

==============================================================================

    Total RO  Size (Code + RO Data)                97124 (  94.85kB)
    Total RW  Size (RW Data + ZI Data)             10792 (  10.54kB)
    Total ROM Size (Code + RO Data + RW Data)      97656 (  95.37kB)

==============================================================================

