Component: ARM Compiler 5.06 update 6 (build 750) Tool: armlink [4d35ed]

==============================================================================

Section Cross References

    centperi_main.o(.text) refers to ch57x_gpio.o(.text) for GPIOA_ModeCfg
    centperi_main.o(.text) refers to ch57x_uart1.o(.text) for UART1_DefInit
    centperi_main.o(.text) refers to printf8.o(i.__0printf$8) for __2printf
    centperi_main.o(.text) refers to mcu.o(.text) for CH57X_BLEInit
    centperi_main.o(.text) refers to role.o(i.GAPRole_PeripheralInit) for GAPRole_PeripheralInit
    centperi_main.o(.text) refers to role.o(i.GAPRole_CentralInit) for GAPRole_CentralInit
    centperi_main.o(.text) refers to peripheral.o(.text) for SimpleBLEPeripheral_Init
    centperi_main.o(.text) refers to central.o(.text) for Central_Init
    centperi_main.o(.text) refers to tmos.o(i.TMOS_SystemProcess) for TMOS_SystemProcess
    centperi_main.o(.text) refers to ip.o(.constdata) for VER_LIB
    central.o(.text) refers to gatt.o(i.GATT_DiscPrimaryServiceByUUID) for GATT_DiscPrimaryServiceByUUID
    central.o(.text) refers to printf8.o(i.__0printf$8) for __2printf
    central.o(.text) refers to gatt.o(i.GATT_ReadUsingCharUUID) for GATT_ReadUsingCharUUID
    central.o(.text) refers to tmos.o(i.tmos_start_task) for tmos_start_task
    central.o(.text) refers to gatt.o(i.GATT_bm_free) for GATT_bm_free
    central.o(.text) refers to message.o(i.tmos_msg_receive) for tmos_msg_receive
    central.o(.text) refers to message.o(i.tmos_msg_deallocate) for tmos_msg_deallocate
    central.o(.text) refers to central.o(i.GAPRole_CentralStartDevice) for GAPRole_CentralStartDevice
    central.o(.text) refers to role.o(i.GAPRole_TerminateLink) for GAPRole_TerminateLink
    central.o(.text) refers to central.o(i.GAPRole_UpdateLink) for GAPRole_UpdateLink
    central.o(.text) refers to gatt.o(i.GATT_bm_alloc) for GATT_bm_alloc
    central.o(.text) refers to gatt.o(i.GATT_WriteCharValue) for GATT_WriteCharValue
    central.o(.text) refers to gatt.o(i.GATT_ReadCharValue) for GATT_ReadCharValue
    central.o(.text) refers to role.o(i.GAPRole_ReadRssiCmd) for GAPRole_ReadRssiCmd
    central.o(.text) refers to tmos.o(i.TMOS_ProcessEventRegister) for TMOS_ProcessEventRegister
    central.o(.text) refers to gap.o(i.GAP_SetParamValue) for GAP_SetParamValue
    central.o(.text) refers to gapgattserver.o(i.GGS_SetParameter) for GGS_SetParameter
    central.o(.text) refers to gapbondmgr.o(i.GAPBondMgr_SetParameter) for GAPBondMgr_SetParameter
    central.o(.text) refers to central.o(.data) for centralCharHdl
    central.o(.text) refers to central.o(.constdata) for centralDeviceName
    central.o(.text) refers to gattclientapp.o(i.GATT_InitClient) for GATT_InitClient
    central.o(.text) refers to gattclientapp.o(i.GATT_RegisterForInd) for GATT_RegisterForInd
    central.o(.text) refers to gapgattserver.o(i.GGS_AddService) for GGS_AddService
    central.o(.text) refers to gattservapp.o(i.GATTServApp_AddService) for GATTServApp_AddService
    central.o(.text) refers to tmos.o(i.tmos_set_event) for tmos_set_event
    central.o(.text) refers to gatt.o(i.GATT_ExchangeMTU) for GATT_ExchangeMTU
    central.o(.text) refers to tmos.o(i.tmos_memcmp) for tmos_memcmp
    central.o(.text) refers to tmos.o(i.tmos_memcpy) for tmos_memcpy
    central.o(.text) refers to central.o(i.GAPRole_CentralStartDiscovery) for GAPRole_CentralStartDiscovery
    central.o(.text) refers to central.o(i.GAPRole_CentralEstablishLink) for GAPRole_CentralEstablishLink
    central.o(.text) refers to tmos.o(i.tmos_stop_task) for tmos_stop_task
    central.o(.text) refers to tmos.o(i.tmos_rand) for tmos_rand
    central.o(.text) refers to uidiv.o(.text) for __aeabi_uidivmod
    central.o(.text) refers to gapbondmgr.o(i.GAPBondMgr_PasscodeRsp) for GAPBondMgr_PasscodeRsp
    central.o(.text) refers to central.o(.bss) for centralDevList
    central.o(.data) refers to central.o(.text) for centralRssiCB
    peripheral.o(.text) refers to gatt.o(i.GATT_bm_alloc) for GATT_bm_alloc
    peripheral.o(.text) refers to tmos.o(i.tmos_memcpy) for tmos_memcpy
    peripheral.o(.text) refers to gattprofile.o(.text) for simpleProfile_Notify
    peripheral.o(.text) refers to gatt.o(i.GATT_bm_free) for GATT_bm_free
    peripheral.o(.text) refers to message.o(i.tmos_msg_receive) for tmos_msg_receive
    peripheral.o(.text) refers to message.o(i.tmos_msg_deallocate) for tmos_msg_deallocate
    peripheral.o(.text) refers to peripheral.o(i.GAPRole_PeripheralStartDevice) for GAPRole_PeripheralStartDevice
    peripheral.o(.text) refers to tmos.o(i.tmos_start_task) for tmos_start_task
    peripheral.o(.text) refers to peripheral.o(i.GAPRole_PeripheralConnParamUpdateReq) for GAPRole_PeripheralConnParamUpdateReq
    peripheral.o(.text) refers to role.o(i.GAPRole_ReadRssiCmd) for GAPRole_ReadRssiCmd
[...]
    0x00006862   0x00006862   0x0000000c   Code   RO         2797    i.HCI_LE_RemoteConnectionParameterRequestCback  CH57xBLE.LIB(ctl_output.o)
    0x0000686e   0x0000686e   0x00000008   Code   RO         1841    i.HCI_LE_SetAdvDataCmd  CH57xBLE.LIB(host_output.o)
    0x00006876   0x00006876   0x00000008   Code   RO         1842    i.HCI_LE_SetAdvEnableCmd  CH57xBLE.LIB(host_output.o)
    0x0000687e   0x0000687e   0x00000016   Code   RO         1843    i.HCI_LE_SetAdvParamCmd  CH57xBLE.LIB(host_output.o)
    0x00006894   0x00006894   0x00000008   Code   RO         1846    i.HCI_LE_SetRandomAddressCmd  CH57xBLE.LIB(host_output.o)
    0x0000689c   0x0000689c   0x00000008   Code   RO         1847    i.HCI_LE_SetScanEnableCmd  CH57xBLE.LIB(host_output.o)
    0x000068a4   0x000068a4   0x0000000c   Code   RO         1848    i.HCI_LE_SetScanParamCmd  CH57xBLE.LIB(host_output.o)
    0x000068b0   0x000068b0   0x00000008   Code   RO         1849    i.HCI_LE_SetScanRspDataCmd  CH57xBLE.LIB(host_output.o)
    0x000068b8   0x000068b8   0x00000010   Code   RO         1850    i.HCI_LE_StartEncyptCmd  CH57xBLE.LIB(host_output.o)
    0x000068c8   0x000068c8   0x00000008   Code   RO         1851    i.HCI_MB_DisconnectCmd  CH57xBLE.LIB(host_output.o)
    0x000068d0   0x000068d0   0x00000008   Code   RO         2798    i.HCI_NumberOfCompletedPacketsCback  CH57xBLE.LIB(ctl_output.o)
    0x000068d8   0x000068d8   0x00000008   Code   RO         1852    i.HCI_ReadBDADDRCmd  CH57xBLE.LIB(host_output.o)
    0x000068e0   0x000068e0   0x0000000c   Code   RO         2799    i.HCI_ReadRemoteVersionInfoCback  CH57xBLE.LIB(ctl_output.o)
    0x000068ec   0x000068ec   0x00000008   Code   RO         1856    i.HCI_ReadRssiCmd   CH57xBLE.LIB(host_output.o)
    0x000068f4   0x000068f4   0x0000000c   Code   RO         2800    i.HCI_RemoteConnectionParameterRequestCback  CH57xBLE.LIB(ctl_output.o)
    0x00006900   0x00006900   0x00000008   Code   RO         2801    i.HCI_RxDataCompleteCback  CH57xBLE.LIB(ctl_output.o)
    0x00006908   0x00006908   0x00000008   Code   RO         1859    i.HCI_SendDataPkt   CH57xBLE.LIB(host_output.o)
    0x00006910   0x00006910   0x0000003c   Code   RO         1863    i.HCI_ValidConnTimeParams  CH57xBLE.LIB(host_output.o)
    0x0000694c   0x0000694c   0x00000040   Code   RO         1773    i.HOST_CommandCompleteEvent  CH57xBLE.LIB(host_input.o)
    0x0000698c   0x0000698c   0x00000030   Code   RO         1774    i.HOST_CommandStatusEvent  CH57xBLE.LIB(host_input.o)
    0x000069bc   0x000069bc   0x00000028   Code   RO         1775    i.HOST_DataBufferOverflowEvent  CH57xBLE.LIB(host_input.o)
    0x000069e4   0x000069e4   0x00000030   Code   RO         1776    i.HOST_DisconnectionCompleteEvent  CH57xBLE.LIB(host_input.o)
    0x00006a14   0x00006a14   0x00000034   Code   RO         1777    i.HOST_EncryptionChangeEvent  CH57xBLE.LIB(host_input.o)
    0x00006a48   0x00006a48   0x0000002c   Code   RO         1778    i.HOST_EncryptionKeyRefreshCompleteEvent  CH57xBLE.LIB(host_input.o)
    0x00006a74   0x00006a74   0x00000060   Code   RO         1780    i.HOST_LE_AdvPktReportEvent  CH57xBLE.LIB(host_input.o)
    0x00006ad4   0x00006ad4   0x00000070   Code   RO         1781    i.HOST_LE_ConnectionCompleteEvent  CH57xBLE.LIB(host_input.o)
    0x00006b44   0x00006b44   0x0000003c   Code   RO         1782    i.HOST_LE_ConnectionUpdateCompleteEvent  CH57xBLE.LIB(host_input.o)
    0x00006b80   0x00006b80   0x0000003c   Code   RO         1783    i.HOST_LE_DataLengthChangeEvent  CH57xBLE.LIB(host_input.o)
    0x00006bbc   0x00006bbc   0x0000006c   Code   RO         1784    i.HOST_LE_DirectAdvertisingReportEvent  CH57xBLE.LIB(host_input.o)
    0x00006c28   0x00006c28   0x000000a4   Code   RO         1785    i.HOST_LE_EnhancedConnectionCompleteEvent  CH57xBLE.LIB(host_input.o)
    0x00006ccc   0x00006ccc   0x0000003c   Code   RO         1787    i.HOST_LE_LongTermKeyRequestEvent  CH57xBLE.LIB(host_input.o)
    0x00006d08   0x00006d08   0x0000003c   Code   RO         1789    i.HOST_LE_ReadRemoteUsedFeaturesCompleteEvent  CH57xBLE.LIB(host_input.o)
    0x00006d44   0x00006d44   0x0000003c   Code   RO         1790    i.HOST_LE_RemoteConnectionParameterRequestEvent  CH57xBLE.LIB(host_input.o)
    0x00006d80   0x00006d80   0x00000030   Code   RO         1791    i.HOST_NumberOfCompletedPacketsEvent  CH57xBLE.LIB(host_input.o)
    0x00006db0   0x00006db0   0x00000038   Code   RO         1792    i.HOST_ReadRemoteVersionInfoEvent  CH57xBLE.LIB(host_input.o)
    0x00006de8   0x00006de8   0x00000048   Code   RO         1793    i.HOST_RecvDataPackets  CH57xBLE.LIB(host_input.o)
    0x00006e30   0x00006e30   0x0000002e   Code   RO         1794    i.HOST_RemoteConnectionParameterRequestEvent  CH57xBLE.LIB(host_input.o)
    0x00006e5e   0x00006e5e   0x00000002   PAD
    0x00006e60   0x00006e60   0x000000ac   Code   RO         2910    i.KeyExpansion      CH57xBLE.LIB(aes_soft.o)
    0x00006f0c   0x00006f0c   0x00000018   Code   RO         2243    i.L2CAP_CmdReject   CH57xBLE.LIB(l2cap_sdu.o)
    0x00006f24   0x00006f24   0x0000001c   Code   RO         2244    i.L2CAP_ConnParamUpdateReq  CH57xBLE.LIB(l2cap_sdu.o)
    0x00006f40   0x00006f40   0x00000018   Code   RO         2245    i.L2CAP_ConnParamUpdateRsp  CH57xBLE.LIB(l2cap_sdu.o)
    0x00006f58   0x00006f58   0x00000028   Code   RO         2247    i.L2CAP_DisconnectReq  CH57xBLE.LIB(l2cap_sdu.o)
    0x00006f80   0x00006f80   0x0000000c   Code   RO         2171    i.L2CAP_GetMTU      CH57xBLE.LIB(l2cap.o)
    0x00006f8c   0x00006f8c   0x00000018   Code   RO         2172    i.L2CAP_HostNumCompletedPkts  CH57xBLE.LIB(l2cap.o)
    0x00006fa4   0x00006fa4   0x000000ac   Code   RO         2173    i.L2CAP_Init        CH57xBLE.LIB(l2cap.o)
    0x00007050   0x00007050   0x0000003e   Code   RO         2174    i.L2CAP_ParseConnectReq  CH57xBLE.LIB(l2cap.o)
    0x0000708e   0x0000708e   0x00000020   Code   RO         2175    i.L2CAP_ParseFlowCtrlCredit  CH57xBLE.LIB(l2cap.o)
    0x000070ae   0x000070ae   0x00000034   Code   RO         2835    i.L2CAP_ParseParamUpdateReq  CH57xBLE.LIB(l2cap_input.o)
    0x000070e2   0x000070e2   0x00000002   PAD
    0x000070e4   0x000070e4   0x00000090   Code   RO         2177    i.L2CAP_ProcessEvent  CH57xBLE.LIB(l2cap.o)
    0x00007174   0x00007174   0x0000002c   Code   RO         2180    i.L2CAP_RegisterApp  CH57xBLE.LIB(l2cap.o)
    0x000071a0   0x000071a0   0x0000007c   Code   RO         2863    i.L2CAP_SendData    CH57xBLE.LIB(l2cap_output.o)
    0x0000721c   0x0000721c   0x00000010   Code   RO         2182    i.L2CAP_SetBufSize  CH57xBLE.LIB(l2cap.o)
    0x0000722c   0x0000722c   0x0000001a   Code   RO         2185    i.L2CAP_bm_alloc    CH57xBLE.LIB(l2cap.o)
    0x00007246   0x00007246   0x00000002   PAD
    0x00007248   0x00007248   0x00000044   Code   RO          614    i.LLE_DevInit       CH57xBLE.LIB(lle.o)
    0x0000728c   0x0000728c   0x0000009c   Code   RO          615    i.LLE_DevTmrSet     CH57xBLE.LIB(lle.o)
    0x00007328   0x00007328   0x00000078   Code   RO         2657    i.LL_AddWhiteListDevice  CH57xBLE.LIB(ctl_input.o)
    0x000073a0   0x000073a0   0x00000084   Code   RO         2937    i.LL_AddrGenerateResolvableAddress  CH57xBLE.LIB(ll_address.o)
    0x00007424   0x00007424   0x00000098   Code   RO         2938    i.LL_AddrGenerateValidAccessAddress  CH57xBLE.LIB(ll_address.o)
    0x000074bc   0x000074bc   0x00000030   Code   RO         2939    i.LL_AddrInit       CH57xBLE.LIB(ll_address.o)
    0x000074ec   0x000074ec   0x00000012   Code   RO         1407    i.LL_AdvertiseDirectTimeout  CH57xBLE.LIB(ll_advertise.o)
    0x000074fe   0x000074fe   0x00000002   PAD
    0x00007500   0x00007500   0x0000002c   Code   RO         1408    i.LL_AdvertiseEnalbe  CH57xBLE.LIB(ll_advertise.o)
    0x0000752c   0x0000752c   0x00000030   Code   RO         1410    i.LL_AdvertiseToStandby  CH57xBLE.LIB(ll_advertise.o)
    0x0000755c   0x0000755c   0x00000046   Code   RO         2532    i.LL_ChannelMapReq  CH57xBLE.LIB(ll_pdu.o)
    0x000075a2   0x000075a2   0x00000002   PAD
    0x000075a4   0x000075a4   0x0000004c   Code   RO         2659    i.LL_ClearWhiteList  CH57xBLE.LIB(ctl_input.o)
    0x000075f0   0x000075f0   0x000000fe   Code   RO         2660    i.LL_ConnUpdate     CH57xBLE.LIB(ctl_input.o)
    0x000076ee   0x000076ee   0x00000022   Code   RO         1474    i.LL_ConnectFlowcontrolRx  CH57xBLE.LIB(ll_connect.o)
    0x00007710   0x00007710   0x00000022   Code   RO         1475    i.LL_ConnectFlowcontrolTx  CH57xBLE.LIB(ll_connect.o)
    0x00007732   0x00007732   0x00000002   PAD
    0x00007734   0x00007734   0x0000004c   Code   RO         1476    i.LL_ConnectFreeTmosPrioritID  CH57xBLE.LIB(ll_connect.o)
    0x00007780   0x00007780   0x0000002e   Code   RO         1477    i.LL_ConnectRxPktnumIncrease  CH57xBLE.LIB(ll_connect.o)
    0x000077ae   0x000077ae   0x00000002   PAD
    0x000077b0   0x000077b0   0x00000080   Code   RO         1478    i.LL_ConnectShut    CH57xBLE.LIB(ll_connect.o)
    0x00007830   0x00007830   0x0000007c   Code   RO         1479    i.LL_ConnectToStandby  CH57xBLE.LIB(ll_connect.o)
    0x000078ac   0x000078ac   0x0000003c   Code   RO         1480    i.LL_ConnectTxPktnumIncrease  CH57xBLE.LIB(ll_connect.o)
    0x000078e8   0x000078e8   0x0000006c   Code   RO         2533    i.LL_ConnectionParamReq  CH57xBLE.LIB(ll_pdu.o)
    0x00007954   0x00007954   0x00000060   Code   RO         2534    i.LL_ConnectionParamRsp  CH57xBLE.LIB(ll_pdu.o)
    0x000079b4   0x000079b4   0x00000086   Code   RO         2535    i.LL_ConnectionUpdateReq  CH57xBLE.LIB(ll_pdu.o)
    0x00007a3a   0x00007a3a   0x00000002   PAD
    0x00007a3c   0x00007a3c   0x00000054   Code   RO         2484    i.LL_CoreClose      CH57xBLE.LIB(ll_core.o)
    0x00007a90   0x00007a90   0x00000020   Code   RO         2485    i.LL_CoreGetCore    CH57xBLE.LIB(ll_core.o)
    0x00007ab0   0x00007ab0   0x00000014   Code   RO         2486    i.LL_CoreInit       CH57xBLE.LIB(ll_core.o)
    0x00007ac4   0x00007ac4   0x0000009c   Code   RO         2487    i.LL_CoreOpen       CH57xBLE.LIB(ll_core.o)
    0x00007b60   0x00007b60   0x0000013c   Code   RO         2661    i.LL_CreateConn     CH57xBLE.LIB(ctl_input.o)
    0x00007c9c   0x00007c9c   0x00000020   Code   RO         2662    i.LL_CreateConnCancel  CH57xBLE.LIB(ctl_input.o)
    0x00007cbc   0x00007cbc   0x00000030   Code   RO         2664    i.LL_Disconnect     CH57xBLE.LIB(ctl_input.o)
    0x00007cec   0x00007cec   0x0000006e   Code   RO         2536    i.LL_EncReq         CH57xBLE.LIB(ll_pdu.o)
    0x00007d5a   0x00007d5a   0x00000040   Code   RO         2537    i.LL_EncRsp         CH57xBLE.LIB(ll_pdu.o)
    0x00007d9a   0x00007d9a   0x00000010   Code   RO         2911    i.LL_Encrypt        CH57xBLE.LIB(aes_soft.o)
    0x00007daa   0x00007daa   0x00000038   Code   RO         2538    i.LL_FeatureReq     CH57xBLE.LIB(ll_pdu.o)
    0x00007de2   0x00007de2   0x00000034   Code   RO         2539    i.LL_FeatureRsp     CH57xBLE.LIB(ll_pdu.o)
    0x00007e16   0x00007e16   0x00000002   PAD
    0x00007e18   0x00007e18   0x00000064   Code   RO         1481    i.LL_GetNextConnectEventTime  CH57xBLE.LIB(ll_connect.o)
    0x00007e7c   0x00007e7c   0x0000003a   Code   RO         2600    i.LL_HopAtleastTwoChannels  CH57xBLE.LIB(ll_hop.o)
    0x00007eb6   0x00007eb6   0x000000b8   Code   RO         2601    i.LL_HopGetChannel  CH57xBLE.LIB(ll_hop.o)
    0x00007f6e   0x00007f6e   0x00000006   Code   RO         2602    i.LL_HopInit        CH57xBLE.LIB(ll_hop.o)
    0x00007f74   0x00007f74   0x000000e0   Code   RO         2471    i.LL_Init           CH57xBLE.LIB(ll.o)
    0x00008054   0x00008054   0x00000010   Code   RO         2496    i.LL_InitiateEnable  CH57xBLE.LIB(ll_initiate.o)
    0x00008064   0x00008064   0x00000020   Code   RO         2498    i.LL_InitiateToStandby  CH57xBLE.LIB(ll_initiate.o)
    0x00008084   0x00008084   0x0000001c   Code   RO         2665    i.LL_LE_ReadBufSize  CH57xBLE.LIB(ctl_input.o)
    0x000080a0   0x000080a0   0x0000007c   Code   RO         2540    i.LL_LengthReq      CH57xBLE.LIB(ll_pdu.o)
    0x0000811c   0x0000811c   0x00000064   Code   RO         2541    i.LL_LengthRsp      CH57xBLE.LIB(ll_pdu.o)
    0x00008180   0x00008180   0x00000028   Code   RO         2667    i.LL_LtkReqNegReply  CH57xBLE.LIB(ctl_input.o)
    0x000081a8   0x000081a8   0x00000080   Code   RO         2668    i.LL_LtkReqReply    CH57xBLE.LIB(ctl_input.o)
    0x00008228   0x00008228   0x00000036   Code   RO         1599    i.LL_MasterCreateCore  CH57xBLE.LIB(ll_master.o)
    0x0000825e   0x0000825e   0x0000000c   Code   RO         1600    i.LL_MasterEnalbe   CH57xBLE.LIB(ll_master.o)
    0x0000826a   0x0000826a   0x00000002   PAD
    0x0000826c   0x0000826c   0x000000a4   Code   RO         1601    i.LL_MasterSetFirstTimer  CH57xBLE.LIB(ll_master.o)
    0x00008310   0x00008310   0x0000002c   Code   RO         2542    i.LL_PauseEncReq    CH57xBLE.LIB(ll_pdu.o)
    0x0000833c   0x0000833c   0x0000001c   Code   RO         2543    i.LL_PauseEncRsp    CH57xBLE.LIB(ll_pdu.o)
    0x00008358   0x00008358   0x00000028   Code   RO         2544    i.LL_PingReq        CH57xBLE.LIB(ll_pdu.o)
    0x00008380   0x00008380   0x00000018   Code   RO         2545    i.LL_PingRsp        CH57xBLE.LIB(ll_pdu.o)
    0x00008398   0x00008398   0x00000104   Code   RO         2472    i.LL_ProcessEvent   CH57xBLE.LIB(ll.o)
    0x0000849c   0x0000849c   0x00000536   Code   RO         2592    i.LL_ProcessTMOSReportMsg  CH57xBLE.LIB(ll_report.o)
    0x000089d2   0x000089d2   0x0000001c   Code   RO         2669    i.LL_Rand           CH57xBLE.LIB(ctl_input.o)
    0x000089ee   0x000089ee   0x00000002   PAD
    0x000089f0   0x000089f0   0x00000020   Code   RO         2672    i.LL_ReadBDAddr     CH57xBLE.LIB(ctl_input.o)
    0x00008a10   0x00008a10   0x00000018   Code   RO         2682    i.LL_ReadRssi       CH57xBLE.LIB(ctl_input.o)
    0x00008a28   0x00008a28   0x00000034   Code   RO         2687    i.LL_ReceiverTest   CH57xBLE.LIB(ctl_input.o)
    0x00008a5c   0x00008a5c   0x00000024   Code   RO         2546    i.LL_RejectInd      CH57xBLE.LIB(ll_pdu.o)
    0x00008a80   0x00008a80   0x00000020   Code   RO         2547    i.LL_RejectIndExt   CH57xBLE.LIB(ll_pdu.o)
    0x00008aa0   0x00008aa0   0x00000030   Code   RO         2688    i.LL_RemoteConnParamReqNegReply  CH57xBLE.LIB(ctl_input.o)
    0x00008ad0   0x00008ad0   0x00000108   Code   RO         2689    i.LL_RemoteConnParamReqReply  CH57xBLE.LIB(ctl_input.o)
    0x00008bd8   0x00008bd8   0x0000002c   Code   RO         2593    i.LL_ReportGenerateEvent  CH57xBLE.LIB(ll_report.o)
    0x00008c04   0x00008c04   0x00000040   Code   RO         2625    i.LL_ResolvinglistCheckLocalResolution  CH57xBLE.LIB(ll_resolvinglist.o)
    0x00008c44   0x00008c44   0x00000040   Code   RO         2626    i.LL_ResolvinglistCheckPeerResolution  CH57xBLE.LIB(ll_resolvinglist.o)
    0x00008c84   0x00008c84   0x00000018   Code   RO         2628    i.LL_ResolvinglistInit  CH57xBLE.LIB(ll_resolvinglist.o)
    0x00008c9c   0x00008c9c   0x0000002c   Code   RO         2629    i.LL_ResolvinglistLocalRpaAddressGetIrk  CH57xBLE.LIB(ll_resolvinglist.o)
    0x00008cc8   0x00008cc8   0x00000038   Code   RO         2630    i.LL_ResolvinglistPeerIdentifyAddressGetIrk  CH57xBLE.LIB(ll_resolvinglist.o)
    0x00008d00   0x00008d00   0x0000002c   Code   RO         2631    i.LL_ResolvinglistPeerRpaAddressGetIrk  CH57xBLE.LIB(ll_resolvinglist.o)
    0x00008d2c   0x00008d2c   0x000000d4   Code   RO         2548    i.LL_RxConnParamReq  CH57xBLE.LIB(ll_pdu.o)
    0x00008e00   0x00008e00   0x000000b0   Code   RO         2549    i.LL_RxConnParamRsp  CH57xBLE.LIB(ll_pdu.o)
    0x00008eb0   0x00008eb0   0x00000040   Code   RO         2550    i.LL_RxLenUpdate    CH57xBLE.LIB(ll_pdu.o)
    0x00008ef0   0x00008ef0   0x00000020   Code   RO         2551    i.LL_RxVersionExchange  CH57xBLE.LIB(ll_pdu.o)
    0x00008f10   0x00008f10   0x0000002c   Code   RO         1441    i.LL_ScanEnable     CH57xBLE.LIB(ll_scan.o)
    0x00008f3c   0x00008f3c   0x00000050   Code   RO         1443    i.LL_ScanToStandby  CH57xBLE.LIB(ll_scan.o)
    0x00008f8c   0x00008f8c   0x00000020   Code   RO         2552    i.LL_SendAck        CH57xBLE.LIB(ll_pdu.o)
    0x00008fac   0x00008fac   0x000000ac   Code   RO         2693    i.LL_SendDataPkt    CH57xBLE.LIB(ctl_input.o)
    0x00009058   0x00009058   0x00000050   Code   RO         2553    i.LL_SendDmaBuf     CH57xBLE.LIB(ll_pdu.o)
    0x000090a8   0x000090a8   0x0000010c   Code   RO         2695    i.LL_SetAdvControl  CH57xBLE.LIB(ctl_input.o)
    0x000091b4   0x000091b4   0x00000040   Code   RO         2696    i.LL_SetAdvData     CH57xBLE.LIB(ctl_input.o)
    0x000091f4   0x000091f4   0x000000ac   Code   RO         2697    i.LL_SetAdvParam    CH57xBLE.LIB(ctl_input.o)
    0x000092a0   0x000092a0   0x0000007c   Code   RO         2701    i.LL_SetRandomAddress  CH57xBLE.LIB(ctl_input.o)
    0x0000931c   0x0000931c   0x00000088   Code   RO         2703    i.LL_SetScanEnable  CH57xBLE.LIB(ctl_input.o)
    0x000093a4   0x000093a4   0x00000048   Code   RO         2704    i.LL_SetScanParam   CH57xBLE.LIB(ctl_input.o)
    0x000093ec   0x000093ec   0x0000003c   Code   RO         2705    i.LL_SetScanRspData  CH57xBLE.LIB(ctl_input.o)
    0x00009428   0x00009428   0x00000020   Code   RO         1557    i.LL_SlaveEnalbe    CH57xBLE.LIB(ll_slave.o)
    0x00009448   0x00009448   0x0000003a   Code   RO         2554    i.LL_SlaveFeatureReq  CH57xBLE.LIB(ll_pdu.o)
    0x00009482   0x00009482   0x0000001c   Code   RO         2555    i.LL_StartEncReq    CH57xBLE.LIB(ll_pdu.o)
    0x0000949e   0x0000949e   0x0000001c   Code   RO         2556    i.LL_StartEncRsp    CH57xBLE.LIB(ll_pdu.o)
    0x000094ba   0x000094ba   0x0000014c   Code   RO         2708    i.LL_StartEncrypt   CH57xBLE.LIB(ctl_input.o)
    0x00009606   0x00009606   0x00000032   Code   RO         2557    i.LL_TerminateInd   CH57xBLE.LIB(ll_pdu.o)
    0x00009638   0x00009638   0x00000110   Code   RO         2710    i.LL_TransmitterTest  CH57xBLE.LIB(ctl_input.o)
    0x00009748   0x00009748   0x0000001c   Code   RO         2558    i.LL_UnknowRsp      CH57xBLE.LIB(ll_pdu.o)
    0x00009764   0x00009764   0x0000003c   Code   RO         2559    i.LL_VersionInd     CH57xBLE.LIB(ll_pdu.o)
    0x000097a0   0x000097a0   0x00000068   Code   RO         2610    i.LL_WhitelistAdd   CH57xBLE.LIB(ll_whitelist.o)
    0x00009808   0x00009808   0x00000024   Code   RO         2611    i.LL_WhitelistClearAll  CH57xBLE.LIB(ll_whitelist.o)
    0x0000982c   0x0000982c   0x00000010   Code   RO         2612    i.LL_WhitelistInit  CH57xBLE.LIB(ll_whitelist.o)
    0x0000983c   0x0000983c   0x00000030   Code   RO         2613    i.LL_WhitelistLookup  CH57xBLE.LIB(ll_whitelist.o)
    0x0000986c   0x0000986c   0x00000084   Code   RO         2912    i.MixColumns        CH57xBLE.LIB(aes_soft.o)
    0x000098f0   0x000098f0   0x000000cc   Code   RO         1392    i.RFEND_DevInit     CH57xBLE.LIB(rfend.o)
    0x000099bc   0x000099bc   0x00000058   Code   RO         1393    i.RFEND_RXAdc       CH57xBLE.LIB(rfend.o)
    0x00009a14   0x00009a14   0x00000070   Code   RO         1394    i.RFEND_RXFilter    CH57xBLE.LIB(rfend.o)
    0x00009a84   0x00009a84   0x00000c3c   Code   RO         1396    i.RFEND_TXCtune     CH57xBLE.LIB(rfend.o)
    0x0000a6c0   0x0000a6c0   0x00000014   Code   RO         1397    i.RFEND_TXFtune     CH57xBLE.LIB(rfend.o)
    0x0000a6d4   0x0000a6d4   0x00000014   Code   RO         1483    i.RTC_A_ADD_B       CH57xBLE.LIB(ll_connect.o)
    0x0000a6e8   0x0000a6e8   0x00000014   Code   RO         1558    i.RTC_A_ADD_B       CH57xBLE.LIB(ll_slave.o)
    0x0000a6fc   0x0000a6fc   0x00000014   Code   RO         1602    i.RTC_A_ADD_B       CH57xBLE.LIB(ll_master.o)
    0x0000a710   0x0000a710   0x00000014   Code   RO         2499    i.RTC_A_ADD_B       CH57xBLE.LIB(ll_initiate.o)
    0x0000a724   0x0000a724   0x00000014   Code   RO         1484    i.RTC_A_SUB_B       CH57xBLE.LIB(ll_connect.o)
    0x0000a738   0x0000a738   0x00000014   Code   RO         1559    i.RTC_A_SUB_B       CH57xBLE.LIB(ll_slave.o)
    0x0000a74c   0x0000a74c   0x00000014   Code   RO         2500    i.RTC_A_SUB_B       CH57xBLE.LIB(ll_initiate.o)
    0x0000a760   0x0000a760   0x00000018   Code   RO          578    i.RTC_GetCnt32K     CH57xBLE.LIB(tmos_hw.o)
    0x0000a778   0x0000a778   0x00000018   Code   RO         1560    i.RTC_GetCnt32K     CH57xBLE.LIB(ll_slave.o)
    0x0000a790   0x0000a790   0x00000018   Code   RO         1603    i.RTC_GetCnt32K     CH57xBLE.LIB(ll_master.o)
    0x0000a7a8   0x0000a7a8   0x00000044   Code   RO          579    i.RTC_GetTickCount  CH57xBLE.LIB(tmos_hw.o)
    0x0000a7ec   0x0000a7ec   0x0000000c   Code   RO          580    i.RTC_IRQCallBack   CH57xBLE.LIB(tmos_hw.o)
    0x0000a7f8   0x0000a7f8   0x00000028   Code   RO          487    i.RTC_OFFSET_A      CH57xBLE.LIB(tmos.o)
    0x0000a820   0x0000a820   0x0000001a   Code   RO          581    i.ReadFlash         CH57xBLE.LIB(tmos_hw.o)
    0x0000a83a   0x0000a83a   0x00000042   Code   RO         2271    i.SM_CalcRandomAddr  CH57xBLE.LIB(sm.o)
    0x0000a87c   0x0000a87c   0x000000a2   Code   RO         2272    i.SM_GenerateAuthenSig  CH57xBLE.LIB(sm.o)
    0x0000a91e   0x0000a91e   0x00000002   PAD
    0x0000a920   0x0000a920   0x00000024   Code   RO         2273    i.SM_Init           CH57xBLE.LIB(sm.o)
    0x0000a944   0x0000a944   0x00000020   Code   RO         2274    i.SM_InitiatorInit  CH57xBLE.LIB(sm.o)
    0x0000a964   0x0000a964   0x00000048   Code   RO         2276    i.SM_ParamInit      CH57xBLE.LIB(sm.o)
    0x0000a9ac   0x0000a9ac   0x0000008a   Code   RO         2277    i.SM_PasskeyUpdate  CH57xBLE.LIB(sm.o)
    0x0000aa36   0x0000aa36   0x00000002   PAD
    0x0000aa38   0x0000aa38   0x0000007c   Code   RO         2278    i.SM_ProcessEvent   CH57xBLE.LIB(sm.o)
    0x0000aab4   0x0000aab4   0x0000004c   Code   RO         2279    i.SM_ResolveRandomAddrs  CH57xBLE.LIB(sm.o)
    0x0000ab00   0x0000ab00   0x00000020   Code   RO         2280    i.SM_ResponderInit  CH57xBLE.LIB(sm.o)
    0x0000ab20   0x0000ab20   0x00000072   Code   RO         2281    i.SM_StartEncryption  CH57xBLE.LIB(sm.o)
    0x0000ab92   0x0000ab92   0x00000098   Code   RO         2282    i.SM_StartPairing   CH57xBLE.LIB(sm.o)
    0x0000ac2a   0x0000ac2a   0x000000f0   Code   RO         2283    i.SM_VerifyAuthenSig  CH57xBLE.LIB(sm.o)
    0x0000ad1a   0x0000ad1a   0x00000002   PAD
    0x0000ad1c   0x0000ad1c   0x0000003c   Code   RO         2913    i.ShiftRows         CH57xBLE.LIB(aes_soft.o)
    0x0000ad58   0x0000ad58   0x00000030   Code   RO         2914    i.SubBytes          CH57xBLE.LIB(aes_soft.o)
    0x0000ad88   0x0000ad88   0x00000024   Code   RO         1486    i.TIM_1250US_TO_RTC_CLK  CH57xBLE.LIB(ll_connect.o)
    0x0000adac   0x0000adac   0x00000024   Code   RO         1561    i.TIM_1250US_TO_RTC_CLK  CH57xBLE.LIB(ll_slave.o)
    0x0000add0   0x0000add0   0x00000024   Code   RO         1604    i.TIM_1250US_TO_RTC_CLK  CH57xBLE.LIB(ll_master.o)
    0x0000adf4   0x0000adf4   0x00000024   Code   RO         2501    i.TIM_1250US_TO_RTC_CLK  CH57xBLE.LIB(ll_initiate.o)
    0x0000ae18   0x0000ae18   0x00000006   Code   RO         1411    i.TIM_1US_TO_RTC_CLK  CH57xBLE.LIB(ll_advertise.o)
    0x0000ae1e   0x0000ae1e   0x00000006   Code   RO         1444    i.TIM_1US_TO_RTC_CLK  CH57xBLE.LIB(ll_scan.o)
    0x0000ae24   0x0000ae24   0x00000006   Code   RO         1487    i.TIM_1US_TO_RTC_CLK  CH57xBLE.LIB(ll_connect.o)
    0x0000ae2a   0x0000ae2a   0x00000006   Code   RO         1562    i.TIM_1US_TO_RTC_CLK  CH57xBLE.LIB(ll_slave.o)
    0x0000ae30   0x0000ae30   0x00000006   Code   RO         1605    i.TIM_1US_TO_RTC_CLK  CH57xBLE.LIB(ll_master.o)
    0x0000ae36   0x0000ae36   0x00000002   PAD
    0x0000ae38   0x0000ae38   0x0000001c   Code   RO          488    i.TIM_625US_TO_RTC_CLK  CH57xBLE.LIB(tmos.o)
    0x0000ae54   0x0000ae54   0x00000020   Code   RO         1563    i.TIM_RTC_CLK_ACCURACY  CH57xBLE.LIB(ll_slave.o)
    0x0000ae74   0x0000ae74   0x0000002c   Code   RO          582    i.TIM_RTC_CLK_TO_625US  CH57xBLE.LIB(tmos_hw.o)
    0x0000aea0   0x0000aea0   0x0000002c   Code   RO         1488    i.TIM_RTC_CLK_TO_625US  CH57xBLE.LIB(ll_connect.o)
    0x0000aecc   0x0000aecc   0x0000006c   Code   RO          489    i.TMOS_CbTimerProcessEvent  CH57xBLE.LIB(tmos.o)
    0x0000af38   0x0000af38   0x00000094   Code   RO          491    i.TMOS_Init         CH57xBLE.LIB(tmos.o)
    0x0000afcc   0x0000afcc   0x0000002c   Code   RO          492    i.TMOS_ProcessEventRegister  CH57xBLE.LIB(tmos.o)
    0x0000aff8   0x0000aff8   0x00000010   Code   RO          494    i.TMOS_ProcessRegister  CH57xBLE.LIB(tmos.o)
    0x0000b008   0x0000b008   0x000000a0   Code   RO          495    i.TMOS_SystemProcess  CH57xBLE.LIB(tmos.o)
    0x0000b0a8   0x0000b0a8   0x00000034   Code   RO          583    i.TMOS_TimerInit    CH57xBLE.LIB(tmos_hw.o)
    0x0000b0dc   0x0000b0dc   0x00000018   Code   RO          496    i.TMOS_TimerRegister  CH57xBLE.LIB(tmos.o)
    0x0000b0f4   0x0000b0f4   0x00000054   Code   RO          584    i.WtireFlash        CH57xBLE.LIB(tmos_hw.o)
    0x0000b148   0x0000b148   0x00000020   Code   RO         3174    i.__0printf$8       mc_p.l(printf8.o)
    0x0000b168   0x0000b168   0x00000030   Code   RO          609    i.__ARM_common_ll_muluu  CH57xBLE.LIB(tmos_hw.o)
    0x0000b198   0x0000b198   0x0000001a   Code   RO          826    i.__ARM_common_switch8  CH57xBLE.LIB(gapgattserver.o)
    0x0000b1b2   0x0000b1b2   0x0000000e   Code   RO         3265    i.__scatterload_copy  mc_p.l(handlers.o)
    0x0000b1c0   0x0000b1c0   0x00000002   Code   RO         3266    i.__scatterload_null  mc_p.l(handlers.o)
    0x0000b1c2   0x0000b1c2   0x0000000e   Code   RO         3267    i.__scatterload_zeroinit  mc_p.l(handlers.o)
    0x0000b1d0   0x0000b1d0   0x00000428   Code   RO         3181    i._printf_core      mc_p.l(printf8.o)
    0x0000b5f8   0x0000b5f8   0x00000020   Code   RO         3182    i._printf_post_padding  mc_p.l(printf8.o)
    0x0000b618   0x0000b618   0x0000002c   Code   RO         3183    i._printf_pre_padding  mc_p.l(printf8.o)
    0x0000b644   0x0000b644   0x00000088   Code   RO         1923    i.attSendMsg        CH57xBLE.LIB(att.o)
    0x0000b6cc   0x0000b6cc   0x00000038   Code   RO         1924    i.attSendRspMsg     CH57xBLE.LIB(att.o)
    0x0000b704   0x0000b704   0x00000010   Code   RO          633    i.ble_get_phy_states  CH57xBLE.LIB(ip.o)
    0x0000b714   0x0000b714   0x00000070   Code   RO          634    i.ble_ll_chkcrc     CH57xBLE.LIB(ip.o)
    0x0000b784   0x0000b784   0x0000001e   Code   RO          585    i.ble_ll_common_rand16  CH57xBLE.LIB(tmos_hw.o)
    0x0000b7a2   0x0000b7a2   0x0000001c   Code   RO          586    i.ble_ll_common_rand32  CH57xBLE.LIB(tmos_hw.o)
    0x0000b7be   0x0000b7be   0x0000001e   Code   RO          587    i.ble_ll_common_rand8  CH57xBLE.LIB(tmos_hw.o)
    0x0000b7dc   0x0000b7dc   0x00000094   Code   RO          635    i.ble_ll_hw_api_rx  CH57xBLE.LIB(ip.o)
    0x0000b870   0x0000b870   0x00000044   Code   RO          636    i.ble_ll_hw_api_rx_test  CH57xBLE.LIB(ip.o)
    0x0000b8b4   0x0000b8b4   0x00000054   Code   RO          637    i.ble_ll_hw_api_shut  CH57xBLE.LIB(ip.o)
    0x0000b908   0x0000b908   0x000001bc   Code   RO          638    i.ble_ll_hw_api_tx  CH57xBLE.LIB(ip.o)
    0x0000bac4   0x0000bac4   0x00000084   Code   RO          639    i.ble_ll_hw_api_tx_set_len  CH57xBLE.LIB(ip.o)
    0x0000bb48   0x0000bb48   0x00000168   Code   RO          640    i.ble_ll_hw_api_tx_test  CH57xBLE.LIB(ip.o)
    0x0000bcb0   0x0000bcb0   0x00000044   Code   RO          588    i.ble_ll_set_connect_event  CH57xBLE.LIB(tmos_hw.o)
    0x0000bcf4   0x0000bcf4   0x0000005c   Code   RO          589    i.ble_ll_set_timeout  CH57xBLE.LIB(tmos_hw.o)
    0x0000bd50   0x0000bd50   0x00000040   Code   RO          590    i.ble_ll_timeout_process  CH57xBLE.LIB(tmos_hw.o)
    0x0000bd90   0x0000bd90   0x0000001a   Code   RO          695    i.disconnectNext    CH57xBLE.LIB(gap.o)
    0x0000bdaa   0x0000bdaa   0x00000038   Code   RO          696    i.gapAddAddrAdj     CH57xBLE.LIB(gap.o)
    0x0000bde2   0x0000bde2   0x00000002   PAD
    0x0000bde4   0x0000bde4   0x0000001c   Code   RO         1214    i.gapBondFreeAuthEvt  CH57xBLE.LIB(gapbondmgr.o)
    0x0000be00   0x0000be00   0x00000134   Code   RO         1215    i.gapBondMgrAddBond  CH57xBLE.LIB(gapbondmgr.o)
    0x0000bf34   0x0000bf34   0x0000018c   Code   RO         1216    i.gapBondMgrAuthenticate  CH57xBLE.LIB(gapbondmgr.o)
    0x0000c0c0   0x0000c0c0   0x0000004e   Code   RO         1217    i.gapBondMgrBondReq  CH57xBLE.LIB(gapbondmgr.o)
    0x0000c10e   0x0000c10e   0x00000002   PAD
    0x0000c110   0x0000c110   0x00000034   Code   RO         1218    i.gapBondMgrBondTotal  CH57xBLE.LIB(gapbondmgr.o)
    0x0000c144   0x0000c144   0x00000064   Code   RO         1219    i.gapBondMgrChangeState  CH57xBLE.LIB(gapbondmgr.o)
    0x0000c1a8   0x0000c1a8   0x00000024   Code   RO         1220    i.gapBondMgrEraseAllBondings  CH57xBLE.LIB(gapbondmgr.o)
    0x0000c1cc   0x0000c1cc   0x000000e8   Code   RO         1221    i.gapBondMgrEraseBonding  CH57xBLE.LIB(gapbondmgr.o)
    0x0000c2b4   0x0000c2b4   0x00000034   Code   RO         1222    i.gapBondMgrFindAddr  CH57xBLE.LIB(gapbondmgr.o)
    0x0000c2e8   0x0000c2e8   0x0000001c   Code   RO         1223    i.gapBondMgrFindCharCfgItem  CH57xBLE.LIB(gapbondmgr.o)
    0x0000c304   0x0000c304   0x00000040   Code   RO         1224    i.gapBondMgrGetPublicAddr  CH57xBLE.LIB(gapbondmgr.o)
    0x0000c344   0x0000c344   0x00000024   Code   RO         1225    i.gapBondMgrGetStateFlags  CH57xBLE.LIB(gapbondmgr.o)
    0x0000c368   0x0000c368   0x0000001c   Code   RO         1226    i.gapBondMgrInvertCharCfgItem  CH57xBLE.LIB(gapbondmgr.o)
    0x0000c384   0x0000c384   0x00000064   Code   RO         1227    i.gapBondMgrReadBonds  CH57xBLE.LIB(gapbondmgr.o)
    0x0000c3e8   0x0000c3e8   0x00000014   Code   RO         1228    i.gapBondMgrSendServiceChange  CH57xBLE.LIB(gapbondmgr.o)
    0x0000c3fc   0x0000c3fc   0x000000b4   Code   RO         1229    i.gapBondMgrUpdateCharCfg  CH57xBLE.LIB(gapbondmgr.o)
    0x0000c4b0   0x0000c4b0   0x00000064   Code   RO         1230    i.gapBondMgr_ProcessTMOSMsg  CH57xBLE.LIB(gapbondmgr.o)
    0x0000c514   0x0000c514   0x00000080   Code   RO         1231    i.gapBondMgr_SyncCharCfg  CH57xBLE.LIB(gapbondmgr.o)
    0x0000c594   0x0000c594   0x00000038   Code   RO         1232    i.gapBondMgr_SyncWhiteList  CH57xBLE.LIB(gapbondmgr.o)
    0x0000c5cc   0x0000c5cc   0x00000038   Code   RO         1233    i.gapBondPairStateCB  CH57xBLE.LIB(gapbondmgr.o)
    0x0000c604   0x0000c604   0x00000064   Code   RO         1234    i.gapBondPasscodeCB  CH57xBLE.LIB(gapbondmgr.o)
    0x0000c668   0x0000c668   0x00000020   Code   RO         1235    i.gapBondSetupPrivFlag  CH57xBLE.LIB(gapbondmgr.o)
    0x0000c688   0x0000c688   0x00000038   Code   RO         2096    i.gapCancelLinkReq  CH57xBLE.LIB(gap_central.o)
    0x0000c6c0   0x0000c6c0   0x000000e8   Code   RO         2097    i.gapCentProcessConnEvt  CH57xBLE.LIB(gap_central.o)
    0x0000c7a8   0x0000c7a8   0x00000030   Code   RO         2098    i.gapCentProcessHCICmdEvt  CH57xBLE.LIB(gap_central.o)
    0x0000c7d8   0x0000c7d8   0x00000094   Code   RO         1288    i.gapCentralRole_ProcessGAPMsg  CH57xBLE.LIB(central.o)
    0x0000c86c   0x0000c86c   0x00000084   Code   RO         1289    i.gapCentralRole_ProcessTMOSMsg  CH57xBLE.LIB(central.o)
    0x0000c8f0   0x0000c8f0   0x00000026   Code   RO          697    i.gapDetermineAddrType  CH57xBLE.LIB(gap.o)
    0x0000c916   0x0000c916   0x00000046   Code   RO          698    i.gapFindADType     CH57xBLE.LIB(gap.o)
    0x0000c95c   0x0000c95c   0x00000018   Code   RO         2138    i.gapFreeAdvertState  CH57xBLE.LIB(gap_peripheral.o)
    0x0000c974   0x0000c974   0x00000034   Code   RO          699    i.gapFreeAuthLink   CH57xBLE.LIB(gap.o)
    0x0000c9a8   0x0000c9a8   0x00000018   Code   RO          700    i.gapFreeEstLink    CH57xBLE.LIB(gap.o)
    0x0000c9c0   0x0000c9c0   0x00000080   Code   RO         2099    i.gapFreeScanRecs   CH57xBLE.LIB(gap_central.o)
    0x0000ca40   0x0000ca40   0x00000020   Code   RO          701    i.gapGetDevAddress  CH57xBLE.LIB(gap.o)
    0x0000ca60   0x0000ca60   0x0000000c   Code   RO          702    i.gapGetDevAddressMode  CH57xBLE.LIB(gap.o)
    0x0000ca6c   0x0000ca6c   0x0000000c   Code   RO          703    i.gapGetIRK         CH57xBLE.LIB(gap.o)
    0x0000ca78   0x0000ca78   0x0000000c   Code   RO          704    i.gapGetSRK         CH57xBLE.LIB(gap.o)
    0x0000ca84   0x0000ca84   0x0000000c   Code   RO          705    i.gapGetSignCounter  CH57xBLE.LIB(gap.o)
    0x0000ca90   0x0000ca90   0x00000020   Code   RO          706    i.gapIncSignCounter  CH57xBLE.LIB(gap.o)
    0x0000cab0   0x0000cab0   0x0000002c   Code   RO          707    i.gapL2capConnParamUpdateReq  CH57xBLE.LIB(gap.o)
    0x0000cadc   0x0000cadc   0x0000010e   Code   RO          708    i.gapPairingCompleteCB  CH57xBLE.LIB(gap.o)
    0x0000cbea   0x0000cbea   0x00000066   Code   RO          709    i.gapPasskeyNeededCB  CH57xBLE.LIB(gap.o)
    0x0000cc50   0x0000cc50   0x00000090   Code   RO         2139    i.gapPeriProcessConnEvt  CH57xBLE.LIB(gap_peripheral.o)
    0x0000cce0   0x0000cce0   0x00000090   Code   RO         2140    i.gapPeriProcessHCICmdCompleteEvt  CH57xBLE.LIB(gap_peripheral.o)
    0x0000cd70   0x0000cd70   0x000001b8   Code   RO         2100    i.gapProcessAdvertDevInfo  CH57xBLE.LIB(gap_central.o)
    0x0000cf28   0x0000cf28   0x000000b8   Code   RO         2101    i.gapProcessAdvertisementReport  CH57xBLE.LIB(gap_central.o)
    0x0000cfe0   0x0000cfe0   0x00000088   Code   RO         2141    i.gapProcessAdvertisingEvt  CH57xBLE.LIB(gap_peripheral.o)
    0x0000d068   0x0000d068   0x00000040   Code   RO          710    i.gapProcessConnEvt  CH57xBLE.LIB(gap.o)
    0x0000d0a8   0x0000d0a8   0x000000cc   Code   RO          711    i.gapProcessConnectionCompleteEvt  CH57xBLE.LIB(gap.o)
    0x0000d174   0x0000d174   0x0000007c   Code   RO          712    i.gapProcessDisconnectCompleteEvt  CH57xBLE.LIB(gap.o)
    0x0000d1f0   0x0000d1f0   0x00000030   Code   RO          713    i.gapProcessNewAddr  CH57xBLE.LIB(gap.o)
    0x0000d220   0x0000d220   0x0000006c   Code   RO          714    i.gapProcessRandomAddrComplete  CH57xBLE.LIB(gap.o)
    0x0000d28c   0x0000d28c   0x00000060   Code   RO          715    i.gapProcessRemoteConnParamReqEvt  CH57xBLE.LIB(gap.o)
    0x0000d2ec   0x0000d2ec   0x00000028   Code   RO         2102    i.gapProcessScanningEvt  CH57xBLE.LIB(gap_central.o)
    0x0000d314   0x0000d314   0x00000190   Code   RO          716    i.gapProcessTMOSMsg  CH57xBLE.LIB(gap.o)
    0x0000d4a4   0x0000d4a4   0x0000004c   Code   RO          717    i.gapReadBufSizeCmdStatus  CH57xBLE.LIB(gap.o)
    0x0000d4f0   0x0000d4f0   0x0000000c   Code   RO          718    i.gapRegisterCentral  CH57xBLE.LIB(gap.o)
    0x0000d4fc   0x0000d4fc   0x0000000c   Code   RO          719    i.gapRegisterCentralConn  CH57xBLE.LIB(gap.o)
    0x0000d508   0x0000d508   0x0000000c   Code   RO          720    i.gapRegisterPeripheral  CH57xBLE.LIB(gap.o)
    0x0000d514   0x0000d514   0x0000000c   Code   RO          721    i.gapRegisterPeripheralConn  CH57xBLE.LIB(gap.o)
    0x0000d520   0x0000d520   0x00000198   Code   RO         1182    i.gapRole_PeripheralProcessGAPMsg  CH57xBLE.LIB(peripheral.o)
    0x0000d6b8   0x0000d6b8   0x00000050   Code   RO         1183    i.gapRole_PeripheralProcessTMOSMsg  CH57xBLE.LIB(peripheral.o)
    0x0000d708   0x0000d708   0x00000046   Code   RO          722    i.gapSendBondCompleteEvent  CH57xBLE.LIB(gap.o)
    0x0000d74e   0x0000d74e   0x00000002   PAD
    0x0000d750   0x0000d750   0x000000c8   Code   RO         2103    i.gapSendDevDiscEvent  CH57xBLE.LIB(gap_central.o)
    0x0000d818   0x0000d818   0x00000044   Code   RO          723    i.gapSendDeviceInitDoneEvent  CH57xBLE.LIB(gap.o)
    0x0000d85c   0x0000d85c   0x0000005e   Code   RO          724    i.gapSendEstLinkEvent  CH57xBLE.LIB(gap.o)
    0x0000d8ba   0x0000d8ba   0x00000002   PAD
    0x0000d8bc   0x0000d8bc   0x0000004c   Code   RO          725    i.gapSendLinkUpdateEvent  CH57xBLE.LIB(gap.o)
    0x0000d908   0x0000d908   0x00000038   Code   RO         2142    i.gapSendMakeDiscEvent  CH57xBLE.LIB(gap_peripheral.o)
    0x0000d940   0x0000d940   0x0000005c   Code   RO          726    i.gapSendPairingReqEvent  CH57xBLE.LIB(gap.o)
    0x0000d99c   0x0000d99c   0x0000001c   Code   RO         2104    i.gapSendScanEnable  CH57xBLE.LIB(gap_central.o)
    0x0000d9b8   0x0000d9b8   0x0000003a   Code   RO          727    i.gapSendSlaveSecurityReqEvent  CH57xBLE.LIB(gap.o)
    0x0000d9f2   0x0000d9f2   0x00000002   PAD
    0x0000d9f4   0x0000d9f4   0x00000060   Code   RO         2143    i.gapSetAdvParams   CH57xBLE.LIB(gap_peripheral.o)
    0x0000da54   0x0000da54   0x00000048   Code   RO         2105    i.gapSetScanParamStatus  CH57xBLE.LIB(gap_central.o)
    0x0000da9c   0x0000da9c   0x0000004e   Code   RO          728    i.gapUpdateConnSignCounter  CH57xBLE.LIB(gap.o)
    0x0000daea   0x0000daea   0x00000014   Code   RO          729    i.gapValidADType    CH57xBLE.LIB(gap.o)
    0x0000dafe   0x0000dafe   0x00000002   PAD
    0x0000db00   0x0000db00   0x000000d4   Code   RO         2144    i.gapWriteAdvEnableStatus  CH57xBLE.LIB(gap_peripheral.o)
    0x0000dbd4   0x0000dbd4   0x00000080   Code   RO          935    i.gattClientHandleConnStatusCB  CH57xBLE.LIB(gattclientapp.o)
    0x0000dc54   0x0000dc54   0x0000003a   Code   RO          936    i.gattClientHandleTimerCB  CH57xBLE.LIB(gattclientapp.o)
    0x0000dc8e   0x0000dc8e   0x0000001c   Code   RO          937    i.gattClientNotifyTxCB  CH57xBLE.LIB(gattclientapp.o)
    0x0000dcaa   0x0000dcaa   0x00000002   PAD
    0x0000dcac   0x0000dcac   0x0000015c   Code   RO          938    i.gattClientProcessMsgCB  CH57xBLE.LIB(gattclientapp.o)
    0x0000de08   0x0000de08   0x00000060   Code   RO          862    i.gattFindByTypeValue  CH57xBLE.LIB(gatt.o)
    0x0000de68   0x0000de68   0x00000034   Code   RO          939    i.gattFindClientInfo  CH57xBLE.LIB(gattclientapp.o)
    0x0000de9c   0x0000de9c   0x00000024   Code   RO         1005    i.gattFindServerInfo  CH57xBLE.LIB(gattservapp.o)
    0x0000dec0   0x0000dec0   0x00000020   Code   RO         1006    i.gattFindService   CH57xBLE.LIB(gattservapp.o)
    0x0000dee0   0x0000dee0   0x0000002c   Code   RO          940    i.gattGetClientStatus  CH57xBLE.LIB(gattclientapp.o)
    0x0000df0c   0x0000df0c   0x00000068   Code   RO          863    i.gattGetPayload    CH57xBLE.LIB(gatt.o)
    0x0000df74   0x0000df74   0x0000002c   Code   RO         1007    i.gattGetServerStatus  CH57xBLE.LIB(gattservapp.o)
    0x0000dfa0   0x0000dfa0   0x0000005a   Code   RO          864    i.gattNotifyEvent   CH57xBLE.LIB(gatt.o)
    0x0000dffa   0x0000dffa   0x00000050   Code   RO          865    i.gattPrepareWriteReq  CH57xBLE.LIB(gatt.o)
    0x0000e04a   0x0000e04a   0x00000004   Code   RO         1008    i.gattProcessExchangeMTUReq  CH57xBLE.LIB(gattservapp.o)
    0x0000e04e   0x0000e04e   0x00000004   Code   RO         1009    i.gattProcessExecuteWriteReq  CH57xBLE.LIB(gattservapp.o)
    0x0000e052   0x0000e052   0x00000002   PAD
    0x0000e054   0x0000e054   0x0000005c   Code   RO          941    i.gattProcessFindByTypeValue  CH57xBLE.LIB(gattclientapp.o)
    0x0000e0b0   0x0000e0b0   0x0000002c   Code   RO         1010    i.gattProcessFindByTypeValueReq  CH57xBLE.LIB(gattservapp.o)
    0x0000e0dc   0x0000e0dc   0x0000006c   Code   RO          942    i.gattProcessFindInfo  CH57xBLE.LIB(gattclientapp.o)
    0x0000e148   0x0000e148   0x0000011c   Code   RO         1011    i.gattProcessFindInfoReq  CH57xBLE.LIB(gattservapp.o)
    0x0000e264   0x0000e264   0x00000108   Code   RO          943    i.gattProcessMultiReqs  CH57xBLE.LIB(gattclientapp.o)
    0x0000e36c   0x0000e36c   0x00000026   Code   RO         1012    i.gattProcessPrepareWriteReq  CH57xBLE.LIB(gattservapp.o)
    0x0000e392   0x0000e392   0x00000002   PAD
    0x0000e394   0x0000e394   0x0000006c   Code   RO          944    i.gattProcessReadByGrpType  CH57xBLE.LIB(gattclientapp.o)
    0x0000e400   0x0000e400   0x00000048   Code   RO         1013    i.gattProcessReadByGrpTypeReq  CH57xBLE.LIB(gattservapp.o)
    0x0000e448   0x0000e448   0x00000164   Code   RO          945    i.gattProcessReadByType  CH57xBLE.LIB(gattclientapp.o)
    0x0000e5ac   0x0000e5ac   0x0000002c   Code   RO         1014    i.gattProcessReadByTypeReq  CH57xBLE.LIB(gattservapp.o)
    0x0000e5d8   0x0000e5d8   0x00000058   Code   RO          946    i.gattProcessReadLong  CH57xBLE.LIB(gattclientapp.o)
    0x0000e630   0x0000e630   0x00000066   Code   RO         1015    i.gattProcessReadMultiReq  CH57xBLE.LIB(gattservapp.o)
    0x0000e696   0x0000e696   0x00000022   Code   RO         1016    i.gattProcessReadReq  CH57xBLE.LIB(gattservapp.o)
    0x0000e6b8   0x0000e6b8   0x000000a8   Code   RO          866    i.gattProcessReliableWrites  CH57xBLE.LIB(gatt.o)
    0x0000e760   0x0000e760   0x000000d0   Code   RO          867    i.gattProcessRxData  CH57xBLE.LIB(gatt.o)
    0x0000e830   0x0000e830   0x00000088   Code   RO          868    i.gattProcessWriteLong  CH57xBLE.LIB(gatt.o)
    0x0000e8b8   0x0000e8b8   0x00000026   Code   RO         1017    i.gattProcessWriteReq  CH57xBLE.LIB(gattservapp.o)
    0x0000e8de   0x0000e8de   0x00000002   PAD
    0x0000e8e0   0x0000e8e0   0x00000034   Code   RO          869    i.gattRead          CH57xBLE.LIB(gatt.o)
    0x0000e914   0x0000e914   0x00000068   Code   RO          870    i.gattReadByType    CH57xBLE.LIB(gatt.o)
    0x0000e97c   0x0000e97c   0x0000000c   Code   RO          872    i.gattRegisterClient  CH57xBLE.LIB(gatt.o)
    0x0000e988   0x0000e988   0x0000000c   Code   RO          873    i.gattRegisterServer  CH57xBLE.LIB(gatt.o)
    0x0000e994   0x0000e994   0x0000006a   Code   RO          947    i.gattResetClientInfo  CH57xBLE.LIB(gattclientapp.o)
    0x0000e9fe   0x0000e9fe   0x00000010   Code   RO         1018    i.gattResetServerInfo  CH57xBLE.LIB(gattservapp.o)
    0x0000ea0e   0x0000ea0e   0x00000002   PAD
    0x0000ea10   0x0000ea10   0x0000003c   Code   RO          874    i.gattSendFlowCtrlEvt  CH57xBLE.LIB(gatt.o)
    0x0000ea4c   0x0000ea4c   0x0000003c   Code   RO         1019    i.gattServApp_ClearPrepareWriteQ  CH57xBLE.LIB(gattservapp.o)
    0x0000ea88   0x0000ea88   0x0000000e   Code   RO         1020    i.gattServApp_FindAuthorizeAttrCB  CH57xBLE.LIB(gattservapp.o)
    0x0000ea96   0x0000ea96   0x0000001a   Code   RO         1021    i.gattServApp_FindCharCfgItem  CH57xBLE.LIB(gattservapp.o)
    0x0000eab0   0x0000eab0   0x00000024   Code   RO         1022    i.gattServApp_FindPrepareWriteQ  CH57xBLE.LIB(gattservapp.o)
    0x0000ead4   0x0000ead4   0x00000020   Code   RO         1023    i.gattServApp_FindServiceCBs  CH57xBLE.LIB(gattservapp.o)
    0x0000eaf4   0x0000eaf4   0x0000005c   Code   RO         1024    i.gattServApp_HandleConnStatusCB  CH57xBLE.LIB(gattservapp.o)
    0x0000eb50   0x0000eb50   0x000000b6   Code   RO         1025    i.gattServApp_IsWriteLong  CH57xBLE.LIB(gattservapp.o)
    0x0000ec06   0x0000ec06   0x000000dc   Code   RO         1026    i.gattServApp_ProcessExecuteWriteReq  CH57xBLE.LIB(gattservapp.o)
    0x0000ece2   0x0000ece2   0x00000002   PAD
    0x0000ece4   0x0000ece4   0x0000013c   Code   RO         1027    i.gattServApp_ProcessFindByTypeValueReq  CH57xBLE.LIB(gattservapp.o)
    0x0000ee20   0x0000ee20   0x00000230   Code   RO         1028    i.gattServApp_ProcessMsg  CH57xBLE.LIB(gattservapp.o)
    0x0000f050   0x0000f050   0x000000e0   Code   RO         1029    i.gattServApp_ProcessPrepareWriteReq  CH57xBLE.LIB(gattservapp.o)
    0x0000f130   0x0000f130   0x00000194   Code   RO         1030    i.gattServApp_ProcessReadByGrpTypeReq  CH57xBLE.LIB(gattservapp.o)
    0x0000f2c4   0x0000f2c4   0x00000140   Code   RO         1031    i.gattServApp_ProcessReadByTypeReq  CH57xBLE.LIB(gattservapp.o)
    0x0000f404   0x0000f404   0x00000110   Code   RO         1032    i.gattServApp_ProcessReadMultiReq  CH57xBLE.LIB(gattservapp.o)
    0x0000f514   0x0000f514   0x00000090   Code   RO         1033    i.gattServApp_ProcessWriteReq  CH57xBLE.LIB(gattservapp.o)
    0x0000f5a4   0x0000f5a4   0x00000030   Code   RO         1036    i.gattServApp_WriteAttrCB  CH57xBLE.LIB(gattservapp.o)
    0x0000f5d4   0x0000f5d4   0x00000080   Code   RO         1037    i.gattServerHandleConnStatusCB  CH57xBLE.LIB(gattservapp.o)
    0x0000f654   0x0000f654   0x0000002a   Code   RO         1038    i.gattServerHandleTimerCB  CH57xBLE.LIB(gattservapp.o)
    0x0000f67e   0x0000f67e   0x0000001c   Code   RO         1039    i.gattServerNotifyTxCB  CH57xBLE.LIB(gattservapp.o)
    0x0000f69a   0x0000f69a   0x00000002   PAD
    0x0000f69c   0x0000f69c   0x00000150   Code   RO         1040    i.gattServerProcessMsgCB  CH57xBLE.LIB(gattservapp.o)
    0x0000f7ec   0x0000f7ec   0x00000016   Code   RO         1041    i.gattServiceLastHandle  CH57xBLE.LIB(gattservapp.o)
    0x0000f802   0x0000f802   0x0000000e   Code   RO          875    i.gattStartTimer    CH57xBLE.LIB(gatt.o)
    0x0000f810   0x0000f810   0x0000001a   Code   RO          876    i.gattStopTimer     CH57xBLE.LIB(gatt.o)
    0x0000f82a   0x0000f82a   0x00000002   PAD
    0x0000f82c   0x0000f82c   0x00000040   Code   RO          948    i.gattStoreClientInfo  CH57xBLE.LIB(gattclientapp.o)
    0x0000f86c   0x0000f86c   0x00000048   Code   RO          877    i.gattWrite         CH57xBLE.LIB(gatt.o)
    0x0000f8b4   0x0000f8b4   0x0000009c   Code   RO         2284    i.generate_subkey   CH57xBLE.LIB(sm.o)
    0x0000f950   0x0000f950   0x000000d8   Code   RO          805    i.ggs_ReadAttrCB    CH57xBLE.LIB(gapgattserver.o)
    0x0000fa28   0x0000fa28   0x0000006e   Code   RO          806    i.ggs_SetAttrWPermit  CH57xBLE.LIB(gapgattserver.o)
    0x0000fa96   0x0000fa96   0x00000002   PAD
    0x0000fa98   0x0000fa98   0x00000110   Code   RO          807    i.ggs_WriteAttrCB   CH57xBLE.LIB(gapgattserver.o)
    0x0000fba8   0x0000fba8   0x000000a4   Code   RO         2186    i.l2capAllocConnChannel  CH57xBLE.LIB(l2cap.o)
    0x0000fc4c   0x0000fc4c   0x00000040   Code   RO         2248    i.l2capBuildCmdReject  CH57xBLE.LIB(l2cap_sdu.o)
    0x0000fc8c   0x0000fc8c   0x00000036   Code   RO         2249    i.l2capBuildConnectRsp  CH57xBLE.LIB(l2cap_sdu.o)
    0x0000fcc2   0x0000fcc2   0x00000018   Code   RO         2250    i.l2capBuildDisconnectReq  CH57xBLE.LIB(l2cap_sdu.o)
    0x0000fcda   0x0000fcda   0x00000018   Code   RO         2251    i.l2capBuildDisconnectRsp  CH57xBLE.LIB(l2cap_sdu.o)
    0x0000fcf2   0x0000fcf2   0x0000002c   Code   RO         2252    i.l2capBuildParamUpdateReq  CH57xBLE.LIB(l2cap_sdu.o)
    0x0000fd1e   0x0000fd1e   0x0000000e   Code   RO         2253    i.l2capBuildParamUpdateRsp  CH57xBLE.LIB(l2cap_sdu.o)
    0x0000fd2c   0x0000fd2c   0x00000098   Code   RO         2188    i.l2capDisconnectAllChannels  CH57xBLE.LIB(l2cap.o)
    0x0000fdc4   0x0000fdc4   0x0000001e   Code   RO         2189    i.l2capDisconnectChannel  CH57xBLE.LIB(l2cap.o)
    0x0000fde2   0x0000fde2   0x00000002   PAD
    0x0000fde4   0x0000fde4   0x000000b4   Code   RO         2865    i.l2capEncapSendData  CH57xBLE.LIB(l2cap_output.o)
    0x0000fe98   0x0000fe98   0x0000002c   Code   RO         2190    i.l2capFindLocalCID  CH57xBLE.LIB(l2cap.o)
    0x0000fec4   0x0000fec4   0x00000030   Code   RO         2191    i.l2capFindLocalId  CH57xBLE.LIB(l2cap.o)
    0x0000fef4   0x0000fef4   0x00000030   Code   RO         2192    i.l2capFindPsm      CH57xBLE.LIB(l2cap.o)
    0x0000ff24   0x0000ff24   0x0000003c   Code   RO         2193    i.l2capFindRemoteCID  CH57xBLE.LIB(l2cap.o)
    0x0000ff60   0x0000ff60   0x00000034   Code   RO         2194    i.l2capFreeChannel  CH57xBLE.LIB(l2cap.o)
    0x0000ff94   0x0000ff94   0x00000030   Code   RO         2195    i.l2capFreePendingPkt  CH57xBLE.LIB(l2cap.o)
    0x0000ffc4   0x0000ffc4   0x00000074   Code   RO         2866    i.l2capFreeTxSDU    CH57xBLE.LIB(l2cap_output.o)
    0x00010038   0x00010038   0x00000058   Code   RO         2196    i.l2capGetCoChannelInfo  CH57xBLE.LIB(l2cap.o)
    0x00010090   0x00010090   0x0000002c   Code   RO         2197    i.l2capHandleConnStatusCB  CH57xBLE.LIB(l2cap.o)
    0x000100bc   0x000100bc   0x0000000a   Code   RO         2198    i.l2capHandleRxError  CH57xBLE.LIB(l2cap.o)
    0x000100c6   0x000100c6   0x0000001c   Code   RO         2199    i.l2capHandleTimerCB  CH57xBLE.LIB(l2cap.o)
    0x000100e2   0x000100e2   0x00000054   Code   RO         2867    i.l2capNotifyChannelEstEvt  CH57xBLE.LIB(l2cap_output.o)
    0x00010136   0x00010136   0x0000003a   Code   RO         2868    i.l2capNotifyChannelTermEvt  CH57xBLE.LIB(l2cap_output.o)
    0x00010170   0x00010170   0x00000080   Code   RO         2869    i.l2capNotifyCreditEvt  CH57xBLE.LIB(l2cap_output.o)
    0x000101f0   0x000101f0   0x00000046   Code   RO         2870    i.l2capNotifyData   CH57xBLE.LIB(l2cap_output.o)
    0x00010236   0x00010236   0x0000004e   Code   RO         2871    i.l2capNotifyEvent  CH57xBLE.LIB(l2cap_output.o)
    0x00010284   0x00010284   0x0000004e   Code   RO         2872    i.l2capNotifySignal  CH57xBLE.LIB(l2cap_output.o)
    0x000102d2   0x000102d2   0x00000002   PAD
    0x000102d4   0x000102d4   0x00000040   Code   RO         2200    i.l2capNumActiveChannnels  CH57xBLE.LIB(l2cap.o)
    0x00010314   0x00010314   0x00000040   Code   RO         2836    i.l2capParseCmdReject  CH57xBLE.LIB(l2cap_input.o)
    0x00010354   0x00010354   0x0000003e   Code   RO         2837    i.l2capParseConnectRsp  CH57xBLE.LIB(l2cap_input.o)
    0x00010392   0x00010392   0x00000020   Code   RO         2838    i.l2capParseDisconnectReq  CH57xBLE.LIB(l2cap_input.o)
    0x000103b2   0x000103b2   0x00000020   Code   RO         2839    i.l2capParseDisconnectRsp  CH57xBLE.LIB(l2cap_input.o)
    0x000103d2   0x000103d2   0x00000060   Code   RO         2840    i.l2capParsePacket  CH57xBLE.LIB(l2cap_input.o)
    0x00010432   0x00010432   0x00000016   Code   RO         2841    i.l2capParseParamUpdateRsp  CH57xBLE.LIB(l2cap_input.o)
    0x00010448   0x00010448   0x00000014   Code   RO         2842    i.l2capParseSignalHdr  CH57xBLE.LIB(l2cap_input.o)
    0x0001045c   0x0001045c   0x000000c0   Code   RO         2843    i.l2capProcessConnectReq  CH57xBLE.LIB(l2cap_input.o)
    0x0001051c   0x0001051c   0x00000134   Code   RO         2844    i.l2capProcessReq   CH57xBLE.LIB(l2cap_input.o)
    0x00010650   0x00010650   0x0000010e   Code   RO         2845    i.l2capProcessRsp   CH57xBLE.LIB(l2cap_input.o)
    0x0001075e   0x0001075e   0x00000002   PAD
    0x00010760   0x00010760   0x000000e4   Code   RO         2846    i.l2capProcessRxData  CH57xBLE.LIB(l2cap_input.o)
    0x00010844   0x00010844   0x0000011c   Code   RO         2873    i.l2capReassembleSegment  CH57xBLE.LIB(l2cap_output.o)
    0x00010960   0x00010960   0x00000068   Code   RO         2874    i.l2capSendCmd      CH57xBLE.LIB(l2cap_output.o)
    0x000109c8   0x000109c8   0x00000088   Code   RO         2254    i.l2capSendConnectRsp  CH57xBLE.LIB(l2cap_sdu.o)
    0x00010a50   0x00010a50   0x00000050   Code   RO         2875    i.l2capSendFCPkt    CH57xBLE.LIB(l2cap_output.o)
    0x00010aa0   0x00010aa0   0x00000098   Code   RO         2876    i.l2capSendNextSegment  CH57xBLE.LIB(l2cap_output.o)
    0x00010b38   0x00010b38   0x00000040   Code   RO         2877    i.l2capSendPkt      CH57xBLE.LIB(l2cap_output.o)
    0x00010b78   0x00010b78   0x0000009c   Code   RO         2878    i.l2capSendReq      CH57xBLE.LIB(l2cap_output.o)
    0x00010c14   0x00010c14   0x000000c0   Code   RO         2879    i.l2capSendSegment  CH57xBLE.LIB(l2cap_output.o)
    0x00010cd4   0x00010cd4   0x0000002c   Code   RO         2201    i.l2capStartTimer   CH57xBLE.LIB(l2cap.o)
    0x00010d00   0x00010d00   0x00000010   Code   RO         2202    i.l2capStopTimer    CH57xBLE.LIB(l2cap.o)
    0x00010d10   0x00010d10   0x00000028   Code   RO         2880    i.l2capStoreFCPkt   CH57xBLE.LIB(l2cap_output.o)
    0x00010d38   0x00010d38   0x0000001c   Code   RO         2285    i.leftshift_onebit  CH57xBLE.LIB(sm.o)
    0x00010d54   0x00010d54   0x00000070   Code   RO         1121    i.linkDB_Add        CH57xBLE.LIB(linkdb.o)
    0x00010dc4   0x00010dc4   0x00000058   Code   RO         1122    i.linkDB_Authen     CH57xBLE.LIB(linkdb.o)
    0x00010e1c   0x00010e1c   0x00000030   Code   RO         1123    i.linkDB_Find       CH57xBLE.LIB(linkdb.o)
    0x00010e4c   0x00010e4c   0x0000003c   Code   RO         1124    i.linkDB_FindFirst  CH57xBLE.LIB(linkdb.o)
    0x00010e88   0x00010e88   0x00000038   Code   RO         1125    i.linkDB_GetHandleFromSMEvtID  CH57xBLE.LIB(linkdb.o)
    0x00010ec0   0x00010ec0   0x00000058   Code   RO         1126    i.linkDB_GetPairingParam  CH57xBLE.LIB(linkdb.o)
    0x00010f18   0x00010f18   0x0000004c   Code   RO         1127    i.linkDB_GetSMEvtID  CH57xBLE.LIB(linkdb.o)
    0x00010f64   0x00010f64   0x00000060   Code   RO         1128    i.linkDB_Init       CH57xBLE.LIB(linkdb.o)
    0x00010fc4   0x00010fc4   0x0000000e   Code   RO         1129    i.linkDB_MTU        CH57xBLE.LIB(linkdb.o)
    0x00010fd2   0x00010fd2   0x00000002   PAD
    0x00010fd4   0x00010fd4   0x00000048   Code   RO         1130    i.linkDB_NeedSendKey  CH57xBLE.LIB(linkdb.o)
    0x0001101c   0x0001101c   0x0000002c   Code   RO         1131    i.linkDB_NumActive  CH57xBLE.LIB(linkdb.o)
    0x00011048   0x00011048   0x0000000c   Code   RO         1132    i.linkDB_NumConns   CH57xBLE.LIB(linkdb.o)
    0x00011054   0x00011054   0x00000030   Code   RO         1133    i.linkDB_PerformFunc  CH57xBLE.LIB(linkdb.o)
    0x00011084   0x00011084   0x00000038   Code   RO         1134    i.linkDB_PeripheralLinkNum  CH57xBLE.LIB(linkdb.o)
    0x000110bc   0x000110bc   0x00000024   Code   RO         1135    i.linkDB_Register   CH57xBLE.LIB(linkdb.o)
    0x000110e0   0x000110e0   0x00000036   Code   RO         1136    i.linkDB_Remove     CH57xBLE.LIB(linkdb.o)
    0x00011116   0x00011116   0x0000000e   Code   RO         1137    i.linkDB_Role       CH57xBLE.LIB(linkdb.o)
    0x00011124   0x00011124   0x00000020   Code   RO         1138    i.linkDB_State      CH57xBLE.LIB(linkdb.o)
    0x00011144   0x00011144   0x0000001c   Code   RO         1140    i.linkDB_UpdateMTU  CH57xBLE.LIB(linkdb.o)
    0x00011160   0x00011160   0x00000058   Code   RO         1412    i.llAdvTraverseallChannel  CH57xBLE.LIB(ll_advertise.o)
    0x000111b8   0x000111b8   0x0000002c   Code   RO         1413    i.llAdvertiseCreateCore  CH57xBLE.LIB(ll_advertise.o)
    0x000111e4   0x000111e4   0x00000100   Code   RO         1414    i.llAdvertiseSet    CH57xBLE.LIB(ll_advertise.o)
    0x000112e4   0x000112e4   0x0000006c   Code   RO         1415    i.llAdvertiseStart  CH57xBLE.LIB(ll_advertise.o)
    0x00011350   0x00011350   0x00000070   Code   RO         2502    i.llInitiateCreateCore  CH57xBLE.LIB(ll_initiate.o)
    0x000113c0   0x000113c0   0x000000ec   Code   RO         2503    i.llInitiateSet     CH57xBLE.LIB(ll_initiate.o)
    0x000114ac   0x000114ac   0x0000006c   Code   RO         2504    i.llInitiateStart   CH57xBLE.LIB(ll_initiate.o)
    0x00011518   0x00011518   0x0000007c   Code   RO         2505    i.llInitiateTraverseaChannel  CH57xBLE.LIB(ll_initiate.o)
    0x00011594   0x00011594   0x00000064   Code   RO         1445    i.llScanCreateCore  CH57xBLE.LIB(ll_scan.o)
    0x000115f8   0x000115f8   0x0000006c   Code   RO         1446    i.llScanSet         CH57xBLE.LIB(ll_scan.o)
    0x00011664   0x00011664   0x0000006c   Code   RO         1447    i.llScanStart       CH57xBLE.LIB(ll_scan.o)
    0x000116d0   0x000116d0   0x0000004c   Code   RO         1448    i.llScanTraverseaChannel  CH57xBLE.LIB(ll_scan.o)
    0x0001171c   0x0001171c   0x000000a4   Code   RO         1564    i.llSlaveCreateCore  CH57xBLE.LIB(ll_slave.o)
    0x000117c0   0x000117c0   0x000000a0   Code   RO         1565    i.llSlaveSetFirstTimer  CH57xBLE.LIB(ll_slave.o)
    0x00011860   0x00011860   0x00000098   Code   RO         2940    i.ll_address_create_non_resolvable  CH57xBLE.LIB(ll_address.o)
    0x000118f8   0x000118f8   0x00000070   Code   RO         2941    i.ll_address_create_static  CH57xBLE.LIB(ll_address.o)
    0x00011968   0x00011968   0x00000086   Code   RO         1416    i.ll_advertise_filter  CH57xBLE.LIB(ll_advertise.o)
    0x000119ee   0x000119ee   0x00000002   PAD
    0x000119f0   0x000119f0   0x000000e4   Code   RO         1417    i.ll_advertise_generated_pdu  CH57xBLE.LIB(ll_advertise.o)
    0x00011ad4   0x00011ad4   0x00000090   Code   RO         1418    i.ll_advertise_initParameters  CH57xBLE.LIB(ll_advertise.o)
    0x00011b64   0x00011b64   0x000000f4   Code   RO         1419    i.ll_advertise_process  CH57xBLE.LIB(ll_advertise.o)
    0x00011c58   0x00011c58   0x000001ec   Code   RO         1420    i.ll_advertise_rx   CH57xBLE.LIB(ll_advertise.o)
    0x00011e44   0x00011e44   0x00000070   Code   RO         1421    i.ll_advertise_tx   CH57xBLE.LIB(ll_advertise.o)
    0x00011eb4   0x00011eb4   0x000001ec   Code   RO         1489    i.ll_connect_action_in_connintervaltimeout  CH57xBLE.LIB(ll_connect.o)
    0x000120a0   0x000120a0   0x0000001a   Code   RO         1490    i.ll_connect_auth_timeout  CH57xBLE.LIB(ll_connect.o)
    0x000120ba   0x000120ba   0x00000078   Code   RO         1491    i.ll_connect_calculate_effective_len  CH57xBLE.LIB(ll_connect.o)
    0x00012132   0x00012132   0x00000002   PAD
    0x00012134   0x00012134   0x00000154   Code   RO         1492    i.ll_connect_change_connect_point  CH57xBLE.LIB(ll_connect.o)
    0x00012288   0x00012288   0x0000003c   Code   RO         1493    i.ll_connect_event_continue  CH57xBLE.LIB(ll_connect.o)
    0x000122c4   0x000122c4   0x0000000a   Code   RO         1494    i.ll_connect_flowcontrol_init  CH57xBLE.LIB(ll_connect.o)
    0x000122ce   0x000122ce   0x00000002   PAD
    0x000122d0   0x000122d0   0x0000000c   Code   RO         1495    i.ll_connect_get_connect_number  CH57xBLE.LIB(ll_connect.o)
    0x000122dc   0x000122dc   0x0000001c   Code   RO         1496    i.ll_connect_get_master_number  CH57xBLE.LIB(ll_connect.o)
    0x000122f8   0x000122f8   0x0000001c   Code   RO         1497    i.ll_connect_get_slave_number  CH57xBLE.LIB(ll_connect.o)
    0x00012314   0x00012314   0x00000094   Code   RO         1498    i.ll_connect_get_start_point  CH57xBLE.LIB(ll_connect.o)
    0x000123a8   0x000123a8   0x00000088   Code   RO         1499    i.ll_connect_get_update_point  CH57xBLE.LIB(ll_connect.o)
    0x00012430   0x00012430   0x00000050   Code   RO         1500    i.ll_connect_init_dataLen  CH57xBLE.LIB(ll_connect.o)
    0x00012480   0x00012480   0x0000002a   Code   RO         1501    i.ll_connect_init_pingOffset  CH57xBLE.LIB(ll_connect.o)
    0x000124aa   0x000124aa   0x00000026   Code   RO         1502    i.ll_connect_parse_datapdu_head  CH57xBLE.LIB(ll_connect.o)
    0x000124d0   0x000124d0   0x0000001c   Code   RO         1503    i.ll_connect_procedure_timeout  CH57xBLE.LIB(ll_connect.o)
    0x000124ec   0x000124ec   0x00000060   Code   RO         1504    i.ll_connect_send_data  CH57xBLE.LIB(ll_connect.o)
    0x0001254c   0x0001254c   0x0000003c   Code   RO         1505    i.ll_connect_set_auth_timeout  CH57xBLE.LIB(ll_connect.o)
    0x00012588   0x00012588   0x0000002c   Code   RO         1506    i.ll_connect_set_connect_timeout  CH57xBLE.LIB(ll_connect.o)
    0x000125b4   0x000125b4   0x00000034   Code   RO         1507    i.ll_connect_set_procedure_timeout  CH57xBLE.LIB(ll_connect.o)
    0x000125e8   0x000125e8   0x00000026   Code   RO         1508    i.ll_connect_supervision_timeout  CH57xBLE.LIB(ll_connect.o)
    0x0001260e   0x0001260e   0x00000002   PAD
    0x00012610   0x00012610   0x000000ac   Code   RO         1509    i.ll_connect_update_get_offset  CH57xBLE.LIB(ll_connect.o)
    0x000126bc   0x000126bc   0x00000028   Code   RO         2473    i.ll_get_prime_number  CH57xBLE.LIB(ll.o)
    0x000126e4   0x000126e4   0x0000000a   Code   RO          642    i.ll_hw_api_enc     CH57xBLE.LIB(ip.o)
    0x000126ee   0x000126ee   0x00000002   PAD
    0x000126f0   0x000126f0   0x00000064   Code   RO          643    i.ll_hw_api_rx_set_txlen  CH57xBLE.LIB(ip.o)
    0x00012754   0x00012754   0x00000008   Code   RO          644    i.ll_hw_api_set_channel  CH57xBLE.LIB(ip.o)
    0x0001275c   0x0001275c   0x00000020   Code   RO          645    i.ll_hw_api_set_pkt_dec  CH57xBLE.LIB(ip.o)
    0x0001277c   0x0001277c   0x00000020   Code   RO          646    i.ll_hw_api_set_pkt_enc  CH57xBLE.LIB(ip.o)
    0x0001279c   0x0001279c   0x00000044   Code   RO          591    i.ll_hw_temp_sample  CH57xBLE.LIB(tmos_hw.o)
    0x000127e0   0x000127e0   0x00000034   Code   RO         1566    i.ll_hw_timer_renew_anchor_point  CH57xBLE.LIB(ll_slave.o)
    0x00012814   0x00012814   0x00000068   Code   RO         1567    i.ll_hw_timer_slave_recv_renew  CH57xBLE.LIB(ll_slave.o)
    0x0001287c   0x0001287c   0x00000016   Code   RO         1568    i.ll_hw_timer_slave_recv_timeout  CH57xBLE.LIB(ll_slave.o)
    0x00012892   0x00012892   0x0000001e   Code   RO         1510    i.ll_hw_timer_window_widening  CH57xBLE.LIB(ll_connect.o)
    0x000128b0   0x000128b0   0x000000f4   Code   RO         2506    i.ll_initiate_filter  CH57xBLE.LIB(ll_initiate.o)
    0x000129a4   0x000129a4   0x00000154   Code   RO         2507    i.ll_initiate_generated_pdu  CH57xBLE.LIB(ll_initiate.o)
    0x00012af8   0x00012af8   0x000000b0   Code   RO         2508    i.ll_initiate_get_connect_offset  CH57xBLE.LIB(ll_initiate.o)
    0x00012ba8   0x00012ba8   0x0000010c   Code   RO         2509    i.ll_initiate_process  CH57xBLE.LIB(ll_initiate.o)
    0x00012cb4   0x00012cb4   0x000000b8   Code   RO         2510    i.ll_initiate_rx    CH57xBLE.LIB(ll_initiate.o)
    0x00012d6c   0x00012d6c   0x00000030   Code   RO         2511    i.ll_initiate_to_standby  CH57xBLE.LIB(ll_initiate.o)
    0x00012d9c   0x00012d9c   0x000003c4   Code   RO         1606    i.ll_master_action_tx_ready  CH57xBLE.LIB(ll_master.o)
    0x00013160   0x00013160   0x000000a4   Code   RO         1511    i.ll_master_check_connect_point  CH57xBLE.LIB(ll_connect.o)
    0x00013204   0x00013204   0x000000ac   Code   RO         1607    i.ll_master_initParameters  CH57xBLE.LIB(ll_master.o)
    0x000132b0   0x000132b0   0x00000438   Code   RO         1608    i.ll_master_parse_datapdu_payload  CH57xBLE.LIB(ll_master.o)
    0x000136e8   0x000136e8   0x000001c8   Code   RO         1609    i.ll_master_process  CH57xBLE.LIB(ll_master.o)
    0x000138b0   0x000138b0   0x000001b0   Code   RO         1610    i.ll_master_process_after_rx  CH57xBLE.LIB(ll_master.o)
    0x00013a60   0x00013a60   0x00000154   Code   RO         1611    i.ll_master_process_event  CH57xBLE.LIB(ll_master.o)
    0x00013bb4   0x00013bb4   0x000000d0   Code   RO         1612    i.ll_master_rx      CH57xBLE.LIB(ll_master.o)
    0x00013c84   0x00013c84   0x00000052   Code   RO         2633    i.ll_resolvinglist_checkRPA  CH57xBLE.LIB(ll_resolvinglist.o)
    0x00013cd6   0x00013cd6   0x00000002   PAD
    0x00013cd8   0x00013cd8   0x00000048   Code   RO         2634    i.ll_resolvinglist_renew_rpa  CH57xBLE.LIB(ll_resolvinglist.o)
    0x00013d20   0x00013d20   0x000000fc   Code   RO         1449    i.ll_scan_add_advertising_to_report  CH57xBLE.LIB(ll_scan.o)
    0x00013e1c   0x00013e1c   0x000000ac   Code   RO         1450    i.ll_scan_filter    CH57xBLE.LIB(ll_scan.o)
    0x00013ec8   0x00013ec8   0x000000c8   Code   RO         1451    i.ll_scan_generated_req  CH57xBLE.LIB(ll_scan.o)
    0x00013f90   0x00013f90   0x000000f0   Code   RO         1452    i.ll_scan_process   CH57xBLE.LIB(ll_scan.o)
    0x00014080   0x00014080   0x00000118   Code   RO         1453    i.ll_scan_rx        CH57xBLE.LIB(ll_scan.o)
    0x00014198   0x00014198   0x00000094   Code   RO         1454    i.ll_scan_tx        CH57xBLE.LIB(ll_scan.o)
    0x0001422c   0x0001422c   0x0000042c   Code   RO         1569    i.ll_slave_action_tx_ready  CH57xBLE.LIB(ll_slave.o)
    0x00014658   0x00014658   0x000001a4   Code   RO         1512    i.ll_slave_check_connect_point  CH57xBLE.LIB(ll_connect.o)
    0x000147fc   0x000147fc   0x000000ec   Code   RO         1570    i.ll_slave_encrypt_req  CH57xBLE.LIB(ll_slave.o)
    0x000148e8   0x000148e8   0x00000368   Code   RO         1571    i.ll_slave_parse_datapdu_payload  CH57xBLE.LIB(ll_slave.o)
    0x00014c50   0x00014c50   0x000001d0   Code   RO         1572    i.ll_slave_process  CH57xBLE.LIB(ll_slave.o)
    0x00014e20   0x00014e20   0x000001e4   Code   RO         1573    i.ll_slave_process_after_tx  CH57xBLE.LIB(ll_slave.o)
    0x00015004   0x00015004   0x00000168   Code   RO         1574    i.ll_slave_process_event  CH57xBLE.LIB(ll_slave.o)
    0x0001516c   0x0001516c   0x000000ec   Code   RO         1575    i.ll_slave_rx       CH57xBLE.LIB(ll_slave.o)
    0x00015258   0x00015258   0x00000026   Code   RO         2286    i.padding           CH57xBLE.LIB(sm.o)
    0x0001527e   0x0001527e   0x00000002   PAD
    0x00015280   0x00015280   0x00000024   Code   RO         1141    i.reportStatusChange  CH57xBLE.LIB(linkdb.o)
    0x000152a4   0x000152a4   0x000000d0   Code   RO          730    i.sendAuthEvent     CH57xBLE.LIB(gap.o)
    0x00015374   0x00015374   0x00000030   Code   RO          731    i.sendTerminateEvent  CH57xBLE.LIB(gap.o)
    0x000153a4   0x000153a4   0x0000004e   Code   RO         2287    i.setupInitiatorKeys  CH57xBLE.LIB(sm.o)
    0x000153f2   0x000153f2   0x0000001e   Code   RO         2289    i.smDetermineKeySize  CH57xBLE.LIB(sm.o)
    0x00015410   0x00015410   0x00000048   Code   RO         2290    i.smEndPairing      CH57xBLE.LIB(sm.o)
    0x00015458   0x00015458   0x0000004e   Code   RO         2291    i.smFreePairingParams  CH57xBLE.LIB(sm.o)
    0x000154a6   0x000154a6   0x00000002   PAD
    0x000154a8   0x000154a8   0x00000024   Code   RO         2292    i.smGenerateConfirm  CH57xBLE.LIB(sm.o)
    0x000154cc   0x000154cc   0x00000034   Code   RO         2293    i.smGeneratePairingReqRsp  CH57xBLE.LIB(sm.o)
    0x00015500   0x00015500   0x00000028   Code   RO          732    i.smGenerateRandBuf  CH57xBLE.LIB(gap.o)
    0x00015528   0x00015528   0x00000024   Code   RO         2294    i.smGenerateRandMsg  CH57xBLE.LIB(sm.o)
    0x0001554c   0x0001554c   0x00000160   Code   RO         2295    i.smInitiatorSendNextKeyInfo  CH57xBLE.LIB(sm.o)
    0x000156ac   0x000156ac   0x00000020   Code   RO         2296    i.smLinkCheck       CH57xBLE.LIB(sm.o)
    0x000156cc   0x000156cc   0x00000040   Code   RO         2297    i.smNextPairingState  CH57xBLE.LIB(sm.o)
    0x0001570c   0x0001570c   0x00000014   Code   RO         2298    i.smPairingSendEncInfo  CH57xBLE.LIB(sm.o)
    0x00015720   0x00015720   0x00000028   Code   RO         2299    i.smPairingSendIdentityAddrInfo  CH57xBLE.LIB(sm.o)
    0x00015748   0x00015748   0x00000014   Code   RO         2300    i.smPairingSendIdentityInfo  CH57xBLE.LIB(sm.o)
    0x0001575c   0x0001575c   0x00000028   Code   RO         2301    i.smPairingSendMasterID  CH57xBLE.LIB(sm.o)
    0x00015784   0x00015784   0x00000014   Code   RO         2302    i.smPairingSendSingingInfo  CH57xBLE.LIB(sm.o)
    0x00015798   0x00015798   0x000000c8   Code   RO         2303    i.smProcessDataMsg  CH57xBLE.LIB(sm.o)
    0x00015860   0x00015860   0x000000bc   Code   RO         2304    i.smProcessEncryptChange  CH57xBLE.LIB(sm.o)
    0x0001591c   0x0001591c   0x0000004c   Code   RO         2305    i.smProcessPairingReq  CH57xBLE.LIB(sm.o)
    0x00015968   0x00015968   0x00000078   Code   RO         2306    i.smProcessRandComplete  CH57xBLE.LIB(sm.o)
    0x000159e0   0x000159e0   0x00000088   Code   RO         2307    i.smProcessTMOSMsg  CH57xBLE.LIB(sm.o)
    0x00015a68   0x00015a68   0x0000011c   Code   RO         2310    i.smResponderProcessLTKReq  CH57xBLE.LIB(sm.o)
    0x00015b84   0x00015b84   0x00000188   Code   RO         2311    i.smResponderSendNextKeyInfo  CH57xBLE.LIB(sm.o)
    0x00015d0c   0x00015d0c   0x00000168   Code   RO         2312    i.smSavePairInfo    CH57xBLE.LIB(sm.o)
    0x00015e74   0x00015e74   0x00000024   Code   RO         2313    i.smSendFailAndEnd  CH57xBLE.LIB(sm.o)
    0x00015e98   0x00015e98   0x0000004a   Code   RO         2314    i.smSendSMMsg       CH57xBLE.LIB(sm.o)
    0x00015ee2   0x00015ee2   0x00000038   Code   RO         2315    i.smSetPairingReqRsp  CH57xBLE.LIB(sm.o)
    0x00015f1a   0x00015f1a   0x00000002   PAD
    0x00015f1c   0x00015f1c   0x00000020   Code   RO         2316    i.smStartEncryption  CH57xBLE.LIB(sm.o)
    0x00015f3c   0x00015f3c   0x0000002c   Code   RO         2317    i.smStartRspTimer   CH57xBLE.LIB(sm.o)
    0x00015f68   0x00015f68   0x00000014   Code   RO         2318    i.smStopRspTimer    CH57xBLE.LIB(sm.o)
    0x00015f7c   0x00015f7c   0x00000018   Code   RO         2319    i.smTimedOut        CH57xBLE.LIB(sm.o)
    0x00015f94   0x00015f94   0x00000004   Code   RO         2320    i.smUint8ToAuthReq  CH57xBLE.LIB(sm.o)
    0x00015f98   0x00015f98   0x00000126   Code   RO         2321    i.sm_CMAC           CH57xBLE.LIB(sm.o)
    0x000160be   0x000160be   0x0000005a   Code   RO         2322    i.sm_ah             CH57xBLE.LIB(sm.o)
    0x00016118   0x00016118   0x00000082   Code   RO         2323    i.sm_c1             CH57xBLE.LIB(sm.o)
    0x0001619a   0x0001619a   0x000000e0   Code   RO         2324    i.sm_c1new          CH57xBLE.LIB(sm.o)
    0x0001627a   0x0001627a   0x00000062   Code   RO         2325    i.sm_s1             CH57xBLE.LIB(sm.o)
    0x000162dc   0x000162dc   0x00000016   Code   RO         2326    i.sm_xor            CH57xBLE.LIB(sm.o)
    0x000162f2   0x000162f2   0x00000020   Code   RO         2327    i.smpBuildEncInfo   CH57xBLE.LIB(sm.o)
    0x00016312   0x00016312   0x00000024   Code   RO         2328    i.smpBuildIdentityAddrInfo  CH57xBLE.LIB(sm.o)
    0x00016336   0x00016336   0x00000020   Code   RO         2329    i.smpBuildIdentityInfo  CH57xBLE.LIB(sm.o)
    0x00016356   0x00016356   0x0000002a   Code   RO         2330    i.smpBuildMasterID  CH57xBLE.LIB(sm.o)
    0x00016380   0x00016380   0x00000020   Code   RO         2331    i.smpBuildPairingConfirm  CH57xBLE.LIB(sm.o)
    0x000163a0   0x000163a0   0x00000018   Code   RO         2332    i.smpBuildPairingFailed  CH57xBLE.LIB(sm.o)
    0x000163b8   0x000163b8   0x00000020   Code   RO         2333    i.smpBuildPairingRandom  CH57xBLE.LIB(sm.o)
    0x000163d8   0x000163d8   0x0000000e   Code   RO         2334    i.smpBuildPairingReq  CH57xBLE.LIB(sm.o)
    0x000163e6   0x000163e6   0x00000092   Code   RO         2335    i.smpBuildPairingReqRsp  CH57xBLE.LIB(sm.o)
    0x00016478   0x00016478   0x0000000e   Code   RO         2336    i.smpBuildPairingRsp  CH57xBLE.LIB(sm.o)
    0x00016486   0x00016486   0x00000018   Code   RO         2337    i.smpBuildSecurityReq  CH57xBLE.LIB(sm.o)
    0x0001649e   0x0001649e   0x00000020   Code   RO         2338    i.smpBuildSigningInfo  CH57xBLE.LIB(sm.o)
    0x000164be   0x000164be   0x000001ca   Code   RO         2339    i.smpInitiatorProcessIncoming  CH57xBLE.LIB(sm.o)
    0x00016688   0x00016688   0x000000c6   Code   RO         2340    i.smpInitiatorProcessPairingRsp  CH57xBLE.LIB(sm.o)
    0x0001674e   0x0001674e   0x0000001e   Code   RO         2341    i.smpParseEncInfo   CH57xBLE.LIB(sm.o)
    0x0001676c   0x0001676c   0x00000022   Code   RO         2342    i.smpParseIdentityAddrInfo  CH57xBLE.LIB(sm.o)
    0x0001678e   0x0001678e   0x0000001e   Code   RO         2343    i.smpParseIdentityInfo  CH57xBLE.LIB(sm.o)
    0x000167ac   0x000167ac   0x00000028   Code   RO         2344    i.smpParseMasterID  CH57xBLE.LIB(sm.o)
    0x000167d4   0x000167d4   0x0000001e   Code   RO         2345    i.smpParsePairingConfirm  CH57xBLE.LIB(sm.o)
    0x000167f2   0x000167f2   0x00000020   Code   RO         2346    i.smpParsePairingFailed  CH57xBLE.LIB(sm.o)
    0x00016812   0x00016812   0x0000001e   Code   RO         2347    i.smpParsePairingRandom  CH57xBLE.LIB(sm.o)
    0x00016830   0x00016830   0x000000fc   Code   RO         2348    i.smpParsePairingReq  CH57xBLE.LIB(sm.o)
    0x0001692c   0x0001692c   0x00000014   Code   RO         2349    i.smpParseSecurityReq  CH57xBLE.LIB(sm.o)
    0x00016940   0x00016940   0x0000001e   Code   RO         2350    i.smpParseSigningInfo  CH57xBLE.LIB(sm.o)
    0x0001695e   0x0001695e   0x000001d2   Code   RO         2351    i.smpResponderProcessIncoming  CH57xBLE.LIB(sm.o)
    0x00016b30   0x00016b30   0x000000a4   Code   RO         2352    i.smpResponderProcessPairingReq  CH57xBLE.LIB(sm.o)
    0x00016bd4   0x00016bd4   0x00000020   Code   RO          497    i.tmosFindTask      CH57xBLE.LIB(tmos.o)
    0x00016bf4   0x00016bf4   0x00000034   Code   RO         1330    i.tmos_bm_adjust_header  CH57xBLE.LIB(memory.o)
    0x00016c28   0x00016c28   0x00000024   Code   RO          498    i.tmos_clear_event  CH57xBLE.LIB(tmos.o)
    0x00016c4c   0x00016c4c   0x00000012   Code   RO          500    i.tmos_get_task_timer  CH57xBLE.LIB(tmos.o)
    0x00016c5e   0x00016c5e   0x0000001e   Code   RO          501    i.tmos_isbufset     CH57xBLE.LIB(tmos.o)
    0x00016c7c   0x00016c7c   0x0000001c   Code   RO          502    i.tmos_memcmp       CH57xBLE.LIB(tmos.o)
    0x00016c98   0x00016c98   0x00000018   Code   RO          503    i.tmos_memcpy       CH57xBLE.LIB(tmos.o)
    0x00016cb0   0x00016cb0   0x0000001e   Code   RO          504    i.tmos_memdup       CH57xBLE.LIB(tmos.o)
    0x00016cce   0x00016cce   0x00000002   PAD
    0x00016cd0   0x00016cd0   0x00000078   Code   RO         1331    i.tmos_memory_allocate  CH57xBLE.LIB(memory.o)
    0x00016d48   0x00016d48   0x00000094   Code   RO         1332    i.tmos_memory_free  CH57xBLE.LIB(memory.o)
    0x00016ddc   0x00016ddc   0x00000060   Code   RO         1334    i.tmos_memory_init  CH57xBLE.LIB(memory.o)
    0x00016e3c   0x00016e3c   0x00000010   Code   RO          505    i.tmos_memset       CH57xBLE.LIB(tmos.o)
    0x00016e4c   0x00016e4c   0x00000028   Code   RO          556    i.tmos_msg_allocate  CH57xBLE.LIB(message.o)
    0x00016e74   0x00016e74   0x00000020   Code   RO          557    i.tmos_msg_deallocate  CH57xBLE.LIB(message.o)
    0x00016e94   0x00016e94   0x00000024   Code   RO          558    i.tmos_msg_enqueue  CH57xBLE.LIB(message.o)
    0x00016eb8   0x00016eb8   0x0000000c   Code   RO          559    i.tmos_msg_init     CH57xBLE.LIB(message.o)
    0x00016ec4   0x00016ec4   0x00000070   Code   RO          562    i.tmos_msg_receive  CH57xBLE.LIB(message.o)
    0x00016f34   0x00016f34   0x00000058   Code   RO          563    i.tmos_msg_send     CH57xBLE.LIB(message.o)
    0x00016f8c   0x00016f8c   0x000000d4   Code   RO          506    i.tmos_query_system_time  CH57xBLE.LIB(tmos.o)
    0x00017060   0x00017060   0x00000038   Code   RO          507    i.tmos_rand         CH57xBLE.LIB(tmos.o)
    0x00017098   0x00017098   0x00000012   Code   RO          508    i.tmos_revmemcpy    CH57xBLE.LIB(tmos.o)
    0x000170aa   0x000170aa   0x00000002   PAD
    0x000170ac   0x000170ac   0x00000024   Code   RO          509    i.tmos_set_event    CH57xBLE.LIB(tmos.o)
    0x000170d0   0x000170d0   0x00000058   Code   RO         1345    i.tmos_snv_clear    CH57xBLE.LIB(tmos_snv.o)
    0x00017128   0x00017128   0x00000004   Code   RO         1346    i.tmos_snv_compact  CH57xBLE.LIB(tmos_snv.o)
    0x0001712c   0x0001712c   0x00000048   Code   RO         1347    i.tmos_snv_init     CH57xBLE.LIB(tmos_snv.o)
    0x00017174   0x00017174   0x00000050   Code   RO         1348    i.tmos_snv_notify   CH57xBLE.LIB(tmos_snv.o)
    0x000171c4   0x000171c4   0x00000098   Code   RO         1349    i.tmos_snv_read     CH57xBLE.LIB(tmos_snv.o)
    0x0001725c   0x0001725c   0x000000bc   Code   RO         1350    i.tmos_snv_write    CH57xBLE.LIB(tmos_snv.o)
    0x00017318   0x00017318   0x00000074   Code   RO          510    i.tmos_start_callback_task  CH57xBLE.LIB(tmos.o)
    0x0001738c   0x0001738c   0x00000022   Code   RO          511    i.tmos_start_reload_task  CH57xBLE.LIB(tmos.o)
    0x000173ae   0x000173ae   0x00000002   PAD
    0x000173b0   0x000173b0   0x00000074   Code   RO          512    i.tmos_start_task   CH57xBLE.LIB(tmos.o)
    0x00017424   0x00017424   0x00000050   Code   RO          513    i.tmos_stop_callback_task  CH57xBLE.LIB(tmos.o)
    0x00017474   0x00017474   0x00000022   Code   RO          514    i.tmos_stop_task    CH57xBLE.LIB(tmos.o)
    0x00017496   0x00017496   0x00000012   Code   RO          515    i.tmos_strlen       CH57xBLE.LIB(tmos.o)
    0x000174a8   0x000174a8   0x0000006c   Code   RO          516    i.tmos_update_callback_timer  CH57xBLE.LIB(tmos.o)
    0x00017514   0x00017514   0x00000084   Code   RO          517    i.tmos_update_task_time  CH57xBLE.LIB(tmos.o)
    0x00017598   0x00017598   0x00000016   Code   RO         2353    i.xor_128           CH57xBLE.LIB(sm.o)
    0x000175ae   0x000175ae   0x0000000e   Code   RO         2915    i.xtime             CH57xBLE.LIB(aes_soft.o)
    0x000175bc   0x000175bc   0x00000015   Data   RO          129    .constdata          central.o
    0x000175d1   0x000175d1   0x00000003   PAD
    0x000175d4   0x000175d4   0x0000008d   Data   RO          184    .constdata          devinfoservice.o
    0x00017661   0x00017661   0x00000003   PAD
    0x00017664   0x00017664   0x00000014   Data   RO          201    .constdata          gattprofile.o
    0x00017678   0x00017678   0x00000014   Data   RO          648    .constdata          CH57xBLE.LIB(ip.o)
    0x0001768c   0x0001768c   0x00000008   Data   RO          809    .constdata          CH57xBLE.LIB(gapgattserver.o)
    0x00017694   0x00017694   0x00000060   Data   RO         1043    .constdata          CH57xBLE.LIB(gattservapp.o)
    0x000176f4   0x000176f4   0x0000002a   Data   RO         1170    .constdata          CH57xBLE.LIB(gatt_uuid.o)
    0x0001771e   0x0001771e   0x00000002   Data   RO         1171    .constdata          CH57xBLE.LIB(gatt_uuid.o)
    0x00017720   0x00017720   0x00000010   Data   RO         1925    .constdata          CH57xBLE.LIB(att.o)
    0x00017730   0x00017730   0x00000029   Data   RO         2354    .constdata          CH57xBLE.LIB(sm.o)
    0x00017759   0x00017759   0x00000017   Data   RO         2475    .constdata          CH57xBLE.LIB(ll.o)
    0x00017770   0x00017770   0x000002ff   Data   RO         2917    .constdata          CH57xBLE.LIB(aes_soft.o)
    0x00017a6f   0x00017a6f   0x00000001   PAD
    0x00017a70   0x00017a70   0x00000020   Data   RO         3264    Region$$Table       anon$$obj.o


    Execution Region RW_IRAM1 (Exec base: 0x20000000, Load base: 0x00017a90, Size: 0x00002a20, Max: 0x00020000, ABSOLUTE, COMPRESSED[0x00000214])

    Exec Addr    Load Addr    Size         Type   Attr      Idx    E Section Name        Object

    0x20000000   COMPRESSED   0x0000002c   Data   RW          130    .data               central.o
    0x2000002c   COMPRESSED   0x0000005c   Data   RW          159    .data               peripheral.o
    0x20000088   COMPRESSED   0x00000154   Data   RW          185    .data               devinfoservice.o
    0x200001dc   COMPRESSED   0x00000188   Data   RW          202    .data               gattprofile.o
    0x20000364   COMPRESSED   0x00000001   Data   RW          363    .data               mcu.o
    0x20000365   COMPRESSED   0x00000003   PAD
    0x20000368   COMPRESSED   0x00000008   Data   RW          408    .data               rtc.o
    0x20000370   COMPRESSED   0x00000018   Data   RW          519    .data               CH57xBLE.LIB(tmos.o)
    0x20000388   COMPRESSED   0x00000004   Data   RW          564    .data               CH57xBLE.LIB(message.o)
    0x2000038c   COMPRESSED   0x00000004   Data   RW          616    .data               CH57xBLE.LIB(lle.o)
    0x20000390   COMPRESSED   0x0000002a   Data   RW          734    .data               CH57xBLE.LIB(gap.o)
    0x200003ba   COMPRESSED   0x00000002   PAD
    0x200003bc   COMPRESSED   0x000000b0   Data   RW          810    .data               CH57xBLE.LIB(gapgattserver.o)
    0x2000046c   COMPRESSED   0x0000000c   Data   RW          879    .data               CH57xBLE.LIB(gatt.o)
    0x20000478   COMPRESSED   0x00000008   Data   RW          949    .data               CH57xBLE.LIB(gattclientapp.o)
    0x20000480   COMPRESSED   0x00000070   Data   RW         1044    .data               CH57xBLE.LIB(gattservapp.o)
    0x200004f0   COMPRESSED   0x00000008   Data   RW         1143    .data               CH57xBLE.LIB(linkdb.o)
    0x200004f8   COMPRESSED   0x00000004   Data   RW         1185    .data               CH57xBLE.LIB(peripheral.o)
    0x200004fc   COMPRESSED   0x00000044   Data   RW         1237    .data               CH57xBLE.LIB(gapbondmgr.o)
    0x20000540   COMPRESSED   0x00000008   Data   RW         1290    .data               CH57xBLE.LIB(central.o)
    0x20000548   COMPRESSED   0x00000043   Data   RW         1315    .data               CH57xBLE.LIB(role.o)
    0x2000058b   COMPRESSED   0x00000001   PAD
    0x2000058c   COMPRESSED   0x0000000c   Data   RW         1335    .data               CH57xBLE.LIB(memory.o)
    0x20000598   COMPRESSED   0x00000004   Data   RW         1366    .data               CH57xBLE.LIB(aes.o)
    0x2000059c   COMPRESSED   0x00000004   Data   RW         1379    .data               CH57xBLE.LIB(bb.o)
    0x200005a0   COMPRESSED   0x00000004   Data   RW         1388    .data               CH57xBLE.LIB(dma.o)
    0x200005a4   COMPRESSED   0x00000004   Data   RW         1398    .data               CH57xBLE.LIB(rfend.o)
    0x200005a8   COMPRESSED   0x00000004   Data   RW         1795    .data               CH57xBLE.LIB(host_input.o)
    0x200005ac   COMPRESSED   0x00000008   Data   RW         1926    .data               CH57xBLE.LIB(att.o)
    0x200005b4   COMPRESSED   0x0000001c   Data   RW         2106    .data               CH57xBLE.LIB(gap_central.o)
    0x200005d0   COMPRESSED   0x00000014   Data   RW         2146    .data               CH57xBLE.LIB(gap_peripheral.o)
    0x200005e4   COMPRESSED   0x00000014   Data   RW         2204    .data               CH57xBLE.LIB(l2cap.o)
    0x200005f8   COMPRESSED   0x00000024   Data   RW         2355    .data               CH57xBLE.LIB(sm.o)
    0x2000061c   COMPRESSED   0x00000004   Data   RW         2447    .data               CH57xBLE.LIB(broadcaster.o)
    0x20000620   COMPRESSED   0x00000004   Data   RW         2476    .data               CH57xBLE.LIB(ll.o)
    0x20000624   COMPRESSED   0x00000008   Data   RW         2918    .data               CH57xBLE.LIB(aes_soft.o)
    0x2000062c   COMPRESSED   0x00000004   Data   RW         3242    .data               mc_p.l(stdout.o)
    0x20000630        -       0x00002000   Zero   RW            4    .bss                centperi_main.o
    0x20002630        -       0x00000050   Zero   RW          128    .bss                central.o
    0x20002680        -       0x00000010   Zero   RW          200    .bss                gattprofile.o
    0x20002690        -       0x00000068   Zero   RW          518    .bss                CH57xBLE.LIB(tmos.o)
    0x200026f8        -       0x0000002c   Zero   RW          647    .bss                CH57xBLE.LIB(ip.o)
    0x20002724        -       0x00000054   Zero   RW          733    .bss                CH57xBLE.LIB(gap.o)
    0x20002778        -       0x00000016   Zero   RW          808    .bss                CH57xBLE.LIB(gapgattserver.o)
    0x2000278e   COMPRESSED   0x00000002   PAD
    0x20002790        -       0x00000036   Zero   RW         1042    .bss                CH57xBLE.LIB(gattservapp.o)
    0x200027c6   COMPRESSED   0x00000002   PAD
    0x200027c8        -       0x00000030   Zero   RW         1142    .bss                CH57xBLE.LIB(linkdb.o)
    0x200027f8        -       0x00000020   Zero   RW         1184    .bss                CH57xBLE.LIB(peripheral.o)
    0x20002818        -       0x00000020   Zero   RW         1236    .bss                CH57xBLE.LIB(gapbondmgr.o)
    0x20002838        -       0x0000003f   Zero   RW         1314    .bss                CH57xBLE.LIB(role.o)
    0x20002877   COMPRESSED   0x00000001   PAD
    0x20002878        -       0x0000000c   Zero   RW         2145    .bss                CH57xBLE.LIB(gap_peripheral.o)
    0x20002884        -       0x00000030   Zero   RW         2203    .bss                CH57xBLE.LIB(l2cap.o)
    0x200028b4        -       0x000000bc   Zero   RW         2474    .bss                CH57xBLE.LIB(ll.o)
    0x20002970        -       0x000000b0   Zero   RW         2916    .bss                CH57xBLE.LIB(aes_soft.o)


==============================================================================

Image component sizes


      Code (inc. data)   RO Data    RW Data    ZI Data      Debug   Object Name

        80         12          0          0       8192      43804   centperi_main.o
      2580        692         21         44         80       7448   central.o
      1628         58          0          0          0      46229   ch57x_clk.o
       644         20          0          0          0       1639   ch57x_gpio.o
       304         18          0          0          0       2197   ch57x_sys.o
       200          4          0          0          0       1615   ch57x_uart1.o
       736         66        141        340          0       4025   devinfoservice.o
       820         72         20        392         16       5523   gattprofile.o
       628        110          0          1          0      38226   mcu.o
      1412        372          0         92          0       5164   peripheral.o
       184         16          0          8          0       6816   rtc.o
        28         10        144          0          0        576   startup_armcm0.o

    ----------------------------------------------------------------------
      9244       1450        364        880       8288     163262   Object Totals
         0          0         32          0          0          0   (incl. Generated)
         0          0          6          3          0          0   (incl. Padding)

    ----------------------------------------------------------------------

      Code (inc. data)   RO Data    RW Data    ZI Data      Debug   Library Member Name

       688         30          0          4          0        288   aes.o
       598         50        767          8        176        620   aes_soft.o
       876        122          0          0          0       1828   api_c.o
       610         48         16          8          0        904   att.o
       768         50          0          0          0       1692   att_client.o
      1054         58          0          0          0       2160   att_server.o
       144         48          0          4          0        188   bb.o
         0          0          0          4          0          0   broadcaster.o
       650        114          0          8          0        572   central.o
      3298        122          0          0          0       1980   ctl_input.o
       236          0          0          0          0       1404   ctl_output.o
        48         10          0          4          0         60   dma.o
      4130        274          0         42         84       3876   gap.o
      2028        138          0         28          0       1080   gap_central.o
      1496        194          0         20         12        952   gap_peripheral.o
      4882        260          0         68         32       2772   gapbondmgr.o
      1280         92          8        176         22        592   gapgattserver.o
      1994        138          0         12          0       2156   gatt.o
         0          0         44          0          0          0   gatt_uuid.o
      1980        102          0          8          0       1168   gattclientapp.o
      6834        304         96        112         54       4540   gattservapp.o
      1298        100          0          4          0       1440   host_input.o
       344          6          0          0          0       1816   host_output.o
      1770        212         20          0         44       1104   ip.o
      1472        114          0         20         48       1732   l2cap.o
      1378         26          0          0          0        820   l2cap_input.o
      1988         92          0          0          0       1304   l2cap_output.o
       476         36          0          0          0        724   l2cap_sdu.o
      1070        112          0          8         48       1420   linkdb.o
       524         40         23          4        188        216   ll.o
       596         34          0          0          0        372   ll_address.o
      1966        120          0          0          0        996   ll_advertise.o
      3392        178          0          0          0       2528   ll_connect.o
       292         22          0          0          0        272   ll_core.o
       248          0          0          0          0        204   ll_hop.o
      1964        164          0          0          0       1048   ll_initiate.o
      3968        100          0          0          0        984   ll_master.o
      1966         28          0          0          0       1880   ll_pdu.o
      1378         18          0          0          0        156   ll_report.o
       450         40          0          0          0        580   ll_resolvinglist.o
      1814        166          0          0          0        940   ll_scan.o
      4392        128          0          0          0       1332   ll_slave.o
       204         16          0          0          0        280   ll_whitelist.o
       404         26          0          4          0        212   lle.o
       416         40          0         12          0        300   memory.o
       320         18          0          4          0        400   message.o
      1238        220          0          4         32        444   peripheral.o
      3556         30          0          4          0        344   rfend.o
       932        128          0         67         63        556   role.o
      7636        254         41         36          0       5624   sm.o
      1986        166          0         24        104       1980   tmos.o
       814        114          0          0          0       1100   tmos_hw.o
       584         38          0          0          0        428   tmos_snv.o
        86          0          0          0          0          0   __dczerorl2.o
         0          0          0          0          0          0   entry.o
         0          0          0          0          0          0   entry10a.o
         0          0          0          0          0          0   entry11a.o
         8          4          0          0          0          0   entry2.o
         4          0          0          0          0          0   entry5.o
         0          0          0          0          0          0   entry7b.o
         0          0          0          0          0          0   entry8b.o
         8          4          0          0          0          0   entry9a.o
        30          0          0          0          0          0   handlers.o
        40          0          0          0          0         72   idiv.o
        36          8          0          0          0         68   init.o
       122          0          0          0          0         84   llmul.o
        32          0          0          0          0         68   llshl.o
        34          0          0          0          0         68   llushr.o
        36          0          0          0          0         60   memcpya.o
      1172         52          0          0          0        324   printf8.o
         0          0          0          4          0          0   stdout.o
        44          0          0          0          0         72   uidiv.o
        96          0          0          0          0         84   uldiv.o

    ----------------------------------------------------------------------
     86288       5008       1016        704        912      63268   Library Totals
       110          0          1          3          5          0   (incl. Padding)

    ----------------------------------------------------------------------

      Code (inc. data)   RO Data    RW Data    ZI Data      Debug   Library Name

     84430       4940       1015        697        907      62368   CH57xBLE.LIB
      1748         68          0          4          0        900   mc_p.l

    ----------------------------------------------------------------------
     86288       5008       1016        704        912      63268   Library Totals

    ----------------------------------------------------------------------

==============================================================================


      Code (inc. data)   RO Data    RW Data    ZI Data      Debug   

     95532       6458       1380       1584       9200     186934   Grand Totals
     95532       6458       1380        532       9200     186934   ELF Image Totals (compressed)
     95532       6458       1380        532          0          0   ROM Totals

==============================================================================

    Total RO  Size (Code + RO Data)                96912 (  94.64kB)
    Total RW  Size (RW Data + ZI Data)             10784 (  10.53kB)
    Total ROM Size (Code + RO Data + RW Data)      97444 (  95.16kB)

==============================================================================

